Archive member included to satisfy reference by file (symbol)

f:/work/arm-none-eabi-gcc/gcc-arm-none-eabi-10.3-2021.10-win32/gcc-arm-none-eabi-10.3-2021.10/bin/../lib/gcc/arm-none-eabi/10.3.1/thumb/v7e-m/nofp\libgcc.a(_arm_muldf3.o)
                              CMakeFiles/H750_CJSON.elf.dir/Core/Src/cJSON.c.obj (__aeabi_dmul)
f:/work/arm-none-eabi-gcc/gcc-arm-none-eabi-10.3-2021.10-win32/gcc-arm-none-eabi-10.3-2021.10/bin/../lib/gcc/arm-none-eabi/10.3.1/thumb/v7e-m/nofp\libgcc.a(_arm_mulsf3.o)
                              CMakeFiles/H750_CJSON.elf.dir/Core/Src/system_stm32h7xx.c.obj (__aeabi_fmul)
f:/work/arm-none-eabi-gcc/gcc-arm-none-eabi-10.3-2021.10-win32/gcc-arm-none-eabi-10.3-2021.10/bin/../lib/gcc/arm-none-eabi/10.3.1/thumb/v7e-m/nofp\libgcc.a(_arm_addsubdf3.o)
                              CMakeFiles/H750_CJSON.elf.dir/Core/Src/cJSON.c.obj (__aeabi_dsub)
f:/work/arm-none-eabi-gcc/gcc-arm-none-eabi-10.3-2021.10-win32/gcc-arm-none-eabi-10.3-2021.10/bin/../lib/gcc/arm-none-eabi/10.3.1/thumb/v7e-m/nofp\libgcc.a(_arm_cmpdf2.o)
                              CMakeFiles/H750_CJSON.elf.dir/Core/Src/cJSON.c.obj (__aeabi_dcmpeq)
f:/work/arm-none-eabi-gcc/gcc-arm-none-eabi-10.3-2021.10-win32/gcc-arm-none-eabi-10.3-2021.10/bin/../lib/gcc/arm-none-eabi/10.3.1/thumb/v7e-m/nofp\libgcc.a(_arm_unorddf2.o)
                              CMakeFiles/H750_CJSON.elf.dir/Core/Src/cJSON.c.obj (__aeabi_dcmpun)
f:/work/arm-none-eabi-gcc/gcc-arm-none-eabi-10.3-2021.10-win32/gcc-arm-none-eabi-10.3-2021.10/bin/../lib/gcc/arm-none-eabi/10.3.1/thumb/v7e-m/nofp\libgcc.a(_arm_fixdfsi.o)
                              CMakeFiles/H750_CJSON.elf.dir/Core/Src/cJSON.c.obj (__aeabi_d2iz)
f:/work/arm-none-eabi-gcc/gcc-arm-none-eabi-10.3-2021.10-win32/gcc-arm-none-eabi-10.3-2021.10/bin/../lib/gcc/arm-none-eabi/10.3.1/thumb/v7e-m/nofp\libgcc.a(_arm_addsubsf3.o)
                              CMakeFiles/H750_CJSON.elf.dir/Core/Src/system_stm32h7xx.c.obj (__aeabi_fadd)
f:/work/arm-none-eabi-gcc/gcc-arm-none-eabi-10.3-2021.10-win32/gcc-arm-none-eabi-10.3-2021.10/bin/../lib/gcc/arm-none-eabi/10.3.1/thumb/v7e-m/nofp\libgcc.a(_arm_muldivsf3.o)
                              CMakeFiles/H750_CJSON.elf.dir/Core/Src/system_stm32h7xx.c.obj (__aeabi_fdiv)
f:/work/arm-none-eabi-gcc/gcc-arm-none-eabi-10.3-2021.10-win32/gcc-arm-none-eabi-10.3-2021.10/bin/../lib/gcc/arm-none-eabi/10.3.1/thumb/v7e-m/nofp\libgcc.a(_arm_fixunssfsi.o)
                              CMakeFiles/H750_CJSON.elf.dir/Core/Src/system_stm32h7xx.c.obj (__aeabi_f2uiz)
f:/work/arm-none-eabi-gcc/gcc-arm-none-eabi-10.3-2021.10-win32/gcc-arm-none-eabi-10.3-2021.10/bin/../lib/gcc/arm-none-eabi/10.3.1/thumb/v7e-m/nofp\libgcc.a(_aeabi_uldivmod.o)
                              CMakeFiles/H750_CJSON.elf.dir/Drivers/STM32H7xx_HAL_Driver/Src/stm32h7xx_hal_uart.c.obj (__aeabi_uldivmod)
f:/work/arm-none-eabi-gcc/gcc-arm-none-eabi-10.3-2021.10-win32/gcc-arm-none-eabi-10.3-2021.10/bin/../lib/gcc/arm-none-eabi/10.3.1/thumb/v7e-m/nofp\libgcc.a(_udivmoddi4.o)
                              f:/work/arm-none-eabi-gcc/gcc-arm-none-eabi-10.3-2021.10-win32/gcc-arm-none-eabi-10.3-2021.10/bin/../lib/gcc/arm-none-eabi/10.3.1/thumb/v7e-m/nofp\libgcc.a(_aeabi_uldivmod.o) (__udivmoddi4)
f:/work/arm-none-eabi-gcc/gcc-arm-none-eabi-10.3-2021.10-win32/gcc-arm-none-eabi-10.3-2021.10/bin/../lib/gcc/arm-none-eabi/10.3.1/thumb/v7e-m/nofp\libgcc.a(_dvmd_tls.o)
                              f:/work/arm-none-eabi-gcc/gcc-arm-none-eabi-10.3-2021.10-win32/gcc-arm-none-eabi-10.3-2021.10/bin/../lib/gcc/arm-none-eabi/10.3.1/thumb/v7e-m/nofp\libgcc.a(_aeabi_uldivmod.o) (__aeabi_ldiv0)
f:/work/arm-none-eabi-gcc/gcc-arm-none-eabi-10.3-2021.10-win32/gcc-arm-none-eabi-10.3-2021.10/bin/../lib/gcc/arm-none-eabi/10.3.1/../../../../arm-none-eabi/lib/thumb/v7e-m/nofp\libg.a(lib_a-ctype_.o)
                              CMakeFiles/H750_CJSON.elf.dir/Core/Src/cJSON.c.obj (_ctype_)
f:/work/arm-none-eabi-gcc/gcc-arm-none-eabi-10.3-2021.10-win32/gcc-arm-none-eabi-10.3-2021.10/bin/../lib/gcc/arm-none-eabi/10.3.1/../../../../arm-none-eabi/lib/thumb/v7e-m/nofp\libg.a(lib_a-errno.o)
                              CMakeFiles/H750_CJSON.elf.dir/Core/Src/retarget.c.obj (__errno)
f:/work/arm-none-eabi-gcc/gcc-arm-none-eabi-10.3-2021.10-win32/gcc-arm-none-eabi-10.3-2021.10/bin/../lib/gcc/arm-none-eabi/10.3.1/../../../../arm-none-eabi/lib/thumb/v7e-m/nofp\libg.a(lib_a-exit.o)
                              f:/work/arm-none-eabi-gcc/gcc-arm-none-eabi-10.3-2021.10-win32/gcc-arm-none-eabi-10.3-2021.10/bin/../lib/gcc/arm-none-eabi/10.3.1/../../../../arm-none-eabi/lib/thumb/v7e-m/nofp/crt0.o (exit)
f:/work/arm-none-eabi-gcc/gcc-arm-none-eabi-10.3-2021.10-win32/gcc-arm-none-eabi-10.3-2021.10/bin/../lib/gcc/arm-none-eabi/10.3.1/../../../../arm-none-eabi/lib/thumb/v7e-m/nofp\libg.a(lib_a-impure.o)
[...]
Memory Configuration

Name             Origin             Length             Attributes
FLASH            0x08000000         0x00020000         xr
DTCMRAM          0x20000000         0x00020000         xrw
RAM_D1           0x24000000         0x00080000         xrw
RAM_D2           0x30000000         0x00048000         xrw
RAM_D3           0x38000000         0x00010000         xrw
ITCMRAM          0x00000000         0x00010000         xrw
*default*        0x00000000         0xffffffff

Linker script and memory map

LOAD f:/work/arm-none-eabi-gcc/gcc-arm-none-eabi-10.3-2021.10-win32/gcc-arm-none-eabi-10.3-2021.10/bin/../lib/gcc/arm-none-eabi/10.3.1/thumb/v7e-m/nofp/crti.o
LOAD f:/work/arm-none-eabi-gcc/gcc-arm-none-eabi-10.3-2021.10-win32/gcc-arm-none-eabi-10.3-2021.10/bin/../lib/gcc/arm-none-eabi/10.3.1/thumb/v7e-m/nofp/crtbegin.o
LOAD f:/work/arm-none-eabi-gcc/gcc-arm-none-eabi-10.3-2021.10-win32/gcc-arm-none-eabi-10.3-2021.10/bin/../lib/gcc/arm-none-eabi/10.3.1/../../../../arm-none-eabi/lib/thumb/v7e-m/nofp/crt0.o
LOAD CMakeFiles/H750_CJSON.elf.dir/Core/Src/Control_Adjustment.c.obj
LOAD CMakeFiles/H750_CJSON.elf.dir/Core/Src/Get_Parameters.c.obj
LOAD CMakeFiles/H750_CJSON.elf.dir/Core/Src/Judge.c.obj
LOAD CMakeFiles/H750_CJSON.elf.dir/Core/Src/SerialDataProcess.c.obj
LOAD CMakeFiles/H750_CJSON.elf.dir/Core/Src/Store_Information.c.obj
LOAD CMakeFiles/H750_CJSON.elf.dir/Core/Src/cJSON.c.obj
LOAD CMakeFiles/H750_CJSON.elf.dir/Core/Src/cJSON_Test.c.obj
LOAD CMakeFiles/H750_CJSON.elf.dir/Core/Src/gpio.c.obj
LOAD CMakeFiles/H750_CJSON.elf.dir/Core/Src/main.c.obj
LOAD CMakeFiles/H750_CJSON.elf.dir/Core/Src/retarget.c.obj
LOAD CMakeFiles/H750_CJSON.elf.dir/Core/Src/stm32h7xx_hal_msp.c.obj
LOAD CMakeFiles/H750_CJSON.elf.dir/Core/Src/stm32h7xx_it.c.obj
LOAD CMakeFiles/H750_CJSON.elf.dir/Core/Src/syscalls.c.obj
LOAD CMakeFiles/H750_CJSON.elf.dir/Core/Src/sysmem.c.obj
LOAD CMakeFiles/H750_CJSON.elf.dir/Core/Src/system_stm32h7xx.c.obj
LOAD CMakeFiles/H750_CJSON.elf.dir/Core/Src/usart.c.obj
LOAD CMakeFiles/H750_CJSON.elf.dir/Core/Startup/startup_stm32h750vbtx.s.obj
LOAD CMakeFiles/H750_CJSON.elf.dir/Drivers/STM32H7xx_HAL_Driver/Src/stm32h7xx_hal.c.obj
LOAD CMakeFiles/H750_CJSON.elf.dir/Drivers/STM32H7xx_HAL_Driver/Src/stm32h7xx_hal_cortex.c.obj
LOAD CMakeFiles/H750_CJSON.elf.dir/Drivers/STM32H7xx_HAL_Driver/Src/stm32h7xx_hal_dma.c.obj
LOAD CMakeFiles/H750_CJSON.elf.dir/Drivers/STM32H7xx_HAL_Driver/Src/stm32h7xx_hal_dma_ex.c.obj
LOAD CMakeFiles/H750_CJSON.elf.dir/Drivers/STM32H7xx_HAL_Driver/Src/stm32h7xx_hal_exti.c.obj
LOAD CMakeFiles/H750_CJSON.elf.dir/Drivers/STM32H7xx_HAL_Driver/Src/stm32h7xx_hal_flash.c.obj
LOAD CMakeFiles/H750_CJSON.elf.dir/Drivers/STM32H7xx_HAL_Driver/Src/stm32h7xx_hal_flash_ex.c.obj
LOAD CMakeFiles/H750_CJSON.elf.dir/Drivers/STM32H7xx_HAL_Driver/Src/stm32h7xx_hal_gpio.c.obj
LOAD CMakeFiles/H750_CJSON.elf.dir/Drivers/STM32H7xx_HAL_Driver/Src/stm32h7xx_hal_hsem.c.obj
LOAD CMakeFiles/H750_CJSON.elf.dir/Drivers/STM32H7xx_HAL_Driver/Src/stm32h7xx_hal_i2c.c.obj
LOAD CMakeFiles/H750_CJSON.elf.dir/Drivers/STM32H7xx_HAL_Driver/Src/stm32h7xx_hal_i2c_ex.c.obj
LOAD CMakeFiles/H750_CJSON.elf.dir/Drivers/STM32H7xx_HAL_Driver/Src/stm32h7xx_hal_mdma.c.obj
LOAD CMakeFiles/H750_CJSON.elf.dir/Drivers/STM32H7xx_HAL_Driver/Src/stm32h7xx_hal_pwr.c.obj
LOAD CMakeFiles/H750_CJSON.elf.dir/Drivers/STM32H7xx_HAL_Driver/Src/stm32h7xx_hal_pwr_ex.c.obj
LOAD CMakeFiles/H750_CJSON.elf.dir/Drivers/STM32H7xx_HAL_Driver/Src/stm32h7xx_hal_rcc.c.obj
LOAD CMakeFiles/H750_CJSON.elf.dir/Drivers/STM32H7xx_HAL_Driver/Src/stm32h7xx_hal_rcc_ex.c.obj
LOAD CMakeFiles/H750_CJSON.elf.dir/Drivers/STM32H7xx_HAL_Driver/Src/stm32h7xx_hal_tim.c.obj
LOAD CMakeFiles/H750_CJSON.elf.dir/Drivers/STM32H7xx_HAL_Driver/Src/stm32h7xx_hal_tim_ex.c.obj
LOAD CMakeFiles/H750_CJSON.elf.dir/Drivers/STM32H7xx_HAL_Driver/Src/stm32h7xx_hal_uart.c.obj
LOAD CMakeFiles/H750_CJSON.elf.dir/Drivers/STM32H7xx_HAL_Driver/Src/stm32h7xx_hal_uart_ex.c.obj
START GROUP
LOAD f:/work/arm-none-eabi-gcc/gcc-arm-none-eabi-10.3-2021.10-win32/gcc-arm-none-eabi-10.3-2021.10/bin/../lib/gcc/arm-none-eabi/10.3.1/thumb/v7e-m/nofp\libgcc.a
LOAD f:/work/arm-none-eabi-gcc/gcc-arm-none-eabi-10.3-2021.10-win32/gcc-arm-none-eabi-10.3-2021.10/bin/../lib/gcc/arm-none-eabi/10.3.1/../../../../arm-none-eabi/lib/thumb/v7e-m/nofp\libg.a
LOAD f:/work/arm-none-eabi-gcc/gcc-arm-none-eabi-10.3-2021.10-win32/gcc-arm-none-eabi-10.3-2021.10/bin/../lib/gcc/arm-none-eabi/10.3.1/../../../../arm-none-eabi/lib/thumb/v7e-m/nofp\libc.a
END GROUP
LOAD f:/work/arm-none-eabi-gcc/gcc-arm-none-eabi-10.3-2021.10-win32/gcc-arm-none-eabi-10.3-2021.10/bin/../lib/gcc/arm-none-eabi/10.3.1/thumb/v7e-m/nofp/crtend.o
LOAD f:/work/arm-none-eabi-gcc/gcc-arm-none-eabi-10.3-2021.10-win32/gcc-arm-none-eabi-10.3-2021.10/bin/../lib/gcc/arm-none-eabi/10.3.1/thumb/v7e-m/nofp/crtn.o
                0x24080000                _estack = (ORIGIN (RAM_D1) + LENGTH (RAM_D1))
                0x00000400                _Min_Heap_Size = 0x400
                0x00000400                _Min_Stack_Size = 0x400

.isr_vector     0x08000000      0x298
                0x08000000                . = ALIGN (0x4)
 *(.isr_vector)
 .isr_vector    0x08000000      0x298 CMakeFiles/H750_CJSON.elf.dir/Core/Startup/startup_stm32h750vbtx.s.obj
                0x08000000                g_pfnVectors
                0x08000298                . = ALIGN (0x4)

.text           0x080002c0     0xe6a4
                0x080002c0                . = ALIGN (0x4)
 *(.text)
 .text          0x080002c0       0x40 f:/work/arm-none-eabi-gcc/gcc-arm-none-eabi-10.3-2021.10-win32/gcc-arm-none-eabi-10.3-2021.10/bin/../lib/gcc/arm-none-eabi/10.3.1/thumb/v7e-m/nofp/crtbegin.o
 .text          0x08000300      0x378 f:/work/arm-none-eabi-gcc/gcc-arm-none-eabi-10.3-2021.10-win32/gcc-arm-none-eabi-10.3-2021.10/bin/../lib/gcc/arm-none-eabi/10.3.1/thumb/v7e-m/nofp\libgcc.a(_arm_addsubdf3.o)
                0x08000300                __aeabi_drsub
                0x08000308                __aeabi_dsub
                0x08000308                __subdf3
                0x0800030c                __aeabi_dadd
                0x0800030c                __adddf3
                0x08000584                __floatunsidf
                0x08000584                __aeabi_ui2d
                0x080005a4                __floatsidf
                0x080005a4                __aeabi_i2d
                0x080005c8                __aeabi_f2d
                0x080005c8                __extendsfdf2
                0x0800060c                __floatundidf
                0x0800060c                __aeabi_ul2d
                0x0800061c                __floatdidf
                0x0800061c                __aeabi_l2d
 .text          0x08000678      0x110 f:/work/arm-none-eabi-gcc/gcc-arm-none-eabi-10.3-2021.10-win32/gcc-arm-none-eabi-10.3-2021.10/bin/../lib/gcc/arm-none-eabi/10.3.1/thumb/v7e-m/nofp\libgcc.a(_arm_cmpdf2.o)
                0x08000678                __gtdf2
                0x08000678                __gedf2
                0x08000680                __ltdf2
                0x08000680                __ledf2
                0x08000688                __nedf2
                0x08000688                __eqdf2
                0x08000688                __cmpdf2
                0x08000704                __aeabi_cdrcmple
                0x08000714                __aeabi_cdcmpeq
                0x08000714                __aeabi_cdcmple
                0x08000724                __aeabi_dcmpeq
                0x08000738                __aeabi_dcmplt
                0x0800074c                __aeabi_dcmple
                0x08000760                __aeabi_dcmpge
                0x08000774                __aeabi_dcmpgt
 .text          0x08000788       0x2c f:/work/arm-none-eabi-gcc/gcc-arm-none-eabi-10.3-2021.10-win32/gcc-arm-none-eabi-10.3-2021.10/bin/../lib/gcc/arm-none-eabi/10.3.1/thumb/v7e-m/nofp\libgcc.a(_arm_unorddf2.o)
                0x08000788                __unorddf2
                0x08000788                __aeabi_dcmpun
 .text          0x080007b4       0x50 f:/work/arm-none-eabi-gcc/gcc-arm-none-eabi-10.3-2021.10-win32/gcc-arm-none-eabi-10.3-2021.10/bin/../lib/gcc/arm-none-eabi/10.3.1/thumb/v7e-m/nofp\libgcc.a(_arm_fixdfsi.o)
                0x080007b4                __aeabi_d2iz
                0x080007b4                __fixdfsi
 .text          0x08000804      0x21c f:/work/arm-none-eabi-gcc/gcc-arm-none-eabi-10.3-2021.10-win32/gcc-arm-none-eabi-10.3-2021.10/bin/../lib/gcc/arm-none-eabi/10.3.1/thumb/v7e-m/nofp\libgcc.a(_arm_addsubsf3.o)
                0x08000804                __aeabi_frsub
                0x0800080c                __subsf3
                0x0800080c                __aeabi_fsub
                0x08000810                __aeabi_fadd
                0x08000810                __addsf3
                0x08000970                __aeabi_ui2f
                0x08000970                __floatunsisf
                0x08000978                __aeabi_i2f
                0x08000978                __floatsisf
                0x08000994                __aeabi_ul2f
                0x08000994                __floatundisf
                0x080009a4                __aeabi_l2f
                0x080009a4                __floatdisf
 .text          0x08000a20      0x2a0 f:/work/arm-none-eabi-gcc/gcc-arm-none-eabi-10.3-2021.10-win32/gcc-arm-none-eabi-10.3-2021.10/bin/../lib/gcc/arm-none-eabi/10.3.1/thumb/v7e-m/nofp\libgcc.a(_arm_muldivsf3.o)
                0x08000a20                __mulsf3
                0x08000a20                __aeabi_fmul
                0x08000b88                __aeabi_fdiv
                0x08000b88                __divsf3
 .text          0x08000cc0       0x40 f:/work/arm-none-eabi-gcc/gcc-arm-none-eabi-10.3-2021.10-win32/gcc-arm-none-eabi-10.3-2021.10/bin/../lib/gcc/arm-none-eabi/10.3.1/thumb/v7e-m/nofp\libgcc.a(_arm_fixunssfsi.o)
                0x08000cc0                __fixunssfsi
                0x08000cc0                __aeabi_f2uiz
 .text          0x08000d00       0x30 f:/work/arm-none-eabi-gcc/gcc-arm-none-eabi-10.3-2021.10-win32/gcc-arm-none-eabi-10.3-2021.10/bin/../lib/gcc/arm-none-eabi/10.3.1/thumb/v7e-m/nofp\libgcc.a(_aeabi_uldivmod.o)
                0x08000d00                __aeabi_uldivmod
 .text          0x08000d30      0x2d0 f:/work/arm-none-eabi-gcc/gcc-arm-none-eabi-10.3-2021.10-win32/gcc-arm-none-eabi-10.3-2021.10/bin/../lib/gcc/arm-none-eabi/10.3.1/thumb/v7e-m/nofp\libgcc.a(_udivmoddi4.o)
                0x08000d30                __udivmoddi4
 .text          0x08001000        0x4 f:/work/arm-none-eabi-gcc/gcc-arm-none-eabi-10.3-2021.10-win32/gcc-arm-none-eabi-10.3-2021.10/bin/../lib/gcc/arm-none-eabi/10.3.1/thumb/v7e-m/nofp\libgcc.a(_dvmd_tls.o)
                0x08001000                __aeabi_idiv0
                0x08001000                __aeabi_ldiv0
 .text          0x08001004      0x134 f:/work/arm-none-eabi-gcc/gcc-arm-none-eabi-10.3-2021.10-win32/gcc-arm-none-eabi-10.3-2021.10/bin/../lib/gcc/arm-none-eabi/10.3.1/../../../../arm-none-eabi/lib/thumb/v7e-m/nofp\libg.a(lib_a-memcpy.o)
                0x08001004                memcpy
 *fill*         0x08001138        0x8 
 .text          0x08001140      0x2dc f:/work/arm-none-eabi-gcc/gcc-arm-none-eabi-10.3-2021.10-win32/gcc-arm-none-eabi-10.3-2021.10/bin/../lib/gcc/arm-none-eabi/10.3.1/../../../../arm-none-eabi/lib/thumb/v7e-m/nofp\libg.a(lib_a-strcmp.o)
                0x08001148                strcmp
 *fill*         0x0800141c       0x24 
 .text          0x08001440       0xdc f:/work/arm-none-eabi-gcc/gcc-arm-none-eabi-10.3-2021.10-win32/gcc-arm-none-eabi-10.3-2021.10/bin/../lib/gcc/arm-none-eabi/10.3.1/../../../../arm-none-eabi/lib/thumb/v7e-m/nofp\libg.a(lib_a-strlen.o)
                0x08001440                strlen
 *fill*         0x0800151c        0x4 
 .text          0x08001520       0xa0 f:/work/arm-none-eabi-gcc/gcc-arm-none-eabi-10.3-2021.10-win32/gcc-arm-none-eabi-10.3-2021.10/bin/../lib/gcc/arm-none-eabi/10.3.1/../../../../arm-none-eabi/lib/thumb/v7e-m/nofp\libg.a(lib_a-memchr.o)
                0x08001520                memchr
 .text          0x080015c0      0x424 f:/work/arm-none-eabi-gcc/gcc-arm-none-eabi-10.3-2021.10-win32/gcc-arm-none-eabi-10.3-2021.10/bin/../lib/gcc/arm-none-eabi/10.3.1/thumb/v7e-m/nofp\libgcc.a(_arm_muldivdf3.o)
                0x080015c0                __aeabi_dmul
                0x080015c0                __muldf3
                0x08001814                __divdf3
                0x08001814                __aeabi_ddiv
 .text          0x080019e4       0x40 f:/work/arm-none-eabi-gcc/gcc-arm-none-eabi-10.3-2021.10-win32/gcc-arm-none-eabi-10.3-2021.10/bin/../lib/gcc/arm-none-eabi/10.3.1/thumb/v7e-m/nofp\libgcc.a(_arm_fixunsdfsi.o)
                0x080019e4                __aeabi_d2uiz
                0x080019e4                __fixunsdfsi
 .text          0x08001a24       0x34 f:/work/arm-none-eabi-gcc/gcc-arm-none-eabi-10.3-2021.10-win32/gcc-arm-none-eabi-10.3-2021.10/bin/../lib/gcc/arm-none-eabi/10.3.1/thumb/v7e-m/nofp\libgcc.a(_fixdfdi.o)
                0x08001a24                __fixdfdi
                0x08001a24                __aeabi_d2lz
 .text          0x08001a58       0x3c f:/work/arm-none-eabi-gcc/gcc-arm-none-eabi-10.3-2021.10-win32/gcc-arm-none-eabi-10.3-2021.10/bin/../lib/gcc/arm-none-eabi/10.3.1/thumb/v7e-m/nofp\libgcc.a(_fixunsdfdi.o)
                0x08001a58                __fixunsdfdi
                0x08001a58                __aeabi_d2ulz
 *(.text*)
 .text.Control_St
                0x08001a94       0x10 CMakeFiles/H750_CJSON.elf.dir/Core/Src/Control_Adjustment.c.obj
                0x08001a94                Control_St
 .text.Get_Temperature
                0x08001aa4        0x6 CMakeFiles/H750_CJSON.elf.dir/Core/Src/Get_Parameters.c.obj
                0x08001aa4                Get_Temperature
 *fill*         0x08001aaa        0x2 
 .text.Judge    0x08001aac       0x70 CMakeFiles/H750_CJSON.elf.dir/Core/Src/Judge.c.obj
                0x08001aac                Judge
 .text.SerialDataProcess
                0x08001b1c       0x40 CMakeFiles/H750_CJSON.elf.dir/Core/Src/SerialDataProcess.c.obj
                0x08001b1c                SerialDataProcess
 .text.Printf_Pn_Number
                0x08001b5c       0x1c CMakeFiles/H750_CJSON.elf.dir/Core/Src/Store_Information.c.obj
                0x08001b5c                Printf_Pn_Number
 .text.Printf_Sn_Number
                0x08001b78       0x20 CMakeFiles/H750_CJSON.elf.dir/Core/Src/Store_Information.c.obj
                0x08001b78                Printf_Sn_Number
 .text.Printf_Product_Time
                0x08001b98       0x20 CMakeFiles/H750_CJSON.elf.dir/Core/Src/Store_Information.c.obj
                0x08001b98                Printf_Product_Time
 .text.Printf_Manufacturer
                0x08001bb8       0x20 CMakeFiles/H750_CJSON.elf.dir/Core/Src/Store_Information.c.obj
                0x08001bb8                Printf_Manufacturer
 .text.Printf_Device_Pixel_Length
                0x08001bd8       0x18 CMakeFiles/H750_CJSON.elf.dir/Core/Src/Store_Information.c.obj
                0x08001bd8                Printf_Device_Pixel_Length
 .text.case_insensitive_strcmp
                0x08001bf0       0x64 CMakeFiles/H750_CJSON.elf.dir/Core/Src/cJSON.c.obj
 .text.get_decimal_point
                0x08001c54        0x4 CMakeFiles/H750_CJSON.elf.dir/Core/Src/cJSON.c.obj
 .text.parse_hex4
                0x08001c58       0x4c CMakeFiles/H750_CJSON.elf.dir/Core/Src/cJSON.c.obj
 .text.utf16_literal_to_utf8
                0x08001ca4       0xec CMakeFiles/H750_CJSON.elf.dir/Core/Src/cJSON.c.obj
 .text.parse_string
                0x08001d90      0x15c CMakeFiles/H750_CJSON.elf.dir/Core/Src/cJSON.c.obj
 .text.buffer_skip_whitespace
                0x08001eec       0x3c CMakeFiles/H750_CJSON.elf.dir/Core/Src/cJSON.c.obj
 .text.cJSON_New_Item
                0x08001f28       0x18 CMakeFiles/H750_CJSON.elf.dir/Core/Src/cJSON.c.obj
 .text.skip_utf8_bom
                0x08001f40       0x38 CMakeFiles/H750_CJSON.elf.dir/Core/Src/cJSON.c.obj
 .text.parse_number
                0x08001f78      0x164 CMakeFiles/H750_CJSON.elf.dir/Core/Src/cJSON.c.obj
 .text.get_object_item
                0x080020dc       0x4c CMakeFiles/H750_CJSON.elf.dir/Core/Src/cJSON.c.obj
 .text.cJSON_Delete
                0x08002128       0x54 CMakeFiles/H750_CJSON.elf.dir/Core/Src/cJSON.c.obj
                0x08002128                cJSON_Delete
 .text.parse_object
                0x0800217c      0x130 CMakeFiles/H750_CJSON.elf.dir/Core/Src/cJSON.c.obj
 .text.parse_value
                0x080022ac      0x108 CMakeFiles/H750_CJSON.elf.dir/Core/Src/cJSON.c.obj
 .text.parse_array
                0x080023b4       0xec CMakeFiles/H750_CJSON.elf.dir/Core/Src/cJSON.c.obj
 .text.cJSON_ParseWithLengthOpts
                0x080024a0       0xd0 CMakeFiles/H750_CJSON.elf.dir/Core/Src/cJSON.c.obj
                0x080024a0                cJSON_ParseWithLengthOpts
 .text.cJSON_ParseWithOpts
                0x08002570       0x1c CMakeFiles/H750_CJSON.elf.dir/Core/Src/cJSON.c.obj
                0x08002570                cJSON_ParseWithOpts
 .text.cJSON_Parse
                0x0800258c        0xc CMakeFiles/H750_CJSON.elf.dir/Core/Src/cJSON.c.obj
                0x0800258c                cJSON_Parse
 .text.cJSON_GetObjectItem
                0x08002598        0xa CMakeFiles/H750_CJSON.elf.dir/Core/Src/cJSON.c.obj
                0x08002598                cJSON_GetObjectItem
 *fill*         0x080025a2        0x2 
 .text.cjson    0x080025a4      0x158 CMakeFiles/H750_CJSON.elf.dir/Core/Src/cJSON_Test.c.obj
                0x080025a4                cjson
 .text.GetParametesptr
                0x080026fc        0x8 CMakeFiles/H750_CJSON.elf.dir/Core/Src/cJSON_Test.c.obj
                0x080026fc                GetParametesptr
 .text.MX_GPIO_Init
                0x08002704       0x88 CMakeFiles/H750_CJSON.elf.dir/Core/Src/gpio.c.obj
                0x08002704                MX_GPIO_Init
 .text.Error_Handler
                0x0800278c        0x4 CMakeFiles/H750_CJSON.elf.dir/Core/Src/main.c.obj
                0x0800278c                Error_Handler
 .text.SystemClock_Config
                0x08002790      0x110 CMakeFiles/H750_CJSON.elf.dir/Core/Src/main.c.obj
                0x08002790                SystemClock_Config
 .text.main     0x080028a0       0xcc CMakeFiles/H750_CJSON.elf.dir/Core/Src/main.c.obj
                0x080028a0                main
 .text.RetargetInit
                0x0800296c       0x20 CMakeFiles/H750_CJSON.elf.dir/Core/Src/retarget.c.obj
                0x0800296c                RetargetInit
 .text._isatty  0x0800298c       0x16 CMakeFiles/H750_CJSON.elf.dir/Core/Src/retarget.c.obj
                0x0800298c                _isatty
 *fill*         0x080029a2        0x2 
 .text._write   0x080029a4       0x34 CMakeFiles/H750_CJSON.elf.dir/Core/Src/retarget.c.obj
                0x080029a4                _write
 .text._close   0x080029d8       0x18 CMakeFiles/H750_CJSON.elf.dir/Core/Src/retarget.c.obj
                0x080029d8                _close
 .text._lseek   0x080029f0       0x10 CMakeFiles/H750_CJSON.elf.dir/Core/Src/retarget.c.obj
                0x080029f0                _lseek
 .text._read    0x08002a00       0x30 CMakeFiles/H750_CJSON.elf.dir/Core/Src/retarget.c.obj
                0x08002a00                _read
 .text._fstat   0x08002a30       0x1a CMakeFiles/H750_CJSON.elf.dir/Core/Src/retarget.c.obj
                0x08002a30                _fstat
 *fill*         0x08002a4a        0x2 
 .text.HAL_MspInit
                0x08002a4c       0x24 CMakeFiles/H750_CJSON.elf.dir/Core/Src/stm32h7xx_hal_msp.c.obj
                0x08002a4c                HAL_MspInit
 .text.NMI_Handler
                0x08002a70        0x2 CMakeFiles/H750_CJSON.elf.dir/Core/Src/stm32h7xx_it.c.obj
                0x08002a70                NMI_Handler
 .text.HardFault_Handler
                0x08002a72        0x2 CMakeFiles/H750_CJSON.elf.dir/Core/Src/stm32h7xx_it.c.obj
                0x08002a72                HardFault_Handler
 .text.MemManage_Handler
                0x08002a74        0x2 CMakeFiles/H750_CJSON.elf.dir/Core/Src/stm32h7xx_it.c.obj
                0x08002a74                MemManage_Handler
 .text.BusFault_Handler
                0x08002a76        0x2 CMakeFiles/H750_CJSON.elf.dir/Core/Src/stm32h7xx_it.c.obj
                0x08002a76                BusFault_Handler
 .text.UsageFault_Handler
                0x08002a78        0x2 CMakeFiles/H750_CJSON.elf.dir/Core/Src/stm32h7xx_it.c.obj
                0x08002a78                UsageFault_Handler
 .text.SVC_Handler
                0x08002a7a        0x2 CMakeFiles/H750_CJSON.elf.dir/Core/Src/stm32h7xx_it.c.obj
                0x08002a7a                SVC_Handler
 .text.DebugMon_Handler
                0x08002a7c        0x2 CMakeFiles/H750_CJSON.elf.dir/Core/Src/stm32h7xx_it.c.obj
                0x08002a7c                DebugMon_Handler
 .text.PendSV_Handler
                0x08002a7e        0x2 CMakeFiles/H750_CJSON.elf.dir/Core/Src/stm32h7xx_it.c.obj
                0x08002a7e                PendSV_Handler
 .text.SysTick_Handler
                0x08002a80        0x8 CMakeFiles/H750_CJSON.elf.dir/Core/Src/stm32h7xx_it.c.obj
                0x08002a80                SysTick_Handler
 .text.USART1_IRQHandler
                0x08002a88       0x10 CMakeFiles/H750_CJSON.elf.dir/Core/Src/stm32h7xx_it.c.obj
                0x08002a88                USART1_IRQHandler
 .text.USART3_IRQHandler
                0x08002a98       0x10 CMakeFiles/H750_CJSON.elf.dir/Core/Src/stm32h7xx_it.c.obj
                0x08002a98                USART3_IRQHandler
 .text._getpid  0x08002aa8        0x4 CMakeFiles/H750_CJSON.elf.dir/Core/Src/syscalls.c.obj
                0x08002aa8                _getpid
 .text._kill    0x08002aac       0x10 CMakeFiles/H750_CJSON.elf.dir/Core/Src/syscalls.c.obj
                0x08002aac                _kill
 .text._exit    0x08002abc        0xc CMakeFiles/H750_CJSON.elf.dir/Core/Src/syscalls.c.obj
                0x08002abc                _exit
 .text._sbrk    0x08002ac8       0x48 CMakeFiles/H750_CJSON.elf.dir/Core/Src/sysmem.c.obj
                0x08002ac8                _sbrk
 .text.SystemInit
                0x08002b10       0xbc CMakeFiles/H750_CJSON.elf.dir/Core/Src/system_stm32h7xx.c.obj
                0x08002b10                SystemInit
 .text.MX_USART1_UART_Init
                0x08002bcc       0x78 CMakeFiles/H750_CJSON.elf.dir/Core/Src/usart.c.obj
                0x08002bcc                MX_USART1_UART_Init
 .text.MX_USART3_UART_Init
                0x08002c44       0x78 CMakeFiles/H750_CJSON.elf.dir/Core/Src/usart.c.obj
                0x08002c44                MX_USART3_UART_Init
 .text.HAL_UART_MspInit
                0x08002cbc      0x12c CMakeFiles/H750_CJSON.elf.dir/Core/Src/usart.c.obj
                0x08002cbc                HAL_UART_MspInit
 .text.HAL_UART_RxCpltCallback
                0x08002de8       0x88 CMakeFiles/H750_CJSON.elf.dir/Core/Src/usart.c.obj
                0x08002de8                HAL_UART_RxCpltCallback
 .text.Reset_Handler
                0x08002e70       0x50 CMakeFiles/H750_CJSON.elf.dir/Core/Startup/startup_stm32h750vbtx.s.obj
                0x08002e70                Reset_Handler
 .text.Default_Handler
                0x08002ec0        0x2 CMakeFiles/H750_CJSON.elf.dir/Core/Startup/startup_stm32h750vbtx.s.obj
                0x08002ec0                RTC_Alarm_IRQHandler
                0x08002ec0                HASH_RNG_IRQHandler
                0x08002ec0                EXTI2_IRQHandler
                0x08002ec0                TIM8_CC_IRQHandler
                0x08002ec0                HRTIM1_Master_IRQHandler
                0x08002ec0                UART8_IRQHandler
                0x08002ec0                SPI4_IRQHandler
                0x08002ec0                TIM1_CC_IRQHandler
                0x08002ec0                BDMA_Channel6_IRQHandler
                0x08002ec0                DMA2_Stream5_IRQHandler
                0x08002ec0                HRTIM1_FLT_IRQHandler
                0x08002ec0                JPEG_IRQHandler
                0x08002ec0                DMA1_Stream5_IRQHandler
                0x08002ec0                BDMA_Channel1_IRQHandler
                0x08002ec0                HRTIM1_TIMD_IRQHandler
                0x08002ec0                TAMP_STAMP_IRQHandler
                0x08002ec0                EXTI3_IRQHandler
                0x08002ec0                LPTIM4_IRQHandler
                0x08002ec0                TIM8_TRG_COM_TIM14_IRQHandler
                0x08002ec0                LPTIM2_IRQHandler
                0x08002ec0                DFSDM1_FLT1_IRQHandler
                0x08002ec0                DMAMUX2_OVR_IRQHandler
                0x08002ec0                TIM8_UP_TIM13_IRQHandler
                0x08002ec0                I2C3_ER_IRQHandler
                0x08002ec0                DFSDM1_FLT2_IRQHandler
                0x08002ec0                MDMA_IRQHandler
                0x08002ec0                LPTIM3_IRQHandler
                0x08002ec0                HSEM1_IRQHandler
                0x08002ec0                EXTI0_IRQHandler
                0x08002ec0                I2C2_EV_IRQHandler
                0x08002ec0                DMA1_Stream2_IRQHandler
                0x08002ec0                FPU_IRQHandler
                0x08002ec0                OTG_HS_WKUP_IRQHandler
                0x08002ec0                FDCAN1_IT1_IRQHandler
                0x08002ec0                LTDC_ER_IRQHandler
                0x08002ec0                DMA2_Stream2_IRQHandler
                0x08002ec0                HRTIM1_TIME_IRQHandler
                0x08002ec0                SPI1_IRQHandler
                0x08002ec0                TIM6_DAC_IRQHandler
                0x08002ec0                DCMI_IRQHandler
                0x08002ec0                HRTIM1_TIMC_IRQHandler
                0x08002ec0                DMA2_Stream3_IRQHandler
                0x08002ec0                SAI2_IRQHandler
                0x08002ec0                DFSDM1_FLT3_IRQHandler
                0x08002ec0                USART6_IRQHandler
                0x08002ec0                TIM17_IRQHandler
                0x08002ec0                BDMA_Channel7_IRQHandler
                0x08002ec0                CRYP_IRQHandler
                0x08002ec0                LPTIM5_IRQHandler
                0x08002ec0                UART5_IRQHandler
                0x08002ec0                ADC3_IRQHandler
                0x08002ec0                DMA2_Stream0_IRQHandler
                0x08002ec0                TIM4_IRQHandler
                0x08002ec0                BDMA_Channel2_IRQHandler
                0x08002ec0                QUADSPI_IRQHandler
                0x08002ec0                I2C1_EV_IRQHandler
                0x08002ec0                DMA1_Stream6_IRQHandler
                0x08002ec0                DMAMUX1_OVR_IRQHandler
                0x08002ec0                DMA1_Stream1_IRQHandler
                0x08002ec0                TIM16_IRQHandler
                0x08002ec0                UART4_IRQHandler
                0x08002ec0                BDMA_Channel5_IRQHandler
                0x08002ec0                TIM3_IRQHandler
                0x08002ec0                RCC_IRQHandler
                0x08002ec0                TIM8_BRK_TIM12_IRQHandler
                0x08002ec0                TIM1_TRG_COM_IRQHandler
                0x08002ec0                Default_Handler
                0x08002ec0                ECC_IRQHandler
                0x08002ec0                CEC_IRQHandler
                0x08002ec0                EXTI15_10_IRQHandler
                0x08002ec0                BDMA_Channel0_IRQHandler
                0x08002ec0                ADC_IRQHandler
                0x08002ec0                DMA1_Stream7_IRQHandler
                0x08002ec0                HRTIM1_TIMA_IRQHandler
                0x08002ec0                SPI5_IRQHandler
                0x08002ec0                TIM7_IRQHandler
                0x08002ec0                SDMMC1_IRQHandler
                0x08002ec0                TIM5_IRQHandler
                0x08002ec0                DMA2_Stream7_IRQHandler
                0x08002ec0                TIM15_IRQHandler
                0x08002ec0                PVD_AVD_IRQHandler
                0x08002ec0                I2C3_EV_IRQHandler
                0x08002ec0                EXTI9_5_IRQHandler
                0x08002ec0                RTC_WKUP_IRQHandler
                0x08002ec0                LTDC_IRQHandler
                0x08002ec0                SAI3_IRQHandler
                0x08002ec0                ETH_WKUP_IRQHandler
                0x08002ec0                SPDIF_RX_IRQHandler
                0x08002ec0                SPI2_IRQHandler
                0x08002ec0                OTG_HS_EP1_IN_IRQHandler
                0x08002ec0                DMA1_Stream0_IRQHandler
                0x08002ec0                CRS_IRQHandler
                0x08002ec0                EXTI4_IRQHandler
                0x08002ec0                HRTIM1_TIMB_IRQHandler
                0x08002ec0                FDCAN2_IT1_IRQHandler
                0x08002ec0                ETH_IRQHandler
                0x08002ec0                TIM1_UP_IRQHandler
                0x08002ec0                BDMA_Channel4_IRQHandler
                0x08002ec0                OTG_HS_EP1_OUT_IRQHandler
                0x08002ec0                WWDG_IRQHandler
                0x08002ec0                SPI6_IRQHandler
                0x08002ec0                MDIOS_IRQHandler
                0x08002ec0                I2C4_EV_IRQHandler
                0x08002ec0                FDCAN2_IT0_IRQHandler
                0x08002ec0                LPUART1_IRQHandler
                0x08002ec0                FDCAN1_IT0_IRQHandler
                0x08002ec0                TIM2_IRQHandler
                0x08002ec0                OTG_FS_WKUP_IRQHandler
                0x08002ec0                OTG_HS_IRQHandler
                0x08002ec0                DMA2D_IRQHandler
                0x08002ec0                TIM1_BRK_IRQHandler
                0x08002ec0                EXTI1_IRQHandler
                0x08002ec0                SDMMC2_IRQHandler
                0x08002ec0                OTG_FS_EP1_OUT_IRQHandler
                0x08002ec0                BDMA_Channel3_IRQHandler
                0x08002ec0                UART7_IRQHandler
                0x08002ec0                MDIOS_WKUP_IRQHandler
                0x08002ec0                USART2_IRQHandler
                0x08002ec0                DFSDM1_FLT0_IRQHandler
                0x08002ec0                SAI4_IRQHandler
                0x08002ec0                I2C2_ER_IRQHandler
                0x08002ec0                DMA2_Stream1_IRQHandler
                0x08002ec0                FLASH_IRQHandler
                0x08002ec0                DMA2_Stream4_IRQHandler
                0x08002ec0                OTG_FS_IRQHandler
                0x08002ec0                SPI3_IRQHandler
                0x08002ec0                WAKEUP_PIN_IRQHandler
                0x08002ec0                DMA1_Stream4_IRQHandler
                0x08002ec0                OTG_FS_EP1_IN_IRQHandler
                0x08002ec0                I2C1_ER_IRQHandler
                0x08002ec0                FMC_IRQHandler
                0x08002ec0                FDCAN_CAL_IRQHandler
                0x08002ec0                SWPMI1_IRQHandler
                0x08002ec0                COMP1_IRQHandler
                0x08002ec0                LPTIM1_IRQHandler
                0x08002ec0                I2C4_ER_IRQHandler
                0x08002ec0                DMA2_Stream6_IRQHandler
                0x08002ec0                SAI1_IRQHandler
                0x08002ec0                DMA1_Stream3_IRQHandler
 *fill*         0x08002ec2        0x2 
 .text.HAL_InitTick
                0x08002ec4       0x50 CMakeFiles/H750_CJSON.elf.dir/Drivers/STM32H7xx_HAL_Driver/Src/stm32h7xx_hal.c.obj
                0x08002ec4                HAL_InitTick
 .text.HAL_Init
                0x08002f14       0x5c CMakeFiles/H750_CJSON.elf.dir/Drivers/STM32H7xx_HAL_Driver/Src/stm32h7xx_hal.c.obj
                0x08002f14                HAL_Init
 .text.HAL_IncTick
                0x08002f70       0x18 CMakeFiles/H750_CJSON.elf.dir/Drivers/STM32H7xx_HAL_Driver/Src/stm32h7xx_hal.c.obj
                0x08002f70                HAL_IncTick
 .text.HAL_GetTick
                0x08002f88        0xc CMakeFiles/H750_CJSON.elf.dir/Drivers/STM32H7xx_HAL_Driver/Src/stm32h7xx_hal.c.obj
                0x08002f88                HAL_GetTick
 .text.HAL_GetREVID
                0x08002f94        0xc CMakeFiles/H750_CJSON.elf.dir/Drivers/STM32H7xx_HAL_Driver/Src/stm32h7xx_hal.c.obj
                0x08002f94                HAL_GetREVID
 .text.HAL_NVIC_SetPriorityGrouping
                0x08002fa0       0x24 CMakeFiles/H750_CJSON.elf.dir/Drivers/STM32H7xx_HAL_Driver/Src/stm32h7xx_hal_cortex.c.obj
                0x08002fa0                HAL_NVIC_SetPriorityGrouping
 .text.HAL_NVIC_SetPriority
                0x08002fc4       0x6c CMakeFiles/H750_CJSON.elf.dir/Drivers/STM32H7xx_HAL_Driver/Src/stm32h7xx_hal_cortex.c.obj
                0x08002fc4                HAL_NVIC_SetPriority
 .text.HAL_NVIC_EnableIRQ
                0x08003030       0x1c CMakeFiles/H750_CJSON.elf.dir/Drivers/STM32H7xx_HAL_Driver/Src/stm32h7xx_hal_cortex.c.obj
                0x08003030                HAL_NVIC_EnableIRQ
 .text.HAL_SYSTICK_Config
                0x0800304c       0x28 CMakeFiles/H750_CJSON.elf.dir/Drivers/STM32H7xx_HAL_Driver/Src/stm32h7xx_hal_cortex.c.obj
                0x0800304c                HAL_SYSTICK_Config
 .text.HAL_DMA_Abort
                0x08003074      0x340 CMakeFiles/H750_CJSON.elf.dir/Drivers/STM32H7xx_HAL_Driver/Src/stm32h7xx_hal_dma.c.obj
                0x08003074                HAL_DMA_Abort
 .text.HAL_DMA_Abort_IT
                0x080033b4      0x270 CMakeFiles/H750_CJSON.elf.dir/Drivers/STM32H7xx_HAL_Driver/Src/stm32h7xx_hal_dma.c.obj
                0x080033b4                HAL_DMA_Abort_IT
 .text.HAL_GPIO_Init
                0x08003624      0x228 CMakeFiles/H750_CJSON.elf.dir/Drivers/STM32H7xx_HAL_Driver/Src/stm32h7xx_hal_gpio.c.obj
                0x08003624                HAL_GPIO_Init
 .text.HAL_GPIO_WritePin
                0x0800384c        0xc CMakeFiles/H750_CJSON.elf.dir/Drivers/STM32H7xx_HAL_Driver/Src/stm32h7xx_hal_gpio.c.obj
                0x0800384c                HAL_GPIO_WritePin
 .text.HAL_PWREx_ConfigSupply
                0x08003858       0x54 CMakeFiles/H750_CJSON.elf.dir/Drivers/STM32H7xx_HAL_Driver/Src/stm32h7xx_hal_pwr_ex.c.obj
                0x08003858                HAL_PWREx_ConfigSupply
 .text.HAL_RCC_OscConfig
                0x080038ac      0x6b4 CMakeFiles/H750_CJSON.elf.dir/Drivers/STM32H7xx_HAL_Driver/Src/stm32h7xx_hal_rcc.c.obj
                0x080038ac                HAL_RCC_OscConfig
 .text.HAL_RCC_GetSysClockFreq
                0x08003f60      0x218 CMakeFiles/H750_CJSON.elf.dir/Drivers/STM32H7xx_HAL_Driver/Src/stm32h7xx_hal_rcc.c.obj
                0x08003f60                HAL_RCC_GetSysClockFreq
 .text.HAL_RCC_ClockConfig
                0x08004178      0x294 CMakeFiles/H750_CJSON.elf.dir/Drivers/STM32H7xx_HAL_Driver/Src/stm32h7xx_hal_rcc.c.obj
                0x08004178                HAL_RCC_ClockConfig
 .text.HAL_RCC_GetHCLKFreq
                0x0800440c       0x44 CMakeFiles/H750_CJSON.elf.dir/Drivers/STM32H7xx_HAL_Driver/Src/stm32h7xx_hal_rcc.c.obj
                0x0800440c                HAL_RCC_GetHCLKFreq
 .text.HAL_RCC_GetPCLK1Freq
                0x08004450       0x24 CMakeFiles/H750_CJSON.elf.dir/Drivers/STM32H7xx_HAL_Driver/Src/stm32h7xx_hal_rcc.c.obj
                0x08004450                HAL_RCC_GetPCLK1Freq
 .text.HAL_RCC_GetPCLK2Freq
                0x08004474       0x24 CMakeFiles/H750_CJSON.elf.dir/Drivers/STM32H7xx_HAL_Driver/Src/stm32h7xx_hal_rcc.c.obj
                0x08004474                HAL_RCC_GetPCLK2Freq
 .text.RCCEx_PLL2_Config
                0x08004498      0x10c CMakeFiles/H750_CJSON.elf.dir/Drivers/STM32H7xx_HAL_Driver/Src/stm32h7xx_hal_rcc_ex.c.obj
 .text.RCCEx_PLL3_Config
                0x080045a4      0x10c CMakeFiles/H750_CJSON.elf.dir/Drivers/STM32H7xx_HAL_Driver/Src/stm32h7xx_hal_rcc_ex.c.obj
 .text.HAL_RCCEx_PeriphCLKConfig
                0x080046b0      0xa8c CMakeFiles/H750_CJSON.elf.dir/Drivers/STM32H7xx_HAL_Driver/Src/stm32h7xx_hal_rcc_ex.c.obj
                0x080046b0                HAL_RCCEx_PeriphCLKConfig
 .text.HAL_RCCEx_GetD3PCLK1Freq
                0x0800513c       0x24 CMakeFiles/H750_CJSON.elf.dir/Drivers/STM32H7xx_HAL_Driver/Src/stm32h7xx_hal_rcc_ex.c.obj
                0x0800513c                HAL_RCCEx_GetD3PCLK1Freq
 .text.HAL_RCCEx_GetPLL2ClockFreq
                0x08005160      0x234 CMakeFiles/H750_CJSON.elf.dir/Drivers/STM32H7xx_HAL_Driver/Src/stm32h7xx_hal_rcc_ex.c.obj
                0x08005160                HAL_RCCEx_GetPLL2ClockFreq
 .text.HAL_RCCEx_GetPLL3ClockFreq
                0x08005394      0x234 CMakeFiles/H750_CJSON.elf.dir/Drivers/STM32H7xx_HAL_Driver/Src/stm32h7xx_hal_rcc_ex.c.obj
                0x08005394                HAL_RCCEx_GetPLL3ClockFreq
 .text.UART_EndRxTransfer
                0x080055c8       0x58 CMakeFiles/H750_CJSON.elf.dir/Drivers/STM32H7xx_HAL_Driver/Src/stm32h7xx_hal_uart.c.obj
 .text.HAL_UART_TxCpltCallback
                0x08005620        0x2 CMakeFiles/H750_CJSON.elf.dir/Drivers/STM32H7xx_HAL_Driver/Src/stm32h7xx_hal_uart.c.obj
                0x08005620                HAL_UART_TxCpltCallback
 .text.UART_EndTransmit_IT
                0x08005622       0x24 CMakeFiles/H750_CJSON.elf.dir/Drivers/STM32H7xx_HAL_Driver/Src/stm32h7xx_hal_uart.c.obj
 .text.HAL_UART_ErrorCallback
                0x08005646        0x2 CMakeFiles/H750_CJSON.elf.dir/Drivers/STM32H7xx_HAL_Driver/Src/stm32h7xx_hal_uart.c.obj
                0x08005646                HAL_UART_ErrorCallback
 .text.UART_DMAAbortOnError
                0x08005648       0x14 CMakeFiles/H750_CJSON.elf.dir/Drivers/STM32H7xx_HAL_Driver/Src/stm32h7xx_hal_uart.c.obj
 .text.HAL_UARTEx_RxEventCallback
                0x0800565c        0x2 CMakeFiles/H750_CJSON.elf.dir/Drivers/STM32H7xx_HAL_Driver/Src/stm32h7xx_hal_uart.c.obj
                0x0800565c                HAL_UARTEx_RxEventCallback
 *fill*         0x0800565e        0x2 
 .text.HAL_UART_IRQHandler
                0x08005660      0x3b8 CMakeFiles/H750_CJSON.elf.dir/Drivers/STM32H7xx_HAL_Driver/Src/stm32h7xx_hal_uart.c.obj
                0x08005660                HAL_UART_IRQHandler
 .text.UART_RxISR_8BIT
                0x08005a18       0xdc CMakeFiles/H750_CJSON.elf.dir/Drivers/STM32H7xx_HAL_Driver/Src/stm32h7xx_hal_uart.c.obj
 .text.UART_RxISR_16BIT
                0x08005af4       0xd8 CMakeFiles/H750_CJSON.elf.dir/Drivers/STM32H7xx_HAL_Driver/Src/stm32h7xx_hal_uart.c.obj
 .text.UART_RxISR_8BIT_FIFOEN
                0x08005bcc      0x1cc CMakeFiles/H750_CJSON.elf.dir/Drivers/STM32H7xx_HAL_Driver/Src/stm32h7xx_hal_uart.c.obj
 .text.UART_RxISR_16BIT_FIFOEN
                0x08005d98      0x1c8 CMakeFiles/H750_CJSON.elf.dir/Drivers/STM32H7xx_HAL_Driver/Src/stm32h7xx_hal_uart.c.obj
 .text.UART_SetConfig
                0x08005f60      0x5f4 CMakeFiles/H750_CJSON.elf.dir/Drivers/STM32H7xx_HAL_Driver/Src/stm32h7xx_hal_uart.c.obj
                0x08005f60                UART_SetConfig
 .text.UART_AdvFeatureConfig
                0x08006554       0xca CMakeFiles/H750_CJSON.elf.dir/Drivers/STM32H7xx_HAL_Driver/Src/stm32h7xx_hal_uart.c.obj
                0x08006554                UART_AdvFeatureConfig
 .text.UART_WaitOnFlagUntilTimeout
                0x0800661e       0x9a CMakeFiles/H750_CJSON.elf.dir/Drivers/STM32H7xx_HAL_Driver/Src/stm32h7xx_hal_uart.c.obj
                0x0800661e                UART_WaitOnFlagUntilTimeout
 .text.HAL_UART_Transmit
                0x080066b8       0xd0 CMakeFiles/H750_CJSON.elf.dir/Drivers/STM32H7xx_HAL_Driver/Src/stm32h7xx_hal_uart.c.obj
                0x080066b8                HAL_UART_Transmit
 .text.HAL_UART_Receive
                0x08006788      0x116 CMakeFiles/H750_CJSON.elf.dir/Drivers/STM32H7xx_HAL_Driver/Src/stm32h7xx_hal_uart.c.obj
                0x08006788                HAL_UART_Receive
 .text.UART_CheckIdleState
                0x0800689e       0xca CMakeFiles/H750_CJSON.elf.dir/Drivers/STM32H7xx_HAL_Driver/Src/stm32h7xx_hal_uart.c.obj
                0x0800689e                UART_CheckIdleState
 .text.HAL_UART_Init
                0x08006968       0x66 CMakeFiles/H750_CJSON.elf.dir/Drivers/STM32H7xx_HAL_Driver/Src/stm32h7xx_hal_uart.c.obj
                0x08006968                HAL_UART_Init
 *fill*         0x080069ce        0x2 
 .text.UART_Start_Receive_IT
                0x080069d0      0x13c CMakeFiles/H750_CJSON.elf.dir/Drivers/STM32H7xx_HAL_Driver/Src/stm32h7xx_hal_uart.c.obj
                0x080069d0                UART_Start_Receive_IT
 .text.HAL_UART_Receive_IT
                0x08006b0c       0x4c CMakeFiles/H750_CJSON.elf.dir/Drivers/STM32H7xx_HAL_Driver/Src/stm32h7xx_hal_uart.c.obj
                0x08006b0c                HAL_UART_Receive_IT
 .text.UARTEx_SetNbDataToProcess
                0x08006b58       0x4c CMakeFiles/H750_CJSON.elf.dir/Drivers/STM32H7xx_HAL_Driver/Src/stm32h7xx_hal_uart_ex.c.obj
 .text.HAL_UARTEx_WakeupCallback
                0x08006ba4        0x2 CMakeFiles/H750_CJSON.elf.dir/Drivers/STM32H7xx_HAL_Driver/Src/stm32h7xx_hal_uart_ex.c.obj
                0x08006ba4                HAL_UARTEx_WakeupCallback
 .text.HAL_UARTEx_RxFifoFullCallback
                0x08006ba6        0x2 CMakeFiles/H750_CJSON.elf.dir/Drivers/STM32H7xx_HAL_Driver/Src/stm32h7xx_hal_uart_ex.c.obj
                0x08006ba6                HAL_UARTEx_RxFifoFullCallback
 .text.HAL_UARTEx_TxFifoEmptyCallback
                0x08006ba8        0x2 CMakeFiles/H750_CJSON.elf.dir/Drivers/STM32H7xx_HAL_Driver/Src/stm32h7xx_hal_uart_ex.c.obj
                0x08006ba8                HAL_UARTEx_TxFifoEmptyCallback
 .text.HAL_UARTEx_DisableFifoMode
                0x08006baa       0x3e CMakeFiles/H750_CJSON.elf.dir/Drivers/STM32H7xx_HAL_Driver/Src/stm32h7xx_hal_uart_ex.c.obj
                0x08006baa                HAL_UARTEx_DisableFifoMode
 .text.HAL_UARTEx_SetTxFifoThreshold
                0x08006be8       0x4a CMakeFiles/H750_CJSON.elf.dir/Drivers/STM32H7xx_HAL_Driver/Src/stm32h7xx_hal_uart_ex.c.obj
                0x08006be8                HAL_UARTEx_SetTxFifoThreshold
 .text.HAL_UARTEx_SetRxFifoThreshold
                0x08006c32       0x4a CMakeFiles/H750_CJSON.elf.dir/Drivers/STM32H7xx_HAL_Driver/Src/stm32h7xx_hal_uart_ex.c.obj
                0x08006c32                HAL_UARTEx_SetRxFifoThreshold
 .text.__errno  0x08006c7c        0xc f:/work/arm-none-eabi-gcc/gcc-arm-none-eabi-10.3-2021.10-win32/gcc-arm-none-eabi-10.3-2021.10/bin/../lib/gcc/arm-none-eabi/10.3.1/../../../../arm-none-eabi/lib/thumb/v7e-m/nofp\libg.a(lib_a-errno.o)
                0x08006c7c                __errno
 .text.__libc_init_array
                0x08006c88       0x48 f:/work/arm-none-eabi-gcc/gcc-arm-none-eabi-10.3-2021.10-win32/gcc-arm-none-eabi-10.3-2021.10/bin/../lib/gcc/arm-none-eabi/10.3.1/../../../../arm-none-eabi/lib/thumb/v7e-m/nofp\libg.a(lib_a-init.o)
                0x08006c88                __libc_init_array
 .text.malloc   0x08006cd0       0x10 f:/work/arm-none-eabi-gcc/gcc-arm-none-eabi-10.3-2021.10-win32/gcc-arm-none-eabi-10.3-2021.10/bin/../lib/gcc/arm-none-eabi/10.3.1/../../../../arm-none-eabi/lib/thumb/v7e-m/nofp\libg.a(lib_a-malloc.o)
                0x08006cd0                malloc
 .text.free     0x08006ce0       0x10 f:/work/arm-none-eabi-gcc/gcc-arm-none-eabi-10.3-2021.10-win32/gcc-arm-none-eabi-10.3-2021.10/bin/../lib/gcc/arm-none-eabi/10.3.1/../../../../arm-none-eabi/lib/thumb/v7e-m/nofp\libg.a(lib_a-malloc.o)
                0x08006ce0                free
 .text._malloc_r
                0x08006cf0      0x560 f:/work/arm-none-eabi-gcc/gcc-arm-none-eabi-10.3-2021.10-win32/gcc-arm-none-eabi-10.3-2021.10/bin/../lib/gcc/arm-none-eabi/10.3.1/../../../../arm-none-eabi/lib/thumb/v7e-m/nofp\libg.a(lib_a-mallocr.o)
                0x08006cf0                _malloc_r
 .text.memset   0x08007250       0xa4 f:/work/arm-none-eabi-gcc/gcc-arm-none-eabi-10.3-2021.10-win32/gcc-arm-none-eabi-10.3-2021.10/bin/../lib/gcc/arm-none-eabi/10.3.1/../../../../arm-none-eabi/lib/thumb/v7e-m/nofp\libg.a(lib_a-memset.o)
                0x08007250                memset
 .text.__malloc_lock
                0x080072f4        0xc f:/work/arm-none-eabi-gcc/gcc-arm-none-eabi-10.3-2021.10-win32/gcc-arm-none-eabi-10.3-2021.10/bin/../lib/gcc/arm-none-eabi/10.3.1/../../../../arm-none-eabi/lib/thumb/v7e-m/nofp\libg.a(lib_a-mlock.o)
                0x080072f4                __malloc_lock
 .text.__malloc_unlock
                0x08007300        0xc f:/work/arm-none-eabi-gcc/gcc-arm-none-eabi-10.3-2021.10-win32/gcc-arm-none-eabi-10.3-2021.10/bin/../lib/gcc/arm-none-eabi/10.3.1/../../../../arm-none-eabi/lib/thumb/v7e-m/nofp\libg.a(lib_a-mlock.o)
                0x08007300                __malloc_unlock
 .text.printf   0x0800730c       0x28 f:/work/arm-none-eabi-gcc/gcc-arm-none-eabi-10.3-2021.10-win32/gcc-arm-none-eabi-10.3-2021.10/bin/../lib/gcc/arm-none-eabi/10.3.1/../../../../arm-none-eabi/lib/thumb/v7e-m/nofp\libg.a(lib_a-printf.o)
                0x0800730c                printf
 .text._puts_r  0x08007334       0x9c f:/work/arm-none-eabi-gcc/gcc-arm-none-eabi-10.3-2021.10-win32/gcc-arm-none-eabi-10.3-2021.10/bin/../lib/gcc/arm-none-eabi/10.3.1/../../../../arm-none-eabi/lib/thumb/v7e-m/nofp\libg.a(lib_a-puts.o)
                0x08007334                _puts_r
 .text.puts     0x080073d0       0x10 f:/work/arm-none-eabi-gcc/gcc-arm-none-eabi-10.3-2021.10-win32/gcc-arm-none-eabi-10.3-2021.10/bin/../lib/gcc/arm-none-eabi/10.3.1/../../../../arm-none-eabi/lib/thumb/v7e-m/nofp\libg.a(lib_a-puts.o)
                0x080073d0                puts
 .text.realloc  0x080073e0       0x18 f:/work/arm-none-eabi-gcc/gcc-arm-none-eabi-10.3-2021.10-win32/gcc-arm-none-eabi-10.3-2021.10/bin/../lib/gcc/arm-none-eabi/10.3.1/../../../../arm-none-eabi/lib/thumb/v7e-m/nofp\libg.a(lib_a-realloc.o)
                0x080073e0                realloc
 .text._realloc_r
                0x080073f8      0x3d8 f:/work/arm-none-eabi-gcc/gcc-arm-none-eabi-10.3-2021.10-win32/gcc-arm-none-eabi-10.3-2021.10/bin/../lib/gcc/arm-none-eabi/10.3.1/../../../../arm-none-eabi/lib/thumb/v7e-m/nofp\libg.a(lib_a-reallocr.o)
                0x080073f8                _realloc_r
 .text._sbrk_r  0x080077d0       0x24 f:/work/arm-none-eabi-gcc/gcc-arm-none-eabi-10.3-2021.10-win32/gcc-arm-none-eabi-10.3-2021.10/bin/../lib/gcc/arm-none-eabi/10.3.1/../../../../arm-none-eabi/lib/thumb/v7e-m/nofp\libg.a(lib_a-sbrkr.o)
                0x080077d0                _sbrk_r
 .text.setvbuf  0x080077f4      0x1b0 f:/work/arm-none-eabi-gcc/gcc-arm-none-eabi-10.3-2021.10-win32/gcc-arm-none-eabi-10.3-2021.10/bin/../lib/gcc/arm-none-eabi/10.3.1/../../../../arm-none-eabi/lib/thumb/v7e-m/nofp\libg.a(lib_a-setvbuf.o)
                0x080077f4                setvbuf
 .text.__sread  0x080079a4       0x24 f:/work/arm-none-eabi-gcc/gcc-arm-none-eabi-10.3-2021.10-win32/gcc-arm-none-eabi-10.3-2021.10/bin/../lib/gcc/arm-none-eabi/10.3.1/../../../../arm-none-eabi/lib/thumb/v7e-m/nofp\libg.a(lib_a-stdio.o)
                0x080079a4                __sread
 .text.__swrite
                0x080079c8       0x40 f:/work/arm-none-eabi-gcc/gcc-arm-none-eabi-10.3-2021.10-win32/gcc-arm-none-eabi-10.3-2021.10/bin/../lib/gcc/arm-none-eabi/10.3.1/../../../../arm-none-eabi/lib/thumb/v7e-m/nofp\libg.a(lib_a-stdio.o)
                0x080079c8                __swrite
 .text.__sseek  0x08007a08       0x20 f:/work/arm-none-eabi-gcc/gcc-arm-none-eabi-10.3-2021.10-win32/gcc-arm-none-eabi-10.3-2021.10/bin/../lib/gcc/arm-none-eabi/10.3.1/../../../../arm-none-eabi/lib/thumb/v7e-m/nofp\libg.a(lib_a-stdio.o)
                0x08007a08                __sseek
 .text.__sclose
                0x08007a28        0x8 f:/work/arm-none-eabi-gcc/gcc-arm-none-eabi-10.3-2021.10-win32/gcc-arm-none-eabi-10.3-2021.10/bin/../lib/gcc/arm-none-eabi/10.3.1/../../../../arm-none-eabi/lib/thumb/v7e-m/nofp\libg.a(lib_a-stdio.o)
                0x08007a28                __sclose
 .text.strncmp  0x08007a30       0x80 f:/work/arm-none-eabi-gcc/gcc-arm-none-eabi-10.3-2021.10-win32/gcc-arm-none-eabi-10.3-2021.10/bin/../lib/gcc/arm-none-eabi/10.3.1/../../../../arm-none-eabi/lib/thumb/v7e-m/nofp\libg.a(lib_a-strncmp.o)
                0x08007a30                strncmp
 .text._strtod_l
                0x08007ab0      0xf30 f:/work/arm-none-eabi-gcc/gcc-arm-none-eabi-10.3-2021.10-win32/gcc-arm-none-eabi-10.3-2021.10/bin/../lib/gcc/arm-none-eabi/10.3.1/../../../../arm-none-eabi/lib/thumb/v7e-m/nofp\libg.a(lib_a-strtod.o)
                0x08007ab0                _strtod_l
 .text.strtod   0x080089e0       0x1c f:/work/arm-none-eabi-gcc/gcc-arm-none-eabi-10.3-2021.10-win32/gcc-arm-none-eabi-10.3-2021.10/bin/../lib/gcc/arm-none-eabi/10.3.1/../../../../arm-none-eabi/lib/thumb/v7e-m/nofp\libg.a(lib_a-strtod.o)
                0x080089e0                strtod
 .text._vfprintf_r
                0x080089fc     0x1ad4 f:/work/arm-none-eabi-gcc/gcc-arm-none-eabi-10.3-2021.10-win32/gcc-arm-none-eabi-10.3-2021.10/bin/../lib/gcc/arm-none-eabi/10.3.1/../../../../arm-none-eabi/lib/thumb/v7e-m/nofp\libg.a(lib_a-vfprintf.o)
                0x080089fc                _vfprintf_r
 .text.__sbprintf
                0x0800a4d0       0x80 f:/work/arm-none-eabi-gcc/gcc-arm-none-eabi-10.3-2021.10-win32/gcc-arm-none-eabi-10.3-2021.10/bin/../lib/gcc/arm-none-eabi/10.3.1/../../../../arm-none-eabi/lib/thumb/v7e-m/nofp\libg.a(lib_a-vfprintf.o)
 .text._write_r
                0x0800a550       0x2c f:/work/arm-none-eabi-gcc/gcc-arm-none-eabi-10.3-2021.10-win32/gcc-arm-none-eabi-10.3-2021.10/bin/../lib/gcc/arm-none-eabi/10.3.1/../../../../arm-none-eabi/lib/thumb/v7e-m/nofp\libg.a(lib_a-writer.o)
                0x0800a550                _write_r
 .text.__swsetup_r
                0x0800a57c       0xd4 f:/work/arm-none-eabi-gcc/gcc-arm-none-eabi-10.3-2021.10-win32/gcc-arm-none-eabi-10.3-2021.10/bin/../lib/gcc/arm-none-eabi/10.3.1/../../../../arm-none-eabi/lib/thumb/v7e-m/nofp\libg.a(lib_a-wsetup.o)
                0x0800a57c                __swsetup_r
 .text.startup.register_fini
                0x0800a650       0x14 f:/work/arm-none-eabi-gcc/gcc-arm-none-eabi-10.3-2021.10-win32/gcc-arm-none-eabi-10.3-2021.10/bin/../lib/gcc/arm-none-eabi/10.3.1/../../../../arm-none-eabi/lib/thumb/v7e-m/nofp\libg.a(lib_a-__call_atexit.o)
 .text.atexit   0x0800a664        0xc f:/work/arm-none-eabi-gcc/gcc-arm-none-eabi-10.3-2021.10-win32/gcc-arm-none-eabi-10.3-2021.10/bin/../lib/gcc/arm-none-eabi/10.3.1/../../../../arm-none-eabi/lib/thumb/v7e-m/nofp\libg.a(lib_a-atexit.o)
                0x0800a664                atexit
 .text._close_r
                0x0800a670       0x24 f:/work/arm-none-eabi-gcc/gcc-arm-none-eabi-10.3-2021.10-win32/gcc-arm-none-eabi-10.3-2021.10/bin/../lib/gcc/arm-none-eabi/10.3.1/../../../../arm-none-eabi/lib/thumb/v7e-m/nofp\libg.a(lib_a-closer.o)
                0x0800a670                _close_r
 .text.quorem   0x0800a694      0x124 f:/work/arm-none-eabi-gcc/gcc-arm-none-eabi-10.3-2021.10-win32/gcc-arm-none-eabi-10.3-2021.10/bin/../lib/gcc/arm-none-eabi/10.3.1/../../../../arm-none-eabi/lib/thumb/v7e-m/nofp\libg.a(lib_a-dtoa.o)
 .text._dtoa_r  0x0800a7b8      0xec4 f:/work/arm-none-eabi-gcc/gcc-arm-none-eabi-10.3-2021.10-win32/gcc-arm-none-eabi-10.3-2021.10/bin/../lib/gcc/arm-none-eabi/10.3.1/../../../../arm-none-eabi/lib/thumb/v7e-m/nofp\libg.a(lib_a-dtoa.o)
                0x0800a7b8                _dtoa_r
 .text.__sflush_r
                0x0800b67c      0x120 f:/work/arm-none-eabi-gcc/gcc-arm-none-eabi-10.3-2021.10-win32/gcc-arm-none-eabi-10.3-2021.10/bin/../lib/gcc/arm-none-eabi/10.3.1/../../../../arm-none-eabi/lib/thumb/v7e-m/nofp\libg.a(lib_a-fflush.o)
                0x0800b67c                __sflush_r
 .text._fflush_r
                0x0800b79c       0x5c f:/work/arm-none-eabi-gcc/gcc-arm-none-eabi-10.3-2021.10-win32/gcc-arm-none-eabi-10.3-2021.10/bin/../lib/gcc/arm-none-eabi/10.3.1/../../../../arm-none-eabi/lib/thumb/v7e-m/nofp\libg.a(lib_a-fflush.o)
                0x0800b79c                _fflush_r
 .text._cleanup_r
                0x0800b7f8        0xc f:/work/arm-none-eabi-gcc/gcc-arm-none-eabi-10.3-2021.10-win32/gcc-arm-none-eabi-10.3-2021.10/bin/../lib/gcc/arm-none-eabi/10.3.1/../../../../arm-none-eabi/lib/thumb/v7e-m/nofp\libg.a(lib_a-findfp.o)
                0x0800b7f8                _cleanup_r
 .text.__sinit  0x0800b804      0x10c f:/work/arm-none-eabi-gcc/gcc-arm-none-eabi-10.3-2021.10-win32/gcc-arm-none-eabi-10.3-2021.10/bin/../lib/gcc/arm-none-eabi/10.3.1/../../../../arm-none-eabi/lib/thumb/v7e-m/nofp\libg.a(lib_a-findfp.o)
                0x0800b804                __sinit
 .text.__sfp_lock_acquire
                0x0800b910        0xc f:/work/arm-none-eabi-gcc/gcc-arm-none-eabi-10.3-2021.10-win32/gcc-arm-none-eabi-10.3-2021.10/bin/../lib/gcc/arm-none-eabi/10.3.1/../../../../arm-none-eabi/lib/thumb/v7e-m/nofp\libg.a(lib_a-findfp.o)
                0x0800b910                __sfp_lock_acquire
 .text.__sfp_lock_release
                0x0800b91c        0xc f:/work/arm-none-eabi-gcc/gcc-arm-none-eabi-10.3-2021.10-win32/gcc-arm-none-eabi-10.3-2021.10/bin/../lib/gcc/arm-none-eabi/10.3.1/../../../../arm-none-eabi/lib/thumb/v7e-m/nofp\libg.a(lib_a-findfp.o)
                0x0800b91c                __sfp_lock_release
 .text.__libc_fini_array
                0x0800b928       0x2c f:/work/arm-none-eabi-gcc/gcc-arm-none-eabi-10.3-2021.10-win32/gcc-arm-none-eabi-10.3-2021.10/bin/../lib/gcc/arm-none-eabi/10.3.1/../../../../arm-none-eabi/lib/thumb/v7e-m/nofp\libg.a(lib_a-fini.o)
                0x0800b928                __libc_fini_array
 .text._malloc_trim_r
                0x0800b954       0xa0 f:/work/arm-none-eabi-gcc/gcc-arm-none-eabi-10.3-2021.10-win32/gcc-arm-none-eabi-10.3-2021.10/bin/../lib/gcc/arm-none-eabi/10.3.1/../../../../arm-none-eabi/lib/thumb/v7e-m/nofp\libg.a(lib_a-freer.o)
                0x0800b954                _malloc_trim_r
 .text._free_r  0x0800b9f4      0x20c f:/work/arm-none-eabi-gcc/gcc-arm-none-eabi-10.3-2021.10-win32/gcc-arm-none-eabi-10.3-2021.10/bin/../lib/gcc/arm-none-eabi/10.3.1/../../../../arm-none-eabi/lib/thumb/v7e-m/nofp\libg.a(lib_a-freer.o)
                0x0800b9f4                _free_r
 .text.__sfvwrite_r
                0x0800bc00      0x2e8 f:/work/arm-none-eabi-gcc/gcc-arm-none-eabi-10.3-2021.10-win32/gcc-arm-none-eabi-10.3-2021.10/bin/../lib/gcc/arm-none-eabi/10.3.1/../../../../arm-none-eabi/lib/thumb/v7e-m/nofp\libg.a(lib_a-fvwrite.o)
                0x0800bc00                __sfvwrite_r
 .text._fwalk_reent
                0x0800bee8       0x48 f:/work/arm-none-eabi-gcc/gcc-arm-none-eabi-10.3-2021.10-win32/gcc-arm-none-eabi-10.3-2021.10/bin/../lib/gcc/arm-none-eabi/10.3.1/../../../../arm-none-eabi/lib/thumb/v7e-m/nofp\libg.a(lib_a-fwalk.o)
                0x0800bee8                _fwalk_reent
 .text.rshift   0x0800bf30       0xa4 f:/work/arm-none-eabi-gcc/gcc-arm-none-eabi-10.3-2021.10-win32/gcc-arm-none-eabi-10.3-2021.10/bin/../lib/gcc/arm-none-eabi/10.3.1/../../../../arm-none-eabi/lib/thumb/v7e-m/nofp\libg.a(lib_a-gdtoa-gethex.o)
 .text.__gethex
                0x0800bfd4      0x5bc f:/work/arm-none-eabi-gcc/gcc-arm-none-eabi-10.3-2021.10-win32/gcc-arm-none-eabi-10.3-2021.10/bin/../lib/gcc/arm-none-eabi/10.3.1/../../../../arm-none-eabi/lib/thumb/v7e-m/nofp\libg.a(lib_a-gdtoa-gethex.o)
                0x0800bfd4                __gethex
 .text.__match  0x0800c590       0x34 f:/work/arm-none-eabi-gcc/gcc-arm-none-eabi-10.3-2021.10-win32/gcc-arm-none-eabi-10.3-2021.10/bin/../lib/gcc/arm-none-eabi/10.3.1/../../../../arm-none-eabi/lib/thumb/v7e-m/nofp\libg.a(lib_a-gdtoa-hexnan.o)
                0x0800c590                __match
 .text.__hexnan
                0x0800c5c4      0x1ac f:/work/arm-none-eabi-gcc/gcc-arm-none-eabi-10.3-2021.10-win32/gcc-arm-none-eabi-10.3-2021.10/bin/../lib/gcc/arm-none-eabi/10.3.1/../../../../arm-none-eabi/lib/thumb/v7e-m/nofp\libg.a(lib_a-gdtoa-hexnan.o)
                0x0800c5c4                __hexnan
 .text.__locale_mb_cur_max
                0x0800c770        0xc f:/work/arm-none-eabi-gcc/gcc-arm-none-eabi-10.3-2021.10-win32/gcc-arm-none-eabi-10.3-2021.10/bin/../lib/gcc/arm-none-eabi/10.3.1/../../../../arm-none-eabi/lib/thumb/v7e-m/nofp\libg.a(lib_a-locale.o)
                0x0800c770                __locale_mb_cur_max
 .text._localeconv_r
                0x0800c77c        0x8 f:/work/arm-none-eabi-gcc/gcc-arm-none-eabi-10.3-2021.10-win32/gcc-arm-none-eabi-10.3-2021.10/bin/../lib/gcc/arm-none-eabi/10.3.1/../../../../arm-none-eabi/lib/thumb/v7e-m/nofp\libg.a(lib_a-localeconv.o)
                0x0800c77c                _localeconv_r
 .text.__retarget_lock_init_recursive
                0x0800c784        0x4 f:/work/arm-none-eabi-gcc/gcc-arm-none-eabi-10.3-2021.10-win32/gcc-arm-none-eabi-10.3-2021.10/bin/../lib/gcc/arm-none-eabi/10.3.1/../../../../arm-none-eabi/lib/thumb/v7e-m/nofp\libg.a(lib_a-lock.o)
                0x0800c784                __retarget_lock_init_recursive
 .text.__retarget_lock_close_recursive
                0x0800c788        0x4 f:/work/arm-none-eabi-gcc/gcc-arm-none-eabi-10.3-2021.10-win32/gcc-arm-none-eabi-10.3-2021.10/bin/../lib/gcc/arm-none-eabi/10.3.1/../../../../arm-none-eabi/lib/thumb/v7e-m/nofp\libg.a(lib_a-lock.o)
                0x0800c788                __retarget_lock_close_recursive
 .text.__retarget_lock_acquire_recursive
                0x0800c78c        0x4 f:/work/arm-none-eabi-gcc/gcc-arm-none-eabi-10.3-2021.10-win32/gcc-arm-none-eabi-10.3-2021.10/bin/../lib/gcc/arm-none-eabi/10.3.1/../../../../arm-none-eabi/lib/thumb/v7e-m/nofp\libg.a(lib_a-lock.o)
                0x0800c78c                __retarget_lock_acquire_recursive
 .text.__retarget_lock_release_recursive
                0x0800c790        0x4 f:/work/arm-none-eabi-gcc/gcc-arm-none-eabi-10.3-2021.10-win32/gcc-arm-none-eabi-10.3-2021.10/bin/../lib/gcc/arm-none-eabi/10.3.1/../../../../arm-none-eabi/lib/thumb/v7e-m/nofp\libg.a(lib_a-lock.o)
                0x0800c790                __retarget_lock_release_recursive
 .text._lseek_r
                0x0800c794       0x2c f:/work/arm-none-eabi-gcc/gcc-arm-none-eabi-10.3-2021.10-win32/gcc-arm-none-eabi-10.3-2021.10/bin/../lib/gcc/arm-none-eabi/10.3.1/../../../../arm-none-eabi/lib/thumb/v7e-m/nofp\libg.a(lib_a-lseekr.o)
                0x0800c794                _lseek_r
 .text.__smakebuf_r
                0x0800c7c0       0xe0 f:/work/arm-none-eabi-gcc/gcc-arm-none-eabi-10.3-2021.10-win32/gcc-arm-none-eabi-10.3-2021.10/bin/../lib/gcc/arm-none-eabi/10.3.1/../../../../arm-none-eabi/lib/thumb/v7e-m/nofp\libg.a(lib_a-makebuf.o)
                0x0800c7c0                __smakebuf_r
 .text.__swhatbuf_r
                0x0800c8a0       0x60 f:/work/arm-none-eabi-gcc/gcc-arm-none-eabi-10.3-2021.10-win32/gcc-arm-none-eabi-10.3-2021.10/bin/../lib/gcc/arm-none-eabi/10.3.1/../../../../arm-none-eabi/lib/thumb/v7e-m/nofp\libg.a(lib_a-makebuf.o)
                0x0800c8a0                __swhatbuf_r
 .text.__ascii_mbtowc
                0x0800c900       0x2c f:/work/arm-none-eabi-gcc/gcc-arm-none-eabi-10.3-2021.10-win32/gcc-arm-none-eabi-10.3-2021.10/bin/../lib/gcc/arm-none-eabi/10.3.1/../../../../arm-none-eabi/lib/thumb/v7e-m/nofp\libg.a(lib_a-mbtowc_r.o)
                0x0800c900                __ascii_mbtowc
 .text.memmove  0x0800c92c       0xf8 f:/work/arm-none-eabi-gcc/gcc-arm-none-eabi-10.3-2021.10-win32/gcc-arm-none-eabi-10.3-2021.10/bin/../lib/gcc/arm-none-eabi/10.3.1/../../../../arm-none-eabi/lib/thumb/v7e-m/nofp\libg.a(lib_a-memmove.o)
                0x0800c92c                memmove
 .text._Balloc  0x0800ca24       0x4c f:/work/arm-none-eabi-gcc/gcc-arm-none-eabi-10.3-2021.10-win32/gcc-arm-none-eabi-10.3-2021.10/bin/../lib/gcc/arm-none-eabi/10.3.1/../../../../arm-none-eabi/lib/thumb/v7e-m/nofp\libg.a(lib_a-mprec.o)
                0x0800ca24                _Balloc
 .text._Bfree   0x0800ca70       0x14 f:/work/arm-none-eabi-gcc/gcc-arm-none-eabi-10.3-2021.10-win32/gcc-arm-none-eabi-10.3-2021.10/bin/../lib/gcc/arm-none-eabi/10.3.1/../../../../arm-none-eabi/lib/thumb/v7e-m/nofp\libg.a(lib_a-mprec.o)
                0x0800ca70                _Bfree
 .text.__multadd
                0x0800ca84       0xa0 f:/work/arm-none-eabi-gcc/gcc-arm-none-eabi-10.3-2021.10-win32/gcc-arm-none-eabi-10.3-2021.10/bin/../lib/gcc/arm-none-eabi/10.3.1/../../../../arm-none-eabi/lib/thumb/v7e-m/nofp\libg.a(lib_a-mprec.o)
                0x0800ca84                __multadd
 .text.__s2b    0x0800cb24       0xb4 f:/work/arm-none-eabi-gcc/gcc-arm-none-eabi-10.3-2021.10-win32/gcc-arm-none-eabi-10.3-2021.10/bin/../lib/gcc/arm-none-eabi/10.3.1/../../../../arm-none-eabi/lib/thumb/v7e-m/nofp\libg.a(lib_a-mprec.o)
                0x0800cb24                __s2b
 .text.__hi0bits
                0x0800cbd8       0x40 f:/work/arm-none-eabi-gcc/gcc-arm-none-eabi-10.3-2021.10-win32/gcc-arm-none-eabi-10.3-2021.10/bin/../lib/gcc/arm-none-eabi/10.3.1/../../../../arm-none-eabi/lib/thumb/v7e-m/nofp\libg.a(lib_a-mprec.o)
                0x0800cbd8                __hi0bits
 .text.__lo0bits
                0x0800cc18       0x5c f:/work/arm-none-eabi-gcc/gcc-arm-none-eabi-10.3-2021.10-win32/gcc-arm-none-eabi-10.3-2021.10/bin/../lib/gcc/arm-none-eabi/10.3.1/../../../../arm-none-eabi/lib/thumb/v7e-m/nofp\libg.a(lib_a-mprec.o)
                0x0800cc18                __lo0bits
 .text.__i2b    0x0800cc74       0x5c f:/work/arm-none-eabi-gcc/gcc-arm-none-eabi-10.3-2021.10-win32/gcc-arm-none-eabi-10.3-2021.10/bin/../lib/gcc/arm-none-eabi/10.3.1/../../../../arm-none-eabi/lib/thumb/v7e-m/nofp\libg.a(lib_a-mprec.o)
                0x0800cc74                __i2b
 .text.__multiply
                0x0800ccd0      0x15c f:/work/arm-none-eabi-gcc/gcc-arm-none-eabi-10.3-2021.10-win32/gcc-arm-none-eabi-10.3-2021.10/bin/../lib/gcc/arm-none-eabi/10.3.1/../../../../arm-none-eabi/lib/thumb/v7e-m/nofp\libg.a(lib_a-mprec.o)
                0x0800ccd0                __multiply
 .text.__pow5mult
                0x0800ce2c       0xc0 f:/work/arm-none-eabi-gcc/gcc-arm-none-eabi-10.3-2021.10-win32/gcc-arm-none-eabi-10.3-2021.10/bin/../lib/gcc/arm-none-eabi/10.3.1/../../../../arm-none-eabi/lib/thumb/v7e-m/nofp\libg.a(lib_a-mprec.o)
                0x0800ce2c                __pow5mult
 .text.__lshift
                0x0800ceec       0xf0 f:/work/arm-none-eabi-gcc/gcc-arm-none-eabi-10.3-2021.10-win32/gcc-arm-none-eabi-10.3-2021.10/bin/../lib/gcc/arm-none-eabi/10.3.1/../../../../arm-none-eabi/lib/thumb/v7e-m/nofp\libg.a(lib_a-mprec.o)
                0x0800ceec                __lshift
 .text.__mcmp   0x0800cfdc       0x40 f:/work/arm-none-eabi-gcc/gcc-arm-none-eabi-10.3-2021.10-win32/gcc-arm-none-eabi-10.3-2021.10/bin/../lib/gcc/arm-none-eabi/10.3.1/../../../../arm-none-eabi/lib/thumb/v7e-m/nofp\libg.a(lib_a-mprec.o)
                0x0800cfdc                __mcmp
 .text.__mdiff  0x0800d01c      0x14c f:/work/arm-none-eabi-gcc/gcc-arm-none-eabi-10.3-2021.10-win32/gcc-arm-none-eabi-10.3-2021.10/bin/../lib/gcc/arm-none-eabi/10.3.1/../../../../arm-none-eabi/lib/thumb/v7e-m/nofp\libg.a(lib_a-mprec.o)
                0x0800d01c                __mdiff
 .text.__ulp    0x0800d168       0x44 f:/work/arm-none-eabi-gcc/gcc-arm-none-eabi-10.3-2021.10-win32/gcc-arm-none-eabi-10.3-2021.10/bin/../lib/gcc/arm-none-eabi/10.3.1/../../../../arm-none-eabi/lib/thumb/v7e-m/nofp\libg.a(lib_a-mprec.o)
                0x0800d168                __ulp
 .text.__b2d    0x0800d1ac       0xd0 f:/work/arm-none-eabi-gcc/gcc-arm-none-eabi-10.3-2021.10-win32/gcc-arm-none-eabi-10.3-2021.10/bin/../lib/gcc/arm-none-eabi/10.3.1/../../../../arm-none-eabi/lib/thumb/v7e-m/nofp\libg.a(lib_a-mprec.o)
                0x0800d1ac                __b2d
 .text.__d2b    0x0800d27c       0xc4 f:/work/arm-none-eabi-gcc/gcc-arm-none-eabi-10.3-2021.10-win32/gcc-arm-none-eabi-10.3-2021.10/bin/../lib/gcc/arm-none-eabi/10.3.1/../../../../arm-none-eabi/lib/thumb/v7e-m/nofp\libg.a(lib_a-mprec.o)
                0x0800d27c                __d2b
 .text.__ratio  0x0800d340       0x5c f:/work/arm-none-eabi-gcc/gcc-arm-none-eabi-10.3-2021.10-win32/gcc-arm-none-eabi-10.3-2021.10/bin/../lib/gcc/arm-none-eabi/10.3.1/../../../../arm-none-eabi/lib/thumb/v7e-m/nofp\libg.a(lib_a-mprec.o)
                0x0800d340                __ratio
 .text.__copybits
                0x0800d39c       0x5c f:/work/arm-none-eabi-gcc/gcc-arm-none-eabi-10.3-2021.10-win32/gcc-arm-none-eabi-10.3-2021.10/bin/../lib/gcc/arm-none-eabi/10.3.1/../../../../arm-none-eabi/lib/thumb/v7e-m/nofp\libg.a(lib_a-mprec.o)
                0x0800d39c                __copybits
 .text.__any_on
                0x0800d3f8       0x60 f:/work/arm-none-eabi-gcc/gcc-arm-none-eabi-10.3-2021.10-win32/gcc-arm-none-eabi-10.3-2021.10/bin/../lib/gcc/arm-none-eabi/10.3.1/../../../../arm-none-eabi/lib/thumb/v7e-m/nofp\libg.a(lib_a-mprec.o)
                0x0800d3f8                __any_on
 .text._read_r  0x0800d458       0x2c f:/work/arm-none-eabi-gcc/gcc-arm-none-eabi-10.3-2021.10-win32/gcc-arm-none-eabi-10.3-2021.10/bin/../lib/gcc/arm-none-eabi/10.3.1/../../../../arm-none-eabi/lib/thumb/v7e-m/nofp\libg.a(lib_a-readr.o)
                0x0800d458                _read_r
 .text.frexp    0x0800d484       0x70 f:/work/arm-none-eabi-gcc/gcc-arm-none-eabi-10.3-2021.10-win32/gcc-arm-none-eabi-10.3-2021.10/bin/../lib/gcc/arm-none-eabi/10.3.1/../../../../arm-none-eabi/lib/thumb/v7e-m/nofp\libg.a(lib_a-s_frexp.o)
                0x0800d484                frexp
 .text.nan      0x0800d4f4        0xc f:/work/arm-none-eabi-gcc/gcc-arm-none-eabi-10.3-2021.10-win32/gcc-arm-none-eabi-10.3-2021.10/bin/../lib/gcc/arm-none-eabi/10.3.1/../../../../arm-none-eabi/lib/thumb/v7e-m/nofp\libg.a(lib_a-s_nan.o)
                0x0800d4f4                nan
 .text.strncpy  0x0800d500       0x64 f:/work/arm-none-eabi-gcc/gcc-arm-none-eabi-10.3-2021.10-win32/gcc-arm-none-eabi-10.3-2021.10/bin/../lib/gcc/arm-none-eabi/10.3.1/../../../../arm-none-eabi/lib/thumb/v7e-m/nofp\libg.a(lib_a-strncpy.o)
                0x0800d500                strncpy
 .text.__sprint_r.part.0
                0x0800d564       0x78 f:/work/arm-none-eabi-gcc/gcc-arm-none-eabi-10.3-2021.10-win32/gcc-arm-none-eabi-10.3-2021.10/bin/../lib/gcc/arm-none-eabi/10.3.1/../../../../arm-none-eabi/lib/thumb/v7e-m/nofp\libg.a(lib_a-vfiprintf.o)
 .text.__sprint_r
                0x0800d5dc       0x14 f:/work/arm-none-eabi-gcc/gcc-arm-none-eabi-10.3-2021.10-win32/gcc-arm-none-eabi-10.3-2021.10/bin/../lib/gcc/arm-none-eabi/10.3.1/../../../../arm-none-eabi/lib/thumb/v7e-m/nofp\libg.a(lib_a-vfiprintf.o)
                0x0800d5dc                __sprint_r
 .text._vfiprintf_r
                0x0800d5f0      0xda0 f:/work/arm-none-eabi-gcc/gcc-arm-none-eabi-10.3-2021.10-win32/gcc-arm-none-eabi-10.3-2021.10/bin/../lib/gcc/arm-none-eabi/10.3.1/../../../../arm-none-eabi/lib/thumb/v7e-m/nofp\libg.a(lib_a-vfiprintf.o)
                0x0800d5f0                _vfiprintf_r
 .text.__sbprintf
                0x0800e390       0x80 f:/work/arm-none-eabi-gcc/gcc-arm-none-eabi-10.3-2021.10-win32/gcc-arm-none-eabi-10.3-2021.10/bin/../lib/gcc/arm-none-eabi/10.3.1/../../../../arm-none-eabi/lib/thumb/v7e-m/nofp\libg.a(lib_a-vfiprintf.o)
 .text.__ascii_wctomb
                0x0800e410       0x1c f:/work/arm-none-eabi-gcc/gcc-arm-none-eabi-10.3-2021.10-win32/gcc-arm-none-eabi-10.3-2021.10/bin/../lib/gcc/arm-none-eabi/10.3.1/../../../../arm-none-eabi/lib/thumb/v7e-m/nofp\libg.a(lib_a-wctomb_r.o)
                0x0800e410                __ascii_wctomb
 .text.__register_exitproc
                0x0800e42c       0x8c f:/work/arm-none-eabi-gcc/gcc-arm-none-eabi-10.3-2021.10-win32/gcc-arm-none-eabi-10.3-2021.10/bin/../lib/gcc/arm-none-eabi/10.3.1/../../../../arm-none-eabi/lib/thumb/v7e-m/nofp\libg.a(lib_a-__atexit.o)
                0x0800e42c                __register_exitproc
 .text.__assert_func
                0x0800e4b8       0x40 f:/work/arm-none-eabi-gcc/gcc-arm-none-eabi-10.3-2021.10-win32/gcc-arm-none-eabi-10.3-2021.10/bin/../lib/gcc/arm-none-eabi/10.3.1/../../../../arm-none-eabi/lib/thumb/v7e-m/nofp\libg.a(lib_a-assert.o)
                0x0800e4b8                __assert_func
 .text._calloc_r
                0x0800e4f8       0x78 f:/work/arm-none-eabi-gcc/gcc-arm-none-eabi-10.3-2021.10-win32/gcc-arm-none-eabi-10.3-2021.10/bin/../lib/gcc/arm-none-eabi/10.3.1/../../../../arm-none-eabi/lib/thumb/v7e-m/nofp\libg.a(lib_a-callocr.o)
                0x0800e4f8                _calloc_r
 .text._fclose_r
                0x0800e570       0xcc f:/work/arm-none-eabi-gcc/gcc-arm-none-eabi-10.3-2021.10-win32/gcc-arm-none-eabi-10.3-2021.10/bin/../lib/gcc/arm-none-eabi/10.3.1/../../../../arm-none-eabi/lib/thumb/v7e-m/nofp\libg.a(lib_a-fclose.o)
                0x0800e570                _fclose_r
 .text.fiprintf
                0x0800e63c       0x28 f:/work/arm-none-eabi-gcc/gcc-arm-none-eabi-10.3-2021.10-win32/gcc-arm-none-eabi-10.3-2021.10/bin/../lib/gcc/arm-none-eabi/10.3.1/../../../../arm-none-eabi/lib/thumb/v7e-m/nofp\libg.a(lib_a-fiprintf.o)
                0x0800e63c                fiprintf
 .text.__fputwc
                0x0800e664       0xa8 f:/work/arm-none-eabi-gcc/gcc-arm-none-eabi-10.3-2021.10-win32/gcc-arm-none-eabi-10.3-2021.10/bin/../lib/gcc/arm-none-eabi/10.3.1/../../../../arm-none-eabi/lib/thumb/v7e-m/nofp\libg.a(lib_a-fputwc.o)
                0x0800e664                __fputwc
 .text._fputwc_r
                0x0800e70c       0x68 f:/work/arm-none-eabi-gcc/gcc-arm-none-eabi-10.3-2021.10-win32/gcc-arm-none-eabi-10.3-2021.10/bin/../lib/gcc/arm-none-eabi/10.3.1/../../../../arm-none-eabi/lib/thumb/v7e-m/nofp\libg.a(lib_a-fputwc.o)
                0x0800e70c                _fputwc_r
 .text._fstat_r
                0x0800e774       0x2c f:/work/arm-none-eabi-gcc/gcc-arm-none-eabi-10.3-2021.10-win32/gcc-arm-none-eabi-10.3-2021.10/bin/../lib/gcc/arm-none-eabi/10.3.1/../../../../arm-none-eabi/lib/thumb/v7e-m/nofp\libg.a(lib_a-fstatr.o)
                0x0800e774                _fstat_r
 .text._isatty_r
                0x0800e7a0       0x24 f:/work/arm-none-eabi-gcc/gcc-arm-none-eabi-10.3-2021.10-win32/gcc-arm-none-eabi-10.3-2021.10/bin/../lib/gcc/arm-none-eabi/10.3.1/../../../../arm-none-eabi/lib/thumb/v7e-m/nofp\libg.a(lib_a-isattyr.o)
                0x0800e7a0                _isatty_r
 .text.__swbuf_r
                0x0800e7c4       0xb0 f:/work/arm-none-eabi-gcc/gcc-arm-none-eabi-10.3-2021.10-win32/gcc-arm-none-eabi-10.3-2021.10/bin/../lib/gcc/arm-none-eabi/10.3.1/../../../../arm-none-eabi/lib/thumb/v7e-m/nofp\libg.a(lib_a-wbuf.o)
                0x0800e7c4                __swbuf_r
 .text._wcrtomb_r
                0x0800e874       0x3c f:/work/arm-none-eabi-gcc/gcc-arm-none-eabi-10.3-2021.10-win32/gcc-arm-none-eabi-10.3-2021.10/bin/../lib/gcc/arm-none-eabi/10.3.1/../../../../arm-none-eabi/lib/thumb/v7e-m/nofp\libg.a(lib_a-wcrtomb.o)
                0x0800e874                _wcrtomb_r
 .text.abort    0x0800e8b0       0x10 f:/work/arm-none-eabi-gcc/gcc-arm-none-eabi-10.3-2021.10-win32/gcc-arm-none-eabi-10.3-2021.10/bin/../lib/gcc/arm-none-eabi/10.3.1/../../../../arm-none-eabi/lib/thumb/v7e-m/nofp\libg.a(lib_a-abort.o)
                0x0800e8b0                abort
 .text.raise    0x0800e8c0       0x5c f:/work/arm-none-eabi-gcc/gcc-arm-none-eabi-10.3-2021.10-win32/gcc-arm-none-eabi-10.3-2021.10/bin/../lib/gcc/arm-none-eabi/10.3.1/../../../../arm-none-eabi/lib/thumb/v7e-m/nofp\libg.a(lib_a-signal.o)
                0x0800e8c0                raise
 .text._kill_r  0x0800e91c       0x2c f:/work/arm-none-eabi-gcc/gcc-arm-none-eabi-10.3-2021.10-win32/gcc-arm-none-eabi-10.3-2021.10/bin/../lib/gcc/arm-none-eabi/10.3.1/../../../../arm-none-eabi/lib/thumb/v7e-m/nofp\libg.a(lib_a-signalr.o)
                0x0800e91c                _kill_r
 .text._getpid_r
                0x0800e948        0x4 f:/work/arm-none-eabi-gcc/gcc-arm-none-eabi-10.3-2021.10-win32/gcc-arm-none-eabi-10.3-2021.10/bin/../lib/gcc/arm-none-eabi/10.3.1/../../../../arm-none-eabi/lib/thumb/v7e-m/nofp\libg.a(lib_a-signalr.o)
                0x0800e948                _getpid_r
 *(.glue_7)
 .glue_7        0x0800e94c        0x0 linker stubs
 *(.glue_7t)
 .glue_7t       0x0800e94c        0x0 linker stubs
 *(.eh_frame)
 .eh_frame      0x0800e94c        0x0 f:/work/arm-none-eabi-gcc/gcc-arm-none-eabi-10.3-2021.10-win32/gcc-arm-none-eabi-10.3-2021.10/bin/../lib/gcc/arm-none-eabi/10.3.1/thumb/v7e-m/nofp/crtbegin.o
 *(.init)
 .init          0x0800e94c        0x4 f:/work/arm-none-eabi-gcc/gcc-arm-none-eabi-10.3-2021.10-win32/gcc-arm-none-eabi-10.3-2021.10/bin/../lib/gcc/arm-none-eabi/10.3.1/thumb/v7e-m/nofp/crti.o
                0x0800e94c                _init
 .init          0x0800e950        0x8 f:/work/arm-none-eabi-gcc/gcc-arm-none-eabi-10.3-2021.10-win32/gcc-arm-none-eabi-10.3-2021.10/bin/../lib/gcc/arm-none-eabi/10.3.1/thumb/v7e-m/nofp/crtn.o
 *(.fini)
 .fini          0x0800e958        0x4 f:/work/arm-none-eabi-gcc/gcc-arm-none-eabi-10.3-2021.10-win32/gcc-arm-none-eabi-10.3-2021.10/bin/../lib/gcc/arm-none-eabi/10.3.1/thumb/v7e-m/nofp/crti.o
                0x0800e958                _fini
 .fini          0x0800e95c        0x8 f:/work/arm-none-eabi-gcc/gcc-arm-none-eabi-10.3-2021.10-win32/gcc-arm-none-eabi-10.3-2021.10/bin/../lib/gcc/arm-none-eabi/10.3.1/thumb/v7e-m/nofp/crtn.o
                0x0800e964                . = ALIGN (0x4)
                0x0800e964                _etext = .

.vfp11_veneer   0x0800e964        0x0
 .vfp11_veneer  0x0800e964        0x0 linker stubs

.v4_bx          0x0800e964        0x0
 .v4_bx         0x0800e964        0x0 linker stubs

.iplt           0x0800e964        0x0
 .iplt          0x0800e964        0x0 f:/work/arm-none-eabi-gcc/gcc-arm-none-eabi-10.3-2021.10-win32/gcc-arm-none-eabi-10.3-2021.10/bin/../lib/gcc/arm-none-eabi/10.3.1/thumb/v7e-m/nofp/crtbegin.o

.rodata         0x0800e968      0x7f4
                0x0800e968                . = ALIGN (0x4)
 *(.rodata)
 *(.rodata*)
 .rodata.Control_St.str1.4
                0x0800e968        0x9 CMakeFiles/H750_CJSON.elf.dir/Core/Src/Control_Adjustment.c.obj
 *fill*         0x0800e971        0x3 
 .rodata.Judge.str1.4
                0x0800e974       0x13 CMakeFiles/H750_CJSON.elf.dir/Core/Src/Judge.c.obj
 *fill*         0x0800e987        0x1 
 .rodata.Printf_Pn_Number.str1.4
                0x0800e988        0xc CMakeFiles/H750_CJSON.elf.dir/Core/Src/Store_Information.c.obj
 .rodata.Printf_Sn_Number.str1.4
                0x0800e994        0x9 CMakeFiles/H750_CJSON.elf.dir/Core/Src/Store_Information.c.obj
 *fill*         0x0800e99d        0x3 
 .rodata.Printf_Product_Time.str1.4
                0x0800e9a0        0x9 CMakeFiles/H750_CJSON.elf.dir/Core/Src/Store_Information.c.obj
 *fill*         0x0800e9a9        0x3 
 .rodata.Printf_Manufacturer.str1.4
                0x0800e9ac        0x5 CMakeFiles/H750_CJSON.elf.dir/Core/Src/Store_Information.c.obj
 *fill*         0x0800e9b1        0x3 
 .rodata.skip_utf8_bom.str1.4
                0x0800e9b4        0x4 CMakeFiles/H750_CJSON.elf.dir/Core/Src/cJSON.c.obj
 .rodata.print_number.str1.4
                0x0800e9b8       0x1f CMakeFiles/H750_CJSON.elf.dir/Core/Src/cJSON.c.obj
 *fill*         0x0800e9d7        0x1 
 .rodata.print_value.str1.4
                0x0800e9d8        0xd CMakeFiles/H750_CJSON.elf.dir/Core/Src/cJSON.c.obj
 *fill*         0x0800e9e5        0x3 
 .rodata.cjson.str1.4
                0x0800e9e8      0x141 CMakeFiles/H750_CJSON.elf.dir/Core/Src/cJSON_Test.c.obj
 *fill*         0x0800eb29        0x3 
 .rodata.D1CorePrescTable
                0x0800eb2c       0x10 CMakeFiles/H750_CJSON.elf.dir/Core/Src/system_stm32h7xx.c.obj
                0x0800eb2c                D1CorePrescTable
 .rodata.UARTPrescTable
                0x0800eb3c       0x18 CMakeFiles/H750_CJSON.elf.dir/Drivers/STM32H7xx_HAL_Driver/Src/stm32h7xx_hal_uart.c.obj
                0x0800eb3c                UARTPrescTable
 .rodata.denominator.0
                0x0800eb54        0x8 CMakeFiles/H750_CJSON.elf.dir/Drivers/STM32H7xx_HAL_Driver/Src/stm32h7xx_hal_uart_ex.c.obj
 .rodata.numerator.1
                0x0800eb5c        0x8 CMakeFiles/H750_CJSON.elf.dir/Drivers/STM32H7xx_HAL_Driver/Src/stm32h7xx_hal_uart_ex.c.obj
 .rodata._ctype_
                0x0800eb64      0x101 f:/work/arm-none-eabi-gcc/gcc-arm-none-eabi-10.3-2021.10-win32/gcc-arm-none-eabi-10.3-2021.10/bin/../lib/gcc/arm-none-eabi/10.3.1/../../../../arm-none-eabi/lib/thumb/v7e-m/nofp\libg.a(lib_a-ctype_.o)
                0x0800eb64                _ctype_
 *fill*         0x0800ec65        0x3 
 .rodata._global_impure_ptr
                0x0800ec68        0x4 f:/work/arm-none-eabi-gcc/gcc-arm-none-eabi-10.3-2021.10-win32/gcc-arm-none-eabi-10.3-2021.10/bin/../lib/gcc/arm-none-eabi/10.3.1/../../../../arm-none-eabi/lib/thumb/v7e-m/nofp\libg.a(lib_a-impure.o)
                0x0800ec68                _global_impure_ptr
 .rodata._puts_r.str1.4
                0x0800ec6c      0x141 f:/work/arm-none-eabi-gcc/gcc-arm-none-eabi-10.3-2021.10-win32/gcc-arm-none-eabi-10.3-2021.10/bin/../lib/gcc/arm-none-eabi/10.3.1/../../../../arm-none-eabi/lib/thumb/v7e-m/nofp\libg.a(lib_a-puts.o)
                                  0x2 (size before relaxing)
 .rodata._strtod_l.str1.4
                0x0800ec6c        0xf f:/work/arm-none-eabi-gcc/gcc-arm-none-eabi-10.3-2021.10-win32/gcc-arm-none-eabi-10.3-2021.10/bin/../lib/gcc/arm-none-eabi/10.3.1/../../../../arm-none-eabi/lib/thumb/v7e-m/nofp\libg.a(lib_a-strtod.o)
                                 0x11 (size before relaxing)
 *fill*         0x0800ec7b        0x1 
 .rodata.fpi.1  0x0800ec7c       0x14 f:/work/arm-none-eabi-gcc/gcc-arm-none-eabi-10.3-2021.10-win32/gcc-arm-none-eabi-10.3-2021.10/bin/../lib/gcc/arm-none-eabi/10.3.1/../../../../arm-none-eabi/lib/thumb/v7e-m/nofp\libg.a(lib_a-strtod.o)
 .rodata.fpinan.0
                0x0800ec90       0x14 f:/work/arm-none-eabi-gcc/gcc-arm-none-eabi-10.3-2021.10-win32/gcc-arm-none-eabi-10.3-2021.10/bin/../lib/gcc/arm-none-eabi/10.3.1/../../../../arm-none-eabi/lib/thumb/v7e-m/nofp\libg.a(lib_a-strtod.o)
 *fill*         0x0800eca4        0x4 
 .rodata.tinytens
                0x0800eca8       0x28 f:/work/arm-none-eabi-gcc/gcc-arm-none-eabi-10.3-2021.10-win32/gcc-arm-none-eabi-10.3-2021.10/bin/../lib/gcc/arm-none-eabi/10.3.1/../../../../arm-none-eabi/lib/thumb/v7e-m/nofp\libg.a(lib_a-strtod.o)
 .rodata._vfprintf_r.str1.4
                0x0800ecd0       0x42 f:/work/arm-none-eabi-gcc/gcc-arm-none-eabi-10.3-2021.10-win32/gcc-arm-none-eabi-10.3-2021.10/bin/../lib/gcc/arm-none-eabi/10.3.1/../../../../arm-none-eabi/lib/thumb/v7e-m/nofp\libg.a(lib_a-vfprintf.o)
 *fill*         0x0800ed12        0x2 
 .rodata.blanks.1
                0x0800ed14       0x10 f:/work/arm-none-eabi-gcc/gcc-arm-none-eabi-10.3-2021.10-win32/gcc-arm-none-eabi-10.3-2021.10/bin/../lib/gcc/arm-none-eabi/10.3.1/../../../../arm-none-eabi/lib/thumb/v7e-m/nofp\libg.a(lib_a-vfprintf.o)
 .rodata.zeroes.0
                0x0800ed24       0x10 f:/work/arm-none-eabi-gcc/gcc-arm-none-eabi-10.3-2021.10-win32/gcc-arm-none-eabi-10.3-2021.10/bin/../lib/gcc/arm-none-eabi/10.3.1/../../../../arm-none-eabi/lib/thumb/v7e-m/nofp\libg.a(lib_a-vfprintf.o)
 .rodata._dtoa_r.str1.4
                0x0800ed34       0xa2 f:/work/arm-none-eabi-gcc/gcc-arm-none-eabi-10.3-2021.10-win32/gcc-arm-none-eabi-10.3-2021.10/bin/../lib/gcc/arm-none-eabi/10.3.1/../../../../arm-none-eabi/lib/thumb/v7e-m/nofp\libg.a(lib_a-dtoa.o)
                                 0xa6 (size before relaxing)
 *fill*         0x0800edd6        0x2 
 .rodata.__gethex.str1.4
                0x0800edd8       0x86 f:/work/arm-none-eabi-gcc/gcc-arm-none-eabi-10.3-2021.10-win32/gcc-arm-none-eabi-10.3-2021.10/bin/../lib/gcc/arm-none-eabi/10.3.1/../../../../arm-none-eabi/lib/thumb/v7e-m/nofp\libg.a(lib_a-gdtoa-gethex.o)
                                 0x9a (size before relaxing)
 *fill*         0x0800ee5e        0x2 
 .rodata.__hexdig
                0x0800ee60      0x100 f:/work/arm-none-eabi-gcc/gcc-arm-none-eabi-10.3-2021.10-win32/gcc-arm-none-eabi-10.3-2021.10/bin/../lib/gcc/arm-none-eabi/10.3.1/../../../../arm-none-eabi/lib/thumb/v7e-m/nofp\libg.a(lib_a-gdtoa-gethex.o)
                0x0800ee60                __hexdig
 .rodata.str1.4
                0x0800ef60        0x2 f:/work/arm-none-eabi-gcc/gcc-arm-none-eabi-10.3-2021.10-win32/gcc-arm-none-eabi-10.3-2021.10/bin/../lib/gcc/arm-none-eabi/10.3.1/../../../../arm-none-eabi/lib/thumb/v7e-m/nofp\libg.a(lib_a-lnumeric.o)
                                  0x5 (size before relaxing)
 *fill*         0x0800ef62        0x2 
 .rodata._C_numeric_locale
                0x0800ef64        0xc f:/work/arm-none-eabi-gcc/gcc-arm-none-eabi-10.3-2021.10-win32/gcc-arm-none-eabi-10.3-2021.10/bin/../lib/gcc/arm-none-eabi/10.3.1/../../../../arm-none-eabi/lib/thumb/v7e-m/nofp\libg.a(lib_a-lnumeric.o)
                0x0800ef64                _C_numeric_locale
 .rodata._setlocale_r.str1.4
                0x0800ef70        0xa f:/work/arm-none-eabi-gcc/gcc-arm-none-eabi-10.3-2021.10-win32/gcc-arm-none-eabi-10.3-2021.10/bin/../lib/gcc/arm-none-eabi/10.3.1/../../../../arm-none-eabi/lib/thumb/v7e-m/nofp\libg.a(lib_a-locale.o)
                                  0xd (size before relaxing)
 .rodata.str1.4
                0x0800ef7a        0x2 f:/work/arm-none-eabi-gcc/gcc-arm-none-eabi-10.3-2021.10-win32/gcc-arm-none-eabi-10.3-2021.10/bin/../lib/gcc/arm-none-eabi/10.3.1/../../../../arm-none-eabi/lib/thumb/v7e-m/nofp\libg.a(lib_a-locale.o)
 *fill*         0x0800ef7a        0x2 
 .rodata.__multadd.str1.4
                0x0800ef7c       0x7f f:/work/arm-none-eabi-gcc/gcc-arm-none-eabi-10.3-2021.10-win32/gcc-arm-none-eabi-10.3-2021.10/bin/../lib/gcc/arm-none-eabi/10.3.1/../../../../arm-none-eabi/lib/thumb/v7e-m/nofp\libg.a(lib_a-mprec.o)
                                 0x93 (size before relaxing)
 *fill*         0x0800effb        0x5 
 .rodata.__mprec_bigtens
                0x0800f000       0x28 f:/work/arm-none-eabi-gcc/gcc-arm-none-eabi-10.3-2021.10-win32/gcc-arm-none-eabi-10.3-2021.10/bin/../lib/gcc/arm-none-eabi/10.3.1/../../../../arm-none-eabi/lib/thumb/v7e-m/nofp\libg.a(lib_a-mprec.o)
                0x0800f000                __mprec_bigtens
 .rodata.__mprec_tens
                0x0800f028       0xc8 f:/work/arm-none-eabi-gcc/gcc-arm-none-eabi-10.3-2021.10-win32/gcc-arm-none-eabi-10.3-2021.10/bin/../lib/gcc/arm-none-eabi/10.3.1/../../../../arm-none-eabi/lib/thumb/v7e-m/nofp\libg.a(lib_a-mprec.o)
                0x0800f028                __mprec_tens
 .rodata.p05.0  0x0800f0f0        0xc f:/work/arm-none-eabi-gcc/gcc-arm-none-eabi-10.3-2021.10-win32/gcc-arm-none-eabi-10.3-2021.10/bin/../lib/gcc/arm-none-eabi/10.3.1/../../../../arm-none-eabi/lib/thumb/v7e-m/nofp\libg.a(lib_a-mprec.o)
 .rodata._vfiprintf_r.str1.4
                0x0800f0fc       0x2f f:/work/arm-none-eabi-gcc/gcc-arm-none-eabi-10.3-2021.10-win32/gcc-arm-none-eabi-10.3-2021.10/bin/../lib/gcc/arm-none-eabi/10.3.1/../../../../arm-none-eabi/lib/thumb/v7e-m/nofp\libg.a(lib_a-vfiprintf.o)
 .rodata.blanks.1
                0x0800f0fc       0x10 f:/work/arm-none-eabi-gcc/gcc-arm-none-eabi-10.3-2021.10-win32/gcc-arm-none-eabi-10.3-2021.10/bin/../lib/gcc/arm-none-eabi/10.3.1/../../../../arm-none-eabi/lib/thumb/v7e-m/nofp\libg.a(lib_a-vfiprintf.o)
 .rodata.zeroes.0
                0x0800f10c       0x10 f:/work/arm-none-eabi-gcc/gcc-arm-none-eabi-10.3-2021.10-win32/gcc-arm-none-eabi-10.3-2021.10/bin/../lib/gcc/arm-none-eabi/10.3.1/../../../../arm-none-eabi/lib/thumb/v7e-m/nofp\libg.a(lib_a-vfiprintf.o)
 .rodata.__assert_func.str1.4
                0x0800f11c       0x3f f:/work/arm-none-eabi-gcc/gcc-arm-none-eabi-10.3-2021.10-win32/gcc-arm-none-eabi-10.3-2021.10/bin/../lib/gcc/arm-none-eabi/10.3.1/../../../../arm-none-eabi/lib/thumb/v7e-m/nofp\libg.a(lib_a-assert.o)
                                 0x43 (size before relaxing)
                0x0800f15c                . = ALIGN (0x4)
 *fill*         0x0800f15b        0x1 

.ARM.extab
 *(.ARM.extab* .gnu.linkonce.armextab.*)

.ARM            0x0800f15c        0x8
                0x0800f15c                __exidx_start = .
 *(.ARM.exidx*)
 .ARM.exidx     0x0800f15c        0x8 f:/work/arm-none-eabi-gcc/gcc-arm-none-eabi-10.3-2021.10-win32/gcc-arm-none-eabi-10.3-2021.10/bin/../lib/gcc/arm-none-eabi/10.3.1/thumb/v7e-m/nofp\libgcc.a(_udivmoddi4.o)
                0x0800f164                __exidx_end = .

.rel.dyn        0x0800f164        0x0
 .rel.iplt      0x0800f164        0x0 f:/work/arm-none-eabi-gcc/gcc-arm-none-eabi-10.3-2021.10-win32/gcc-arm-none-eabi-10.3-2021.10/bin/../lib/gcc/arm-none-eabi/10.3.1/thumb/v7e-m/nofp/crtbegin.o

.preinit_array  0x0800f164        0x0
                0x0800f164                PROVIDE (__preinit_array_start = .)
 *(.preinit_array*)
                0x0800f164                PROVIDE (__preinit_array_end = .)

.init_array     0x0800f164        0x8
                0x0800f164                PROVIDE (__init_array_start = .)
 *(SORT_BY_NAME(.init_array.*))
 .init_array.00000
                0x0800f164        0x4 f:/work/arm-none-eabi-gcc/gcc-arm-none-eabi-10.3-2021.10-win32/gcc-arm-none-eabi-10.3-2021.10/bin/../lib/gcc/arm-none-eabi/10.3.1/../../../../arm-none-eabi/lib/thumb/v7e-m/nofp\libg.a(lib_a-__call_atexit.o)
 *(.init_array*)
 .init_array    0x0800f168        0x4 f:/work/arm-none-eabi-gcc/gcc-arm-none-eabi-10.3-2021.10-win32/gcc-arm-none-eabi-10.3-2021.10/bin/../lib/gcc/arm-none-eabi/10.3.1/thumb/v7e-m/nofp/crtbegin.o
                0x0800f16c                PROVIDE (__init_array_end = .)

.fini_array     0x0800f16c        0x4
                0x0800f16c                PROVIDE (__fini_array_start = .)
 *(SORT_BY_NAME(.fini_array.*))
 *(.fini_array*)
 .fini_array    0x0800f16c        0x4 f:/work/arm-none-eabi-gcc/gcc-arm-none-eabi-10.3-2021.10-win32/gcc-arm-none-eabi-10.3-2021.10/bin/../lib/gcc/arm-none-eabi/10.3.1/thumb/v7e-m/nofp/crtbegin.o
                0x0800f170                PROVIDE (__fini_array_end = .)
                0x0800f170                _sidata = LOADADDR (.data)

.data           0x24000000      0x9d4 load address 0x0800f170
                0x24000000                . = ALIGN (0x4)
                0x24000000                _sdata = .
 *(.data)
 *(.data*)
 .data.global_hooks
                0x24000000        0xc CMakeFiles/H750_CJSON.elf.dir/Core/Src/cJSON.c.obj
 .data.Printf_Flag
                0x2400000c        0x1 CMakeFiles/H750_CJSON.elf.dir/Core/Src/main.c.obj
                0x2400000c                Printf_Flag
 *fill*         0x2400000d        0x3 
 .data.SystemCoreClock
                0x24000010        0x4 CMakeFiles/H750_CJSON.elf.dir/Core/Src/system_stm32h7xx.c.obj
                0x24000010                SystemCoreClock
 .data.SystemD2Clock
                0x24000014        0x4 CMakeFiles/H750_CJSON.elf.dir/Core/Src/system_stm32h7xx.c.obj
                0x24000014                SystemD2Clock
 .data.uwTickFreq
                0x24000018        0x1 CMakeFiles/H750_CJSON.elf.dir/Drivers/STM32H7xx_HAL_Driver/Src/stm32h7xx_hal.c.obj
                0x24000018                uwTickFreq
 *fill*         0x24000019        0x3 
 .data.uwTickPrio
                0x2400001c        0x4 CMakeFiles/H750_CJSON.elf.dir/Drivers/STM32H7xx_HAL_Driver/Src/stm32h7xx_hal.c.obj
                0x2400001c                uwTickPrio
 .data._impure_ptr
                0x24000020        0x4 f:/work/arm-none-eabi-gcc/gcc-arm-none-eabi-10.3-2021.10-win32/gcc-arm-none-eabi-10.3-2021.10/bin/../lib/gcc/arm-none-eabi/10.3.1/../../../../arm-none-eabi/lib/thumb/v7e-m/nofp\libg.a(lib_a-impure.o)
                0x24000020                _impure_ptr
 *fill*         0x24000024        0x4 
 .data.impure_data
                0x24000028      0x428 f:/work/arm-none-eabi-gcc/gcc-arm-none-eabi-10.3-2021.10-win32/gcc-arm-none-eabi-10.3-2021.10/bin/../lib/gcc/arm-none-eabi/10.3.1/../../../../arm-none-eabi/lib/thumb/v7e-m/nofp\libg.a(lib_a-impure.o)
 .data.__malloc_av_
                0x24000450      0x408 f:/work/arm-none-eabi-gcc/gcc-arm-none-eabi-10.3-2021.10-win32/gcc-arm-none-eabi-10.3-2021.10/bin/../lib/gcc/arm-none-eabi/10.3.1/../../../../arm-none-eabi/lib/thumb/v7e-m/nofp\libg.a(lib_a-mallocr.o)
                0x24000450                __malloc_av_
 .data.__malloc_sbrk_base
                0x24000858        0x4 f:/work/arm-none-eabi-gcc/gcc-arm-none-eabi-10.3-2021.10-win32/gcc-arm-none-eabi-10.3-2021.10/bin/../lib/gcc/arm-none-eabi/10.3.1/../../../../arm-none-eabi/lib/thumb/v7e-m/nofp\libg.a(lib_a-mallocr.o)
                0x24000858                __malloc_sbrk_base
 .data.__malloc_trim_threshold
                0x2400085c        0x4 f:/work/arm-none-eabi-gcc/gcc-arm-none-eabi-10.3-2021.10-win32/gcc-arm-none-eabi-10.3-2021.10/bin/../lib/gcc/arm-none-eabi/10.3.1/../../../../arm-none-eabi/lib/thumb/v7e-m/nofp\libg.a(lib_a-mallocr.o)
                0x2400085c                __malloc_trim_threshold
 .data.__atexit_recursive_mutex
                0x24000860        0x4 f:/work/arm-none-eabi-gcc/gcc-arm-none-eabi-10.3-2021.10-win32/gcc-arm-none-eabi-10.3-2021.10/bin/../lib/gcc/arm-none-eabi/10.3.1/../../../../arm-none-eabi/lib/thumb/v7e-m/nofp\libg.a(lib_a-__call_atexit.o)
                0x24000860                __atexit_recursive_mutex
 .data.numempty
                0x24000864        0x2 f:/work/arm-none-eabi-gcc/gcc-arm-none-eabi-10.3-2021.10-win32/gcc-arm-none-eabi-10.3-2021.10/bin/../lib/gcc/arm-none-eabi/10.3.1/../../../../arm-none-eabi/lib/thumb/v7e-m/nofp\libg.a(lib_a-lnumeric.o)
 *fill*         0x24000866        0x2 
 .data.__global_locale
                0x24000868      0x16c f:/work/arm-none-eabi-gcc/gcc-arm-none-eabi-10.3-2021.10-win32/gcc-arm-none-eabi-10.3-2021.10/bin/../lib/gcc/arm-none-eabi/10.3.1/../../../../arm-none-eabi/lib/thumb/v7e-m/nofp\libg.a(lib_a-locale.o)
                0x24000868                __global_locale
 *(.RamFunc)
 *(.RamFunc*)
                0x240009d4                . = ALIGN (0x4)
                0x240009d4                _edata = .

.igot.plt       0x240009d4        0x0 load address 0x0800fb44
 .igot.plt      0x240009d4        0x0 f:/work/arm-none-eabi-gcc/gcc-arm-none-eabi-10.3-2021.10-win32/gcc-arm-none-eabi-10.3-2021.10/bin/../lib/gcc/arm-none-eabi/10.3.1/thumb/v7e-m/nofp/crtbegin.o
                0x240009d4                . = ALIGN (0x4)

.bss            0x240009d4      0x2bc load address 0x0800fb44
                0x240009d4                _sbss = .
                0x240009d4                __bss_start__ = _sbss
 *(.bss)
 .bss           0x240009d4       0x1c f:/work/arm-none-eabi-gcc/gcc-arm-none-eabi-10.3-2021.10-win32/gcc-arm-none-eabi-10.3-2021.10/bin/../lib/gcc/arm-none-eabi/10.3.1/thumb/v7e-m/nofp/crtbegin.o
 *(.bss*)
 .bss.Device_Pixel_Length
                0x240009f0        0x4 CMakeFiles/H750_CJSON.elf.dir/Core/Src/Store_Information.c.obj
                0x240009f0                Device_Pixel_Length
 .bss.Manufacturer
                0x240009f4        0x7 CMakeFiles/H750_CJSON.elf.dir/Core/Src/Store_Information.c.obj
                0x240009f4                Manufacturer
 *fill*         0x240009fb        0x1 
 .bss.Product_Time
                0x240009fc        0x9 CMakeFiles/H750_CJSON.elf.dir/Core/Src/Store_Information.c.obj
                0x240009fc                Product_Time
 *fill*         0x24000a05        0x3 
 .bss.pn_number
                0x24000a08        0xc CMakeFiles/H750_CJSON.elf.dir/Core/Src/Store_Information.c.obj
                0x24000a08                pn_number
 .bss.sn_number
                0x24000a14        0x9 CMakeFiles/H750_CJSON.elf.dir/Core/Src/Store_Information.c.obj
                0x24000a14                sn_number
 *fill*         0x24000a1d        0x3 
 .bss.global_error
                0x24000a20        0x8 CMakeFiles/H750_CJSON.elf.dir/Core/Src/cJSON.c.obj
 .bss.Parameters
                0x24000a28       0x1c CMakeFiles/H750_CJSON.elf.dir/Core/Src/cJSON_Test.c.obj
                0x24000a28                Parameters
 .bss.gHuart    0x24000a44        0x4 CMakeFiles/H750_CJSON.elf.dir/Core/Src/retarget.c.obj
                0x24000a44                gHuart
 .bss.__sbrk_heap_end
                0x24000a48        0x4 CMakeFiles/H750_CJSON.elf.dir/Core/Src/sysmem.c.obj
 .bss.g_rx_buffer
                0x24000a4c        0x1 CMakeFiles/H750_CJSON.elf.dir/Core/Src/usart.c.obj
                0x24000a4c                g_rx_buffer
 *fill*         0x24000a4d        0x3 
 .bss.g_usart_rx_buf
                0x24000a50       0xc8 CMakeFiles/H750_CJSON.elf.dir/Core/Src/usart.c.obj
                0x24000a50                g_usart_rx_buf
 .bss.g_usart_rx_sta
                0x24000b18        0x2 CMakeFiles/H750_CJSON.elf.dir/Core/Src/usart.c.obj
                0x24000b18                g_usart_rx_sta
 *fill*         0x24000b1a        0x2 
 .bss.huart1    0x24000b1c       0x94 CMakeFiles/H750_CJSON.elf.dir/Core/Src/usart.c.obj
                0x24000b1c                huart1
 .bss.huart3    0x24000bb0       0x94 CMakeFiles/H750_CJSON.elf.dir/Core/Src/usart.c.obj
                0x24000bb0                huart3
 .bss.uwTick    0x24000c44        0x4 CMakeFiles/H750_CJSON.elf.dir/Drivers/STM32H7xx_HAL_Driver/Src/stm32h7xx_hal.c.obj
                0x24000c44                uwTick
 .bss.__malloc_current_mallinfo
                0x24000c48       0x28 f:/work/arm-none-eabi-gcc/gcc-arm-none-eabi-10.3-2021.10-win32/gcc-arm-none-eabi-10.3-2021.10/bin/../lib/gcc/arm-none-eabi/10.3.1/../../../../arm-none-eabi/lib/thumb/v7e-m/nofp\libg.a(lib_a-mallocr.o)
                0x24000c48                __malloc_current_mallinfo
 .bss.__malloc_max_sbrked_mem
                0x24000c70        0x4 f:/work/arm-none-eabi-gcc/gcc-arm-none-eabi-10.3-2021.10-win32/gcc-arm-none-eabi-10.3-2021.10/bin/../lib/gcc/arm-none-eabi/10.3.1/../../../../arm-none-eabi/lib/thumb/v7e-m/nofp\libg.a(lib_a-mallocr.o)
                0x24000c70                __malloc_max_sbrked_mem
 .bss.__malloc_max_total_mem
                0x24000c74        0x4 f:/work/arm-none-eabi-gcc/gcc-arm-none-eabi-10.3-2021.10-win32/gcc-arm-none-eabi-10.3-2021.10/bin/../lib/gcc/arm-none-eabi/10.3.1/../../../../arm-none-eabi/lib/thumb/v7e-m/nofp\libg.a(lib_a-mallocr.o)