Archive member included to satisfy reference by file (symbol)

f:/work/arm-none-eabi-gcc/gcc-arm-none-eabi-10.3-2021.10-win32/gcc-arm-none-eabi-10.3-2021.10/bin/../lib/gcc/arm-none-eabi/10.3.1/thumb/v7e-m/nofp\libgcc.a(_arm_muldf3.o)
                              CMakeFiles/H750_CJSON.elf.dir/Core/Src/cJSON.c.obj (__aeabi_dmul)
f:/work/arm-none-eabi-gcc/gcc-arm-none-eabi-10.3-2021.10-win32/gcc-arm-none-eabi-10.3-2021.10/bin/../lib/gcc/arm-none-eabi/10.3.1/thumb/v7e-m/nofp\libgcc.a(_arm_mulsf3.o)
                              CMakeFiles/H750_CJSON.elf.dir/Core/Src/system_stm32h7xx.c.obj (__aeabi_fmul)
f:/work/arm-none-eabi-gcc/gcc-arm-none-eabi-10.3-2021.10-win32/gcc-arm-none-eabi-10.3-2021.10/bin/../lib/gcc/arm-none-eabi/10.3.1/thumb/v7e-m/nofp\libgcc.a(_arm_addsubdf3.o)
                              CMakeFiles/H750_CJSON.elf.dir/Core/Src/cJSON.c.obj (__aeabi_dsub)
f:/work/arm-none-eabi-gcc/gcc-arm-none-eabi-10.3-2021.10-win32/gcc-arm-none-eabi-10.3-2021.10/bin/../lib/gcc/arm-none-eabi/10.3.1/thumb/v7e-m/nofp\libgcc.a(_arm_cmpdf2.o)
                              CMakeFiles/H750_CJSON.elf.dir/Core/Src/cJSON.c.obj (__aeabi_dcmpeq)
f:/work/arm-none-eabi-gcc/gcc-arm-none-eabi-10.3-2021.10-win32/gcc-arm-none-eabi-10.3-2021.10/bin/../lib/gcc/arm-none-eabi/10.3.1/thumb/v7e-m/nofp\libgcc.a(_arm_unorddf2.o)
                              CMakeFiles/H750_CJSON.elf.dir/Core/Src/cJSON.c.obj (__aeabi_dcmpun)
f:/work/arm-none-eabi-gcc/gcc-arm-none-eabi-10.3-2021.10-win32/gcc-arm-none-eabi-10.3-2021.10/bin/../lib/gcc/arm-none-eabi/10.3.1/thumb/v7e-m/nofp\libgcc.a(_arm_fixdfsi.o)
                              CMakeFiles/H750_CJSON.elf.dir/Core/Src/cJSON.c.obj (__aeabi_d2iz)
f:/work/arm-none-eabi-gcc/gcc-arm-none-eabi-10.3-2021.10-win32/gcc-arm-none-eabi-10.3-2021.10/bin/../lib/gcc/arm-none-eabi/10.3.1/thumb/v7e-m/nofp\libgcc.a(_arm_addsubsf3.o)
                              CMakeFiles/H750_CJSON.elf.dir/Core/Src/system_stm32h7xx.c.obj (__aeabi_fadd)
f:/work/arm-none-eabi-gcc/gcc-arm-none-eabi-10.3-2021.10-win32/gcc-arm-none-eabi-10.3-2021.10/bin/../lib/gcc/arm-none-eabi/10.3.1/thumb/v7e-m/nofp\libgcc.a(_arm_muldivsf3.o)
                              CMakeFiles/H750_CJSON.elf.dir/Core/Src/system_stm32h7xx.c.obj (__aeabi_fdiv)
f:/work/arm-none-eabi-gcc/gcc-arm-none-eabi-10.3-2021.10-win32/gcc-arm-none-eabi-10.3-2021.10/bin/../lib/gcc/arm-none-eabi/10.3.1/thumb/v7e-m/nofp\libgcc.a(_arm_fixunssfsi.o)
                              CMakeFiles/H750_CJSON.elf.dir/Core/Src/system_stm32h7xx.c.obj (__aeabi_f2uiz)
f:/work/arm-none-eabi-gcc/gcc-arm-none-eabi-10.3-2021.10-win32/gcc-arm-none-eabi-10.3-2021.10/bin/../lib/gcc/arm-none-eabi/10.3.1/thumb/v7e-m/nofp\libgcc.a(_aeabi_uldivmod.o)
                              CMakeFiles/H750_CJSON.elf.dir/Drivers/STM32H7xx_HAL_Driver/Src/stm32h7xx_hal_uart.c.obj (__aeabi_uldivmod)
f:/work/arm-none-eabi-gcc/gcc-arm-none-eabi-10.3-2021.10-win32/gcc-arm-none-eabi-10.3-2021.10/bin/../lib/gcc/arm-none-eabi/10.3.1/thumb/v7e-m/nofp\libgcc.a(_udivmoddi4.o)
                              f:/work/arm-none-eabi-gcc/gcc-arm-none-eabi-10.3-2021.10-win32/gcc-arm-none-eabi-10.3-2021.10/bin/../lib/gcc/arm-none-eabi/10.3.1/thumb/v7e-m/nofp\libgcc.a(_aeabi_uldivmod.o) (__udivmoddi4)
f:/work/arm-none-eabi-gcc/gcc-arm-none-eabi-10.3-2021.10-win32/gcc-arm-none-eabi-10.3-2021.10/bin/../lib/gcc/arm-none-eabi/10.3.1/thumb/v7e-m/nofp\libgcc.a(_dvmd_tls.o)
                              f:/work/arm-none-eabi-gcc/gcc-arm-none-eabi-10.3-2021.10-win32/gcc-arm-none-eabi-10.3-2021.10/bin/../lib/gcc/arm-none-eabi/10.3.1/thumb/v7e-m/nofp\libgcc.a(_aeabi_uldivmod.o) (__aeabi_ldiv0)
f:/work/arm-none-eabi-gcc/gcc-arm-none-eabi-10.3-2021.10-win32/gcc-arm-none-eabi-10.3-2021.10/bin/../lib/gcc/arm-none-eabi/10.3.1/../../../../arm-none-eabi/lib/thumb/v7e-m/nofp\libg.a(lib_a-ctype_.o)
                              CMakeFiles/H750_CJSON.elf.dir/Core/Src/cJSON.c.obj (_ctype_)
f:/work/arm-none-eabi-gcc/gcc-arm-none-eabi-10.3-2021.10-win32/gcc-arm-none-eabi-10.3-2021.10/bin/../lib/gcc/arm-none-eabi/10.3.1/../../../../arm-none-eabi/lib/thumb/v7e-m/nofp\libg.a(lib_a-errno.o)
                              CMakeFiles/H750_CJSON.elf.dir/Core/Src/retarget.c.obj (__errno)
f:/work/arm-none-eabi-gcc/gcc-arm-none-eabi-10.3-2021.10-win32/gcc-arm-none-eabi-10.3-2021.10/bin/../lib/gcc/arm-none-eabi/10.3.1/../../../../arm-none-eabi/lib/thumb/v7e-m/nofp\libg.a(lib_a-exit.o)
                              f:/work/arm-none-eabi-gcc/gcc-arm-none-eabi-10.3-2021.10-win32/gcc-arm-none-eabi-10.3-2021.10/bin/../lib/gcc/arm-none-eabi/10.3.1/../../../../arm-none-eabi/lib/thumb/v7e-m/nofp/crt0.o (exit)
f:/work/arm-none-eabi-gcc/gcc-arm-none-eabi-10.3-2021.10-win32/gcc-arm-none-eabi-10.3-2021.10/bin/../lib/gcc/arm-none-eabi/10.3.1/../../../../arm-none-eabi/lib/thumb/v7e-m/nofp\libg.a(lib_a-impure.o)
[...]
Memory Configuration

Name             Origin             Length             Attributes
FLASH            0x08000000         0x00020000         xr
DTCMRAM          0x20000000         0x00020000         xrw
RAM_D1           0x24000000         0x00080000         xrw
RAM_D2           0x30000000         0x00048000         xrw
RAM_D3           0x38000000         0x00010000         xrw
ITCMRAM          0x00000000         0x00010000         xrw
*default*        0x00000000         0xffffffff

Linker script and memory map

LOAD f:/work/arm-none-eabi-gcc/gcc-arm-none-eabi-10.3-2021.10-win32/gcc-arm-none-eabi-10.3-2021.10/bin/../lib/gcc/arm-none-eabi/10.3.1/thumb/v7e-m/nofp/crti.o
LOAD f:/work/arm-none-eabi-gcc/gcc-arm-none-eabi-10.3-2021.10-win32/gcc-arm-none-eabi-10.3-2021.10/bin/../lib/gcc/arm-none-eabi/10.3.1/thumb/v7e-m/nofp/crtbegin.o
LOAD f:/work/arm-none-eabi-gcc/gcc-arm-none-eabi-10.3-2021.10-win32/gcc-arm-none-eabi-10.3-2021.10/bin/../lib/gcc/arm-none-eabi/10.3.1/../../../../arm-none-eabi/lib/thumb/v7e-m/nofp/crt0.o
LOAD CMakeFiles/H750_CJSON.elf.dir/Core/Src/Communication_Protocol.c.obj
LOAD CMakeFiles/H750_CJSON.elf.dir/Core/Src/Control_Adjustment.c.obj
LOAD CMakeFiles/H750_CJSON.elf.dir/Core/Src/Get_Parameters.c.obj
LOAD CMakeFiles/H750_CJSON.elf.dir/Core/Src/Judge.c.obj
LOAD CMakeFiles/H750_CJSON.elf.dir/Core/Src/SerialDataProcess.c.obj
LOAD CMakeFiles/H750_CJSON.elf.dir/Core/Src/Store_Information.c.obj
LOAD CMakeFiles/H750_CJSON.elf.dir/Core/Src/cJSON.c.obj
LOAD CMakeFiles/H750_CJSON.elf.dir/Core/Src/cJSON_Test.c.obj
LOAD CMakeFiles/H750_CJSON.elf.dir/Core/Src/gpio.c.obj
LOAD CMakeFiles/H750_CJSON.elf.dir/Core/Src/main.c.obj
LOAD CMakeFiles/H750_CJSON.elf.dir/Core/Src/retarget.c.obj
LOAD CMakeFiles/H750_CJSON.elf.dir/Core/Src/stm32h7xx_hal_msp.c.obj
LOAD CMakeFiles/H750_CJSON.elf.dir/Core/Src/stm32h7xx_it.c.obj
LOAD CMakeFiles/H750_CJSON.elf.dir/Core/Src/syscalls.c.obj
LOAD CMakeFiles/H750_CJSON.elf.dir/Core/Src/sysmem.c.obj
LOAD CMakeFiles/H750_CJSON.elf.dir/Core/Src/system_stm32h7xx.c.obj
LOAD CMakeFiles/H750_CJSON.elf.dir/Core/Src/usart.c.obj
LOAD CMakeFiles/H750_CJSON.elf.dir/Core/Startup/startup_stm32h750vbtx.s.obj
LOAD CMakeFiles/H750_CJSON.elf.dir/Drivers/STM32H7xx_HAL_Driver/Src/stm32h7xx_hal.c.obj
LOAD CMakeFiles/H750_CJSON.elf.dir/Drivers/STM32H7xx_HAL_Driver/Src/stm32h7xx_hal_cortex.c.obj
LOAD CMakeFiles/H750_CJSON.elf.dir/Drivers/STM32H7xx_HAL_Driver/Src/stm32h7xx_hal_dma.c.obj
LOAD CMakeFiles/H750_CJSON.elf.dir/Drivers/STM32H7xx_HAL_Driver/Src/stm32h7xx_hal_dma_ex.c.obj
LOAD CMakeFiles/H750_CJSON.elf.dir/Drivers/STM32H7xx_HAL_Driver/Src/stm32h7xx_hal_exti.c.obj
LOAD CMakeFiles/H750_CJSON.elf.dir/Drivers/STM32H7xx_HAL_Driver/Src/stm32h7xx_hal_flash.c.obj
LOAD CMakeFiles/H750_CJSON.elf.dir/Drivers/STM32H7xx_HAL_Driver/Src/stm32h7xx_hal_flash_ex.c.obj
LOAD CMakeFiles/H750_CJSON.elf.dir/Drivers/STM32H7xx_HAL_Driver/Src/stm32h7xx_hal_gpio.c.obj
LOAD CMakeFiles/H750_CJSON.elf.dir/Drivers/STM32H7xx_HAL_Driver/Src/stm32h7xx_hal_hsem.c.obj
LOAD CMakeFiles/H750_CJSON.elf.dir/Drivers/STM32H7xx_HAL_Driver/Src/stm32h7xx_hal_i2c.c.obj
LOAD CMakeFiles/H750_CJSON.elf.dir/Drivers/STM32H7xx_HAL_Driver/Src/stm32h7xx_hal_i2c_ex.c.obj
LOAD CMakeFiles/H750_CJSON.elf.dir/Drivers/STM32H7xx_HAL_Driver/Src/stm32h7xx_hal_mdma.c.obj
LOAD CMakeFiles/H750_CJSON.elf.dir/Drivers/STM32H7xx_HAL_Driver/Src/stm32h7xx_hal_pwr.c.obj
LOAD CMakeFiles/H750_CJSON.elf.dir/Drivers/STM32H7xx_HAL_Driver/Src/stm32h7xx_hal_pwr_ex.c.obj
LOAD CMakeFiles/H750_CJSON.elf.dir/Drivers/STM32H7xx_HAL_Driver/Src/stm32h7xx_hal_rcc.c.obj
LOAD CMakeFiles/H750_CJSON.elf.dir/Drivers/STM32H7xx_HAL_Driver/Src/stm32h7xx_hal_rcc_ex.c.obj
LOAD CMakeFiles/H750_CJSON.elf.dir/Drivers/STM32H7xx_HAL_Driver/Src/stm32h7xx_hal_tim.c.obj
LOAD CMakeFiles/H750_CJSON.elf.dir/Drivers/STM32H7xx_HAL_Driver/Src/stm32h7xx_hal_tim_ex.c.obj
LOAD CMakeFiles/H750_CJSON.elf.dir/Drivers/STM32H7xx_HAL_Driver/Src/stm32h7xx_hal_uart.c.obj
LOAD CMakeFiles/H750_CJSON.elf.dir/Drivers/STM32H7xx_HAL_Driver/Src/stm32h7xx_hal_uart_ex.c.obj
START GROUP
LOAD f:/work/arm-none-eabi-gcc/gcc-arm-none-eabi-10.3-2021.10-win32/gcc-arm-none-eabi-10.3-2021.10/bin/../lib/gcc/arm-none-eabi/10.3.1/thumb/v7e-m/nofp\libgcc.a
LOAD f:/work/arm-none-eabi-gcc/gcc-arm-none-eabi-10.3-2021.10-win32/gcc-arm-none-eabi-10.3-2021.10/bin/../lib/gcc/arm-none-eabi/10.3.1/../../../../arm-none-eabi/lib/thumb/v7e-m/nofp\libg.a
LOAD f:/work/arm-none-eabi-gcc/gcc-arm-none-eabi-10.3-2021.10-win32/gcc-arm-none-eabi-10.3-2021.10/bin/../lib/gcc/arm-none-eabi/10.3.1/../../../../arm-none-eabi/lib/thumb/v7e-m/nofp\libc.a
END GROUP
LOAD f:/work/arm-none-eabi-gcc/gcc-arm-none-eabi-10.3-2021.10-win32/gcc-arm-none-eabi-10.3-2021.10/bin/../lib/gcc/arm-none-eabi/10.3.1/thumb/v7e-m/nofp/crtend.o
LOAD f:/work/arm-none-eabi-gcc/gcc-arm-none-eabi-10.3-2021.10-win32/gcc-arm-none-eabi-10.3-2021.10/bin/../lib/gcc/arm-none-eabi/10.3.1/thumb/v7e-m/nofp/crtn.o
                0x24080000                _estack = (ORIGIN (RAM_D1) + LENGTH (RAM_D1))
                0x00000400                _Min_Heap_Size = 0x400
                0x00000400                _Min_Stack_Size = 0x400

.isr_vector     0x08000000      0x298
                0x08000000                . = ALIGN (0x4)
 *(.isr_vector)
 .isr_vector    0x08000000      0x298 CMakeFiles/H750_CJSON.elf.dir/Core/Startup/startup_stm32h750vbtx.s.obj
                0x08000000                g_pfnVectors
                0x08000298                . = ALIGN (0x4)

.text           0x080002c0     0xe79c
                0x080002c0                . = ALIGN (0x4)
 *(.text)
 .text          0x080002c0       0x40 f:/work/arm-none-eabi-gcc/gcc-arm-none-eabi-10.3-2021.10-win32/gcc-arm-none-eabi-10.3-2021.10/bin/../lib/gcc/arm-none-eabi/10.3.1/thumb/v7e-m/nofp/crtbegin.o
 .text          0x08000300      0x378 f:/work/arm-none-eabi-gcc/gcc-arm-none-eabi-10.3-2021.10-win32/gcc-arm-none-eabi-10.3-2021.10/bin/../lib/gcc/arm-none-eabi/10.3.1/thumb/v7e-m/nofp\libgcc.a(_arm_addsubdf3.o)
                0x08000300                __aeabi_drsub
                0x08000308                __aeabi_dsub
                0x08000308                __subdf3
                0x0800030c                __aeabi_dadd
                0x0800030c                __adddf3
                0x08000584                __floatunsidf
                0x08000584                __aeabi_ui2d
                0x080005a4                __floatsidf
                0x080005a4                __aeabi_i2d
                0x080005c8                __aeabi_f2d
                0x080005c8                __extendsfdf2
                0x0800060c                __floatundidf
                0x0800060c                __aeabi_ul2d
                0x0800061c                __floatdidf
                0x0800061c                __aeabi_l2d
 .text          0x08000678      0x110 f:/work/arm-none-eabi-gcc/gcc-arm-none-eabi-10.3-2021.10-win32/gcc-arm-none-eabi-10.3-2021.10/bin/../lib/gcc/arm-none-eabi/10.3.1/thumb/v7e-m/nofp\libgcc.a(_arm_cmpdf2.o)
                0x08000678                __gtdf2
                0x08000678                __gedf2
                0x08000680                __ltdf2
                0x08000680                __ledf2
                0x08000688                __nedf2
                0x08000688                __eqdf2
                0x08000688                __cmpdf2
                0x08000704                __aeabi_cdrcmple
                0x08000714                __aeabi_cdcmpeq
                0x08000714                __aeabi_cdcmple
                0x08000724                __aeabi_dcmpeq
                0x08000738                __aeabi_dcmplt
                0x0800074c                __aeabi_dcmple
                0x08000760                __aeabi_dcmpge
                0x08000774                __aeabi_dcmpgt
 .text          0x08000788       0x2c f:/work/arm-none-eabi-gcc/gcc-arm-none-eabi-10.3-2021.10-win32/gcc-arm-none-eabi-10.3-2021.10/bin/../lib/gcc/arm-none-eabi/10.3.1/thumb/v7e-m/nofp\libgcc.a(_arm_unorddf2.o)
                0x08000788                __unorddf2
                0x08000788                __aeabi_dcmpun
 .text          0x080007b4       0x50 f:/work/arm-none-eabi-gcc/gcc-arm-none-eabi-10.3-2021.10-win32/gcc-arm-none-eabi-10.3-2021.10/bin/../lib/gcc/arm-none-eabi/10.3.1/thumb/v7e-m/nofp\libgcc.a(_arm_fixdfsi.o)
                0x080007b4                __aeabi_d2iz
                0x080007b4                __fixdfsi
 .text          0x08000804      0x21c f:/work/arm-none-eabi-gcc/gcc-arm-none-eabi-10.3-2021.10-win32/gcc-arm-none-eabi-10.3-2021.10/bin/../lib/gcc/arm-none-eabi/10.3.1/thumb/v7e-m/nofp\libgcc.a(_arm_addsubsf3.o)
                0x08000804                __aeabi_frsub
                0x0800080c                __subsf3
                0x0800080c                __aeabi_fsub
                0x08000810                __aeabi_fadd
                0x08000810                __addsf3
                0x08000970                __aeabi_ui2f
                0x08000970                __floatunsisf
                0x08000978                __aeabi_i2f
                0x08000978                __floatsisf
                0x08000994                __aeabi_ul2f
                0x08000994                __floatundisf
                0x080009a4                __aeabi_l2f
                0x080009a4                __floatdisf
 .text          0x08000a20      0x2a0 f:/work/arm-none-eabi-gcc/gcc-arm-none-eabi-10.3-2021.10-win32/gcc-arm-none-eabi-10.3-2021.10/bin/../lib/gcc/arm-none-eabi/10.3.1/thumb/v7e-m/nofp\libgcc.a(_arm_muldivsf3.o)
                0x08000a20                __mulsf3
                0x08000a20                __aeabi_fmul
                0x08000b88                __aeabi_fdiv
                0x08000b88                __divsf3
 .text          0x08000cc0       0x40 f:/work/arm-none-eabi-gcc/gcc-arm-none-eabi-10.3-2021.10-win32/gcc-arm-none-eabi-10.3-2021.10/bin/../lib/gcc/arm-none-eabi/10.3.1/thumb/v7e-m/nofp\libgcc.a(_arm_fixunssfsi.o)
                0x08000cc0                __fixunssfsi
                0x08000cc0                __aeabi_f2uiz
 .text          0x08000d00       0x30 f:/work/arm-none-eabi-gcc/gcc-arm-none-eabi-10.3-2021.10-win32/gcc-arm-none-eabi-10.3-2021.10/bin/../lib/gcc/arm-none-eabi/10.3.1/thumb/v7e-m/nofp\libgcc.a(_aeabi_uldivmod.o)
                0x08000d00                __aeabi_uldivmod
 .text          0x08000d30      0x2d0 f:/work/arm-none-eabi-gcc/gcc-arm-none-eabi-10.3-2021.10-win32/gcc-arm-none-eabi-10.3-2021.10/bin/../lib/gcc/arm-none-eabi/10.3.1/thumb/v7e-m/nofp\libgcc.a(_udivmoddi4.o)
                0x08000d30                __udivmoddi4
 .text          0x08001000        0x4 f:/work/arm-none-eabi-gcc/gcc-arm-none-eabi-10.3-2021.10-win32/gcc-arm-none-eabi-10.3-2021.10/bin/../lib/gcc/arm-none-eabi/10.3.1/thumb/v7e-m/nofp\libgcc.a(_dvmd_tls.o)
                0x08001000                __aeabi_idiv0
                0x08001000                __aeabi_ldiv0
 .text          0x08001004      0x134 f:/work/arm-none-eabi-gcc/gcc-arm-none-eabi-10.3-2021.10-win32/gcc-arm-none-eabi-10.3-2021.10/bin/../lib/gcc/arm-none-eabi/10.3.1/../../../../arm-none-eabi/lib/thumb/v7e-m/nofp\libg.a(lib_a-memcpy.o)
                0x08001004                memcpy
 *fill*         0x08001138        0x8 
 .text          0x08001140      0x2dc f:/work/arm-none-eabi-gcc/gcc-arm-none-eabi-10.3-2021.10-win32/gcc-arm-none-eabi-10.3-2021.10/bin/../lib/gcc/arm-none-eabi/10.3.1/../../../../arm-none-eabi/lib/thumb/v7e-m/nofp\libg.a(lib_a-strcmp.o)
                0x08001148                strcmp
 *fill*         0x0800141c       0x24 
 .text          0x08001440       0xdc f:/work/arm-none-eabi-gcc/gcc-arm-none-eabi-10.3-2021.10-win32/gcc-arm-none-eabi-10.3-2021.10/bin/../lib/gcc/arm-none-eabi/10.3.1/../../../../arm-none-eabi/lib/thumb/v7e-m/nofp\libg.a(lib_a-strlen.o)
                0x08001440                strlen
 *fill*         0x0800151c        0x4 
 .text          0x08001520       0xa0 f:/work/arm-none-eabi-gcc/gcc-arm-none-eabi-10.3-2021.10-win32/gcc-arm-none-eabi-10.3-2021.10/bin/../lib/gcc/arm-none-eabi/10.3.1/../../../../arm-none-eabi/lib/thumb/v7e-m/nofp\libg.a(lib_a-memchr.o)
                0x08001520                memchr
 .text          0x080015c0      0x424 f:/work/arm-none-eabi-gcc/gcc-arm-none-eabi-10.3-2021.10-win32/gcc-arm-none-eabi-10.3-2021.10/bin/../lib/gcc/arm-none-eabi/10.3.1/thumb/v7e-m/nofp\libgcc.a(_arm_muldivdf3.o)
                0x080015c0                __aeabi_dmul
                0x080015c0                __muldf3
                0x08001814                __divdf3
                0x08001814                __aeabi_ddiv
 .text          0x080019e4       0x40 f:/work/arm-none-eabi-gcc/gcc-arm-none-eabi-10.3-2021.10-win32/gcc-arm-none-eabi-10.3-2021.10/bin/../lib/gcc/arm-none-eabi/10.3.1/thumb/v7e-m/nofp\libgcc.a(_arm_fixunsdfsi.o)
                0x080019e4                __aeabi_d2uiz
                0x080019e4                __fixunsdfsi
 .text          0x08001a24       0x34 f:/work/arm-none-eabi-gcc/gcc-arm-none-eabi-10.3-2021.10-win32/gcc-arm-none-eabi-10.3-2021.10/bin/../lib/gcc/arm-none-eabi/10.3.1/thumb/v7e-m/nofp\libgcc.a(_fixdfdi.o)
                0x08001a24                __fixdfdi
                0x08001a24                __aeabi_d2lz
 .text          0x08001a58       0x3c f:/work/arm-none-eabi-gcc/gcc-arm-none-eabi-10.3-2021.10-win32/gcc-arm-none-eabi-10.3-2021.10/bin/../lib/gcc/arm-none-eabi/10.3.1/thumb/v7e-m/nofp\libgcc.a(_fixunsdfdi.o)
                0x08001a58                __fixunsdfdi
                0x08001a58                __aeabi_d2ulz
 *(.text*)
 .text.IRIS_calcCRC
                0x08001a94       0x42 CMakeFiles/H750_CJSON.elf.dir/Core/Src/Communication_Protocol.c.obj
                0x08001a94                IRIS_calcCRC
 *fill*         0x08001ad6        0x2 
 .text.IRIS_Protocol_Unpack
                0x08001ad8       0x80 CMakeFiles/H750_CJSON.elf.dir/Core/Src/Communication_Protocol.c.obj
                0x08001ad8                IRIS_Protocol_Unpack
 .text.Control_St
                0x08001b58       0x10 CMakeFiles/H750_CJSON.elf.dir/Core/Src/Control_Adjustment.c.obj
                0x08001b58                Control_St
 .text.Get_Temperature
                0x08001b68        0x6 CMakeFiles/H750_CJSON.elf.dir/Core/Src/Get_Parameters.c.obj
                0x08001b68                Get_Temperature
 *fill*         0x08001b6e        0x2 
 .text.Judge    0x08001b70       0x70 CMakeFiles/H750_CJSON.elf.dir/Core/Src/Judge.c.obj
                0x08001b70                Judge
 .text.SerialDataProcess
                0x08001be0       0x74 CMakeFiles/H750_CJSON.elf.dir/Core/Src/SerialDataProcess.c.obj
                0x08001be0                SerialDataProcess
 .text.Printf_Pn_Number
                0x08001c54       0x1c CMakeFiles/H750_CJSON.elf.dir/Core/Src/Store_Information.c.obj
                0x08001c54                Printf_Pn_Number
 .text.Printf_Sn_Number
                0x08001c70       0x20 CMakeFiles/H750_CJSON.elf.dir/Core/Src/Store_Information.c.obj
                0x08001c70                Printf_Sn_Number
 .text.Printf_Product_Time
                0x08001c90       0x20 CMakeFiles/H750_CJSON.elf.dir/Core/Src/Store_Information.c.obj
                0x08001c90                Printf_Product_Time
 .text.Printf_Manufacturer
                0x08001cb0       0x20 CMakeFiles/H750_CJSON.elf.dir/Core/Src/Store_Information.c.obj
                0x08001cb0                Printf_Manufacturer
 .text.Printf_Device_Pixel_Length
                0x08001cd0       0x18 CMakeFiles/H750_CJSON.elf.dir/Core/Src/Store_Information.c.obj
                0x08001cd0                Printf_Device_Pixel_Length
 .text.case_insensitive_strcmp
                0x08001ce8       0x64 CMakeFiles/H750_CJSON.elf.dir/Core/Src/cJSON.c.obj
 .text.get_decimal_point
                0x08001d4c        0x4 CMakeFiles/H750_CJSON.elf.dir/Core/Src/cJSON.c.obj
 .text.parse_hex4
                0x08001d50       0x4c CMakeFiles/H750_CJSON.elf.dir/Core/Src/cJSON.c.obj
 .text.utf16_literal_to_utf8
                0x08001d9c       0xec CMakeFiles/H750_CJSON.elf.dir/Core/Src/cJSON.c.obj
 .text.parse_string
                0x08001e88      0x15c CMakeFiles/H750_CJSON.elf.dir/Core/Src/cJSON.c.obj
 .text.buffer_skip_whitespace
                0x08001fe4       0x3c CMakeFiles/H750_CJSON.elf.dir/Core/Src/cJSON.c.obj
 .text.cJSON_New_Item
                0x08002020       0x18 CMakeFiles/H750_CJSON.elf.dir/Core/Src/cJSON.c.obj
 .text.skip_utf8_bom
                0x08002038       0x38 CMakeFiles/H750_CJSON.elf.dir/Core/Src/cJSON.c.obj
 .text.parse_number
                0x08002070      0x164 CMakeFiles/H750_CJSON.elf.dir/Core/Src/cJSON.c.obj
 .text.get_object_item
                0x080021d4       0x4c CMakeFiles/H750_CJSON.elf.dir/Core/Src/cJSON.c.obj
 .text.cJSON_Delete
                0x08002220       0x54 CMakeFiles/H750_CJSON.elf.dir/Core/Src/cJSON.c.obj
                0x08002220                cJSON_Delete
 .text.parse_object
                0x08002274      0x130 CMakeFiles/H750_CJSON.elf.dir/Core/Src/cJSON.c.obj
 .text.parse_value
                0x080023a4      0x108 CMakeFiles/H750_CJSON.elf.dir/Core/Src/cJSON.c.obj
 .text.parse_array
                0x080024ac       0xec CMakeFiles/H750_CJSON.elf.dir/Core/Src/cJSON.c.obj
 .text.cJSON_ParseWithLengthOpts
                0x08002598       0xd0 CMakeFiles/H750_CJSON.elf.dir/Core/Src/cJSON.c.obj
                0x08002598                cJSON_ParseWithLengthOpts
 .text.cJSON_ParseWithOpts
                0x08002668       0x1c CMakeFiles/H750_CJSON.elf.dir/Core/Src/cJSON.c.obj
                0x08002668                cJSON_ParseWithOpts
 .text.cJSON_Parse
                0x08002684        0xc CMakeFiles/H750_CJSON.elf.dir/Core/Src/cJSON.c.obj
                0x08002684                cJSON_Parse
 .text.cJSON_GetObjectItem
                0x08002690        0xa CMakeFiles/H750_CJSON.elf.dir/Core/Src/cJSON.c.obj
                0x08002690                cJSON_GetObjectItem
 *fill*         0x0800269a        0x2 
 .text.cjson    0x0800269c      0x158 CMakeFiles/H750_CJSON.elf.dir/Core/Src/cJSON_Test.c.obj
                0x0800269c                cjson
 .text.GetParametesptr
                0x080027f4        0x8 CMakeFiles/H750_CJSON.elf.dir/Core/Src/cJSON_Test.c.obj
                0x080027f4                GetParametesptr
 .text.MX_GPIO_Init
                0x080027fc       0x88 CMakeFiles/H750_CJSON.elf.dir/Core/Src/gpio.c.obj
                0x080027fc                MX_GPIO_Init
 .text.Error_Handler
                0x08002884        0x4 CMakeFiles/H750_CJSON.elf.dir/Core/Src/main.c.obj
                0x08002884                Error_Handler
 .text.SystemClock_Config
                0x08002888      0x110 CMakeFiles/H750_CJSON.elf.dir/Core/Src/main.c.obj
                0x08002888                SystemClock_Config
 .text.main     0x08002998       0xcc CMakeFiles/H750_CJSON.elf.dir/Core/Src/main.c.obj
                0x08002998                main
 .text.RetargetInit
                0x08002a64       0x20 CMakeFiles/H750_CJSON.elf.dir/Core/Src/retarget.c.obj
                0x08002a64                RetargetInit
 .text._isatty  0x08002a84       0x16 CMakeFiles/H750_CJSON.elf.dir/Core/Src/retarget.c.obj
                0x08002a84                _isatty
 *fill*         0x08002a9a        0x2 
 .text._write   0x08002a9c       0x34 CMakeFiles/H750_CJSON.elf.dir/Core/Src/retarget.c.obj
                0x08002a9c                _write
 .text._close   0x08002ad0       0x18 CMakeFiles/H750_CJSON.elf.dir/Core/Src/retarget.c.obj
                0x08002ad0                _close
 .text._lseek   0x08002ae8       0x10 CMakeFiles/H750_CJSON.elf.dir/Core/Src/retarget.c.obj
                0x08002ae8                _lseek
 .text._read    0x08002af8       0x30 CMakeFiles/H750_CJSON.elf.dir/Core/Src/retarget.c.obj
                0x08002af8                _read
 .text._fstat   0x08002b28       0x1a CMakeFiles/H750_CJSON.elf.dir/Core/Src/retarget.c.obj
                0x08002b28                _fstat
 *fill*         0x08002b42        0x2 
 .text.HAL_MspInit
                0x08002b44       0x24 CMakeFiles/H750_CJSON.elf.dir/Core/Src/stm32h7xx_hal_msp.c.obj
                0x08002b44                HAL_MspInit
 .text.NMI_Handler
                0x08002b68        0x2 CMakeFiles/H750_CJSON.elf.dir/Core/Src/stm32h7xx_it.c.obj
                0x08002b68                NMI_Handler
 .text.HardFault_Handler
                0x08002b6a        0x2 CMakeFiles/H750_CJSON.elf.dir/Core/Src/stm32h7xx_it.c.obj
                0x08002b6a                HardFault_Handler
 .text.MemManage_Handler
                0x08002b6c        0x2 CMakeFiles/H750_CJSON.elf.dir/Core/Src/stm32h7xx_it.c.obj
                0x08002b6c                MemManage_Handler
 .text.BusFault_Handler
                0x08002b6e        0x2 CMakeFiles/H750_CJSON.elf.dir/Core/Src/stm32h7xx_it.c.obj
                0x08002b6e                BusFault_Handler
 .text.UsageFault_Handler
                0x08002b70        0x2 CMakeFiles/H750_CJSON.elf.dir/Core/Src/stm32h7xx_it.c.obj
                0x08002b70                UsageFault_Handler
 .text.SVC_Handler
                0x08002b72        0x2 CMakeFiles/H750_CJSON.elf.dir/Core/Src/stm32h7xx_it.c.obj
                0x08002b72                SVC_Handler
 .text.DebugMon_Handler
                0x08002b74        0x2 CMakeFiles/H750_CJSON.elf.dir/Core/Src/stm32h7xx_it.c.obj
                0x08002b74                DebugMon_Handler
 .text.PendSV_Handler
                0x08002b76        0x2 CMakeFiles/H750_CJSON.elf.dir/Core/Src/stm32h7xx_it.c.obj
                0x08002b76                PendSV_Handler
 .text.SysTick_Handler
                0x08002b78        0x8 CMakeFiles/H750_CJSON.elf.dir/Core/Src/stm32h7xx_it.c.obj
                0x08002b78                SysTick_Handler
 .text.USART1_IRQHandler
                0x08002b80       0x10 CMakeFiles/H750_CJSON.elf.dir/Core/Src/stm32h7xx_it.c.obj
                0x08002b80                USART1_IRQHandler
 .text.USART3_IRQHandler
                0x08002b90       0x10 CMakeFiles/H750_CJSON.elf.dir/Core/Src/stm32h7xx_it.c.obj
                0x08002b90                USART3_IRQHandler
 .text._getpid  0x08002ba0        0x4 CMakeFiles/H750_CJSON.elf.dir/Core/Src/syscalls.c.obj
                0x08002ba0                _getpid
 .text._kill    0x08002ba4       0x10 CMakeFiles/H750_CJSON.elf.dir/Core/Src/syscalls.c.obj
                0x08002ba4                _kill
 .text._exit    0x08002bb4        0xc CMakeFiles/H750_CJSON.elf.dir/Core/Src/syscalls.c.obj
                0x08002bb4                _exit
 .text._sbrk    0x08002bc0       0x48 CMakeFiles/H750_CJSON.elf.dir/Core/Src/sysmem.c.obj
                0x08002bc0                _sbrk
 .text.SystemInit
                0x08002c08       0xbc CMakeFiles/H750_CJSON.elf.dir/Core/Src/system_stm32h7xx.c.obj
                0x08002c08                SystemInit
 .text.MX_USART1_UART_Init
                0x08002cc4       0x78 CMakeFiles/H750_CJSON.elf.dir/Core/Src/usart.c.obj
                0x08002cc4                MX_USART1_UART_Init
 .text.MX_USART3_UART_Init
                0x08002d3c       0x78 CMakeFiles/H750_CJSON.elf.dir/Core/Src/usart.c.obj
                0x08002d3c                MX_USART3_UART_Init
 .text.HAL_UART_MspInit
                0x08002db4      0x12c CMakeFiles/H750_CJSON.elf.dir/Core/Src/usart.c.obj
                0x08002db4                HAL_UART_MspInit
 .text.HAL_UART_RxCpltCallback
                0x08002ee0       0x88 CMakeFiles/H750_CJSON.elf.dir/Core/Src/usart.c.obj
                0x08002ee0                HAL_UART_RxCpltCallback
 .text.Reset_Handler
                0x08002f68       0x50 CMakeFiles/H750_CJSON.elf.dir/Core/Startup/startup_stm32h750vbtx.s.obj
                0x08002f68                Reset_Handler
 .text.Default_Handler
                0x08002fb8        0x2 CMakeFiles/H750_CJSON.elf.dir/Core/Startup/startup_stm32h750vbtx.s.obj
                0x08002fb8                RTC_Alarm_IRQHandler
                0x08002fb8                HASH_RNG_IRQHandler
                0x08002fb8                EXTI2_IRQHandler
                0x08002fb8                TIM8_CC_IRQHandler
                0x08002fb8                HRTIM1_Master_IRQHandler
                0x08002fb8                UART8_IRQHandler
                0x08002fb8                SPI4_IRQHandler
                0x08002fb8                TIM1_CC_IRQHandler
                0x08002fb8                BDMA_Channel6_IRQHandler
                0x08002fb8                DMA2_Stream5_IRQHandler
                0x08002fb8                HRTIM1_FLT_IRQHandler
                0x08002fb8                JPEG_IRQHandler
                0x08002fb8                DMA1_Stream5_IRQHandler
                0x08002fb8                BDMA_Channel1_IRQHandler
                0x08002fb8                HRTIM1_TIMD_IRQHandler
                0x08002fb8                TAMP_STAMP_IRQHandler
                0x08002fb8                EXTI3_IRQHandler
                0x08002fb8                LPTIM4_IRQHandler
                0x08002fb8                TIM8_TRG_COM_TIM14_IRQHandler
                0x08002fb8                LPTIM2_IRQHandler
                0x08002fb8                DFSDM1_FLT1_IRQHandler
                0x08002fb8                DMAMUX2_OVR_IRQHandler
                0x08002fb8                TIM8_UP_TIM13_IRQHandler
                0x08002fb8                I2C3_ER_IRQHandler
                0x08002fb8                DFSDM1_FLT2_IRQHandler
                0x08002fb8                MDMA_IRQHandler
                0x08002fb8                LPTIM3_IRQHandler
                0x08002fb8                HSEM1_IRQHandler
                0x08002fb8                EXTI0_IRQHandler
                0x08002fb8                I2C2_EV_IRQHandler
                0x08002fb8                DMA1_Stream2_IRQHandler
                0x08002fb8                FPU_IRQHandler
                0x08002fb8                OTG_HS_WKUP_IRQHandler
                0x08002fb8                FDCAN1_IT1_IRQHandler
                0x08002fb8                LTDC_ER_IRQHandler
                0x08002fb8                DMA2_Stream2_IRQHandler
                0x08002fb8                HRTIM1_TIME_IRQHandler
                0x08002fb8                SPI1_IRQHandler
                0x08002fb8                TIM6_DAC_IRQHandler
                0x08002fb8                DCMI_IRQHandler
                0x08002fb8                HRTIM1_TIMC_IRQHandler
                0x08002fb8                DMA2_Stream3_IRQHandler
                0x08002fb8                SAI2_IRQHandler
                0x08002fb8                DFSDM1_FLT3_IRQHandler
                0x08002fb8                USART6_IRQHandler
                0x08002fb8                TIM17_IRQHandler
                0x08002fb8                BDMA_Channel7_IRQHandler
                0x08002fb8                CRYP_IRQHandler
                0x08002fb8                LPTIM5_IRQHandler
                0x08002fb8                UART5_IRQHandler
                0x08002fb8                ADC3_IRQHandler
                0x08002fb8                DMA2_Stream0_IRQHandler
                0x08002fb8                TIM4_IRQHandler
                0x08002fb8                BDMA_Channel2_IRQHandler
                0x08002fb8                QUADSPI_IRQHandler
                0x08002fb8                I2C1_EV_IRQHandler
                0x08002fb8                DMA1_Stream6_IRQHandler
                0x08002fb8                DMAMUX1_OVR_IRQHandler
                0x08002fb8                DMA1_Stream1_IRQHandler
                0x08002fb8                TIM16_IRQHandler
                0x08002fb8                UART4_IRQHandler
                0x08002fb8                BDMA_Channel5_IRQHandler
                0x08002fb8                TIM3_IRQHandler
                0x08002fb8                RCC_IRQHandler
                0x08002fb8                TIM8_BRK_TIM12_IRQHandler
                0x08002fb8                TIM1_TRG_COM_IRQHandler
                0x08002fb8                Default_Handler
                0x08002fb8                ECC_IRQHandler
                0x08002fb8                CEC_IRQHandler
                0x08002fb8                EXTI15_10_IRQHandler
                0x08002fb8                BDMA_Channel0_IRQHandler
                0x08002fb8                ADC_IRQHandler
                0x08002fb8                DMA1_Stream7_IRQHandler
                0x08002fb8                HRTIM1_TIMA_IRQHandler
                0x08002fb8                SPI5_IRQHandler
                0x08002fb8                TIM7_IRQHandler
                0x08002fb8                SDMMC1_IRQHandler
                0x08002fb8                TIM5_IRQHandler
                0x08002fb8                DMA2_Stream7_IRQHandler
                0x08002fb8                TIM15_IRQHandler
                0x08002fb8                PVD_AVD_IRQHandler
                0x08002fb8                I2C3_EV_IRQHandler
                0x08002fb8                EXTI9_5_IRQHandler
                0x08002fb8                RTC_WKUP_IRQHandler
                0x08002fb8                LTDC_IRQHandler
                0x08002fb8                SAI3_IRQHandler
                0x08002fb8                ETH_WKUP_IRQHandler
                0x08002fb8                SPDIF_RX_IRQHandler
                0x08002fb8                SPI2_IRQHandler
                0x08002fb8                OTG_HS_EP1_IN_IRQHandler
                0x08002fb8                DMA1_Stream0_IRQHandler
                0x08002fb8                CRS_IRQHandler
                0x08002fb8                EXTI4_IRQHandler
                0x08002fb8                HRTIM1_TIMB_IRQHandler
                0x08002fb8                FDCAN2_IT1_IRQHandler
                0x08002fb8                ETH_IRQHandler
                0x08002fb8                TIM1_UP_IRQHandler
                0x08002fb8                BDMA_Channel4_IRQHandler
                0x08002fb8                OTG_HS_EP1_OUT_IRQHandler
                0x08002fb8                WWDG_IRQHandler
                0x08002fb8                SPI6_IRQHandler
                0x08002fb8                MDIOS_IRQHandler
                0x08002fb8                I2C4_EV_IRQHandler
                0x08002fb8                FDCAN2_IT0_IRQHandler
                0x08002fb8                LPUART1_IRQHandler
                0x08002fb8                FDCAN1_IT0_IRQHandler
                0x08002fb8                TIM2_IRQHandler
                0x08002fb8                OTG_FS_WKUP_IRQHandler
                0x08002fb8                OTG_HS_IRQHandler
                0x08002fb8                DMA2D_IRQHandler
                0x08002fb8                TIM1_BRK_IRQHandler
                0x08002fb8                EXTI1_IRQHandler
                0x08002fb8                SDMMC2_IRQHandler
                0x08002fb8                OTG_FS_EP1_OUT_IRQHandler
                0x08002fb8                BDMA_Channel3_IRQHandler
                0x08002fb8                UART7_IRQHandler
                0x08002fb8                MDIOS_WKUP_IRQHandler
                0x08002fb8                USART2_IRQHandler
                0x08002fb8                DFSDM1_FLT0_IRQHandler
                0x08002fb8                SAI4_IRQHandler
                0x08002fb8                I2C2_ER_IRQHandler
                0x08002fb8                DMA2_Stream1_IRQHandler
                0x08002fb8                FLASH_IRQHandler
                0x08002fb8                DMA2_Stream4_IRQHandler
                0x08002fb8                OTG_FS_IRQHandler
                0x08002fb8                SPI3_IRQHandler
                0x08002fb8                WAKEUP_PIN_IRQHandler
                0x08002fb8                DMA1_Stream4_IRQHandler
                0x08002fb8                OTG_FS_EP1_IN_IRQHandler
                0x08002fb8                I2C1_ER_IRQHandler
                0x08002fb8                FMC_IRQHandler
                0x08002fb8                FDCAN_CAL_IRQHandler
                0x08002fb8                SWPMI1_IRQHandler
                0x08002fb8                COMP1_IRQHandler
                0x08002fb8                LPTIM1_IRQHandler
                0x08002fb8                I2C4_ER_IRQHandler
                0x08002fb8                DMA2_Stream6_IRQHandler
                0x08002fb8                SAI1_IRQHandler
                0x08002fb8                DMA1_Stream3_IRQHandler
 *fill*         0x08002fba        0x2 
 .text.HAL_InitTick
                0x08002fbc       0x50 CMakeFiles/H750_CJSON.elf.dir/Drivers/STM32H7xx_HAL_Driver/Src/stm32h7xx_hal.c.obj
                0x08002fbc                HAL_InitTick
 .text.HAL_Init
                0x0800300c       0x5c CMakeFiles/H750_CJSON.elf.dir/Drivers/STM32H7xx_HAL_Driver/Src/stm32h7xx_hal.c.obj
                0x0800300c                HAL_Init
 .text.HAL_IncTick
                0x08003068       0x18 CMakeFiles/H750_CJSON.elf.dir/Drivers/STM32H7xx_HAL_Driver/Src/stm32h7xx_hal.c.obj
                0x08003068                HAL_IncTick
 .text.HAL_GetTick
                0x08003080        0xc CMakeFiles/H750_CJSON.elf.dir/Drivers/STM32H7xx_HAL_Driver/Src/stm32h7xx_hal.c.obj
                0x08003080                HAL_GetTick
 .text.HAL_GetREVID
                0x0800308c        0xc CMakeFiles/H750_CJSON.elf.dir/Drivers/STM32H7xx_HAL_Driver/Src/stm32h7xx_hal.c.obj
                0x0800308c                HAL_GetREVID
 .text.HAL_NVIC_SetPriorityGrouping
                0x08003098       0x24 CMakeFiles/H750_CJSON.elf.dir/Drivers/STM32H7xx_HAL_Driver/Src/stm32h7xx_hal_cortex.c.obj
                0x08003098                HAL_NVIC_SetPriorityGrouping
 .text.HAL_NVIC_SetPriority
                0x080030bc       0x6c CMakeFiles/H750_CJSON.elf.dir/Drivers/STM32H7xx_HAL_Driver/Src/stm32h7xx_hal_cortex.c.obj
                0x080030bc                HAL_NVIC_SetPriority
 .text.HAL_NVIC_EnableIRQ
                0x08003128       0x1c CMakeFiles/H750_CJSON.elf.dir/Drivers/STM32H7xx_HAL_Driver/Src/stm32h7xx_hal_cortex.c.obj
                0x08003128                HAL_NVIC_EnableIRQ
 .text.HAL_SYSTICK_Config
                0x08003144       0x28 CMakeFiles/H750_CJSON.elf.dir/Drivers/STM32H7xx_HAL_Driver/Src/stm32h7xx_hal_cortex.c.obj
                0x08003144                HAL_SYSTICK_Config
 .text.HAL_DMA_Abort
                0x0800316c      0x340 CMakeFiles/H750_CJSON.elf.dir/Drivers/STM32H7xx_HAL_Driver/Src/stm32h7xx_hal_dma.c.obj
                0x0800316c                HAL_DMA_Abort
 .text.HAL_DMA_Abort_IT
                0x080034ac      0x270 CMakeFiles/H750_CJSON.elf.dir/Drivers/STM32H7xx_HAL_Driver/Src/stm32h7xx_hal_dma.c.obj
                0x080034ac                HAL_DMA_Abort_IT
 .text.HAL_GPIO_Init
                0x0800371c      0x228 CMakeFiles/H750_CJSON.elf.dir/Drivers/STM32H7xx_HAL_Driver/Src/stm32h7xx_hal_gpio.c.obj
                0x0800371c                HAL_GPIO_Init
 .text.HAL_GPIO_WritePin
                0x08003944        0xc CMakeFiles/H750_CJSON.elf.dir/Drivers/STM32H7xx_HAL_Driver/Src/stm32h7xx_hal_gpio.c.obj
                0x08003944                HAL_GPIO_WritePin
 .text.HAL_PWREx_ConfigSupply
                0x08003950       0x54 CMakeFiles/H750_CJSON.elf.dir/Drivers/STM32H7xx_HAL_Driver/Src/stm32h7xx_hal_pwr_ex.c.obj
                0x08003950                HAL_PWREx_ConfigSupply
 .text.HAL_RCC_OscConfig
                0x080039a4      0x6b4 CMakeFiles/H750_CJSON.elf.dir/Drivers/STM32H7xx_HAL_Driver/Src/stm32h7xx_hal_rcc.c.obj
                0x080039a4                HAL_RCC_OscConfig
 .text.HAL_RCC_GetSysClockFreq
                0x08004058      0x218 CMakeFiles/H750_CJSON.elf.dir/Drivers/STM32H7xx_HAL_Driver/Src/stm32h7xx_hal_rcc.c.obj
                0x08004058                HAL_RCC_GetSysClockFreq
 .text.HAL_RCC_ClockConfig
                0x08004270      0x294 CMakeFiles/H750_CJSON.elf.dir/Drivers/STM32H7xx_HAL_Driver/Src/stm32h7xx_hal_rcc.c.obj
                0x08004270                HAL_RCC_ClockConfig
 .text.HAL_RCC_GetHCLKFreq
                0x08004504       0x44 CMakeFiles/H750_CJSON.elf.dir/Drivers/STM32H7xx_HAL_Driver/Src/stm32h7xx_hal_rcc.c.obj
                0x08004504                HAL_RCC_GetHCLKFreq
 .text.HAL_RCC_GetPCLK1Freq
                0x08004548       0x24 CMakeFiles/H750_CJSON.elf.dir/Drivers/STM32H7xx_HAL_Driver/Src/stm32h7xx_hal_rcc.c.obj
                0x08004548                HAL_RCC_GetPCLK1Freq
 .text.HAL_RCC_GetPCLK2Freq
                0x0800456c       0x24 CMakeFiles/H750_CJSON.elf.dir/Drivers/STM32H7xx_HAL_Driver/Src/stm32h7xx_hal_rcc.c.obj
                0x0800456c                HAL_RCC_GetPCLK2Freq
 .text.RCCEx_PLL2_Config
                0x08004590      0x10c CMakeFiles/H750_CJSON.elf.dir/Drivers/STM32H7xx_HAL_Driver/Src/stm32h7xx_hal_rcc_ex.c.obj
 .text.RCCEx_PLL3_Config
                0x0800469c      0x10c CMakeFiles/H750_CJSON.elf.dir/Drivers/STM32H7xx_HAL_Driver/Src/stm32h7xx_hal_rcc_ex.c.obj
 .text.HAL_RCCEx_PeriphCLKConfig
                0x080047a8      0xa8c CMakeFiles/H750_CJSON.elf.dir/Drivers/STM32H7xx_HAL_Driver/Src/stm32h7xx_hal_rcc_ex.c.obj
                0x080047a8                HAL_RCCEx_PeriphCLKConfig
 .text.HAL_RCCEx_GetD3PCLK1Freq
                0x08005234       0x24 CMakeFiles/H750_CJSON.elf.dir/Drivers/STM32H7xx_HAL_Driver/Src/stm32h7xx_hal_rcc_ex.c.obj
                0x08005234                HAL_RCCEx_GetD3PCLK1Freq
 .text.HAL_RCCEx_GetPLL2ClockFreq
                0x08005258      0x234 CMakeFiles/H750_CJSON.elf.dir/Drivers/STM32H7xx_HAL_Driver/Src/stm32h7xx_hal_rcc_ex.c.obj
                0x08005258                HAL_RCCEx_GetPLL2ClockFreq
 .text.HAL_RCCEx_GetPLL3ClockFreq
                0x0800548c      0x234 CMakeFiles/H750_CJSON.elf.dir/Drivers/STM32H7xx_HAL_Driver/Src/stm32h7xx_hal_rcc_ex.c.obj
                0x0800548c                HAL_RCCEx_GetPLL3ClockFreq
 .text.UART_EndRxTransfer
                0x080056c0       0x58 CMakeFiles/H750_CJSON.elf.dir/Drivers/STM32H7xx_HAL_Driver/Src/stm32h7xx_hal_uart.c.obj
 .text.HAL_UART_TxCpltCallback
                0x08005718        0x2 CMakeFiles/H750_CJSON.elf.dir/Drivers/STM32H7xx_HAL_Driver/Src/stm32h7xx_hal_uart.c.obj
                0x08005718                HAL_UART_TxCpltCallback
 .text.UART_EndTransmit_IT
                0x0800571a       0x24 CMakeFiles/H750_CJSON.elf.dir/Drivers/STM32H7xx_HAL_Driver/Src/stm32h7xx_hal_uart.c.obj
 .text.HAL_UART_ErrorCallback
                0x0800573e        0x2 CMakeFiles/H750_CJSON.elf.dir/Drivers/STM32H7xx_HAL_Driver/Src/stm32h7xx_hal_uart.c.obj
                0x0800573e                HAL_UART_ErrorCallback
 .text.UART_DMAAbortOnError
                0x08005740       0x14 CMakeFiles/H750_CJSON.elf.dir/Drivers/STM32H7xx_HAL_Driver/Src/stm32h7xx_hal_uart.c.obj
 .text.HAL_UARTEx_RxEventCallback
                0x08005754        0x2 CMakeFiles/H750_CJSON.elf.dir/Drivers/STM32H7xx_HAL_Driver/Src/stm32h7xx_hal_uart.c.obj
                0x08005754                HAL_UARTEx_RxEventCallback
 *fill*         0x08005756        0x2 
 .text.HAL_UART_IRQHandler
                0x08005758      0x3b8 CMakeFiles/H750_CJSON.elf.dir/Drivers/STM32H7xx_HAL_Driver/Src/stm32h7xx_hal_uart.c.obj
                0x08005758                HAL_UART_IRQHandler
 .text.UART_RxISR_8BIT
                0x08005b10       0xdc CMakeFiles/H750_CJSON.elf.dir/Drivers/STM32H7xx_HAL_Driver/Src/stm32h7xx_hal_uart.c.obj
 .text.UART_RxISR_16BIT
                0x08005bec       0xd8 CMakeFiles/H750_CJSON.elf.dir/Drivers/STM32H7xx_HAL_Driver/Src/stm32h7xx_hal_uart.c.obj
 .text.UART_RxISR_8BIT_FIFOEN
                0x08005cc4      0x1cc CMakeFiles/H750_CJSON.elf.dir/Drivers/STM32H7xx_HAL_Driver/Src/stm32h7xx_hal_uart.c.obj
 .text.UART_RxISR_16BIT_FIFOEN
                0x08005e90      0x1c8 CMakeFiles/H750_CJSON.elf.dir/Drivers/STM32H7xx_HAL_Driver/Src/stm32h7xx_hal_uart.c.obj
 .text.UART_SetConfig
                0x08006058      0x5f4 CMakeFiles/H750_CJSON.elf.dir/Drivers/STM32H7xx_HAL_Driver/Src/stm32h7xx_hal_uart.c.obj
                0x08006058                UART_SetConfig
 .text.UART_AdvFeatureConfig
                0x0800664c       0xca CMakeFiles/H750_CJSON.elf.dir/Drivers/STM32H7xx_HAL_Driver/Src/stm32h7xx_hal_uart.c.obj
                0x0800664c                UART_AdvFeatureConfig
 .text.UART_WaitOnFlagUntilTimeout
                0x08006716       0x9a CMakeFiles/H750_CJSON.elf.dir/Drivers/STM32H7xx_HAL_Driver/Src/stm32h7xx_hal_uart.c.obj
                0x08006716                UART_WaitOnFlagUntilTimeout
 .text.HAL_UART_Transmit
                0x080067b0       0xd0 CMakeFiles/H750_CJSON.elf.dir/Drivers/STM32H7xx_HAL_Driver/Src/stm32h7xx_hal_uart.c.obj
                0x080067b0                HAL_UART_Transmit
 .text.HAL_UART_Receive
                0x08006880      0x116 CMakeFiles/H750_CJSON.elf.dir/Drivers/STM32H7xx_HAL_Driver/Src/stm32h7xx_hal_uart.c.obj
                0x08006880                HAL_UART_Receive
 .text.UART_CheckIdleState
                0x08006996       0xca CMakeFiles/H750_CJSON.elf.dir/Drivers/STM32H7xx_HAL_Driver/Src/stm32h7xx_hal_uart.c.obj
                0x08006996                UART_CheckIdleState
 .text.HAL_UART_Init
                0x08006a60       0x66 CMakeFiles/H750_CJSON.elf.dir/Drivers/STM32H7xx_HAL_Driver/Src/stm32h7xx_hal_uart.c.obj
                0x08006a60                HAL_UART_Init
 *fill*         0x08006ac6        0x2 
 .text.UART_Start_Receive_IT
                0x08006ac8      0x13c CMakeFiles/H750_CJSON.elf.dir/Drivers/STM32H7xx_HAL_Driver/Src/stm32h7xx_hal_uart.c.obj
                0x08006ac8                UART_Start_Receive_IT
 .text.HAL_UART_Receive_IT
                0x08006c04       0x4c CMakeFiles/H750_CJSON.elf.dir/Drivers/STM32H7xx_HAL_Driver/Src/stm32h7xx_hal_uart.c.obj
                0x08006c04                HAL_UART_Receive_IT
 .text.UARTEx_SetNbDataToProcess
                0x08006c50       0x4c CMakeFiles/H750_CJSON.elf.dir/Drivers/STM32H7xx_HAL_Driver/Src/stm32h7xx_hal_uart_ex.c.obj
 .text.HAL_UARTEx_WakeupCallback
                0x08006c9c        0x2 CMakeFiles/H750_CJSON.elf.dir/Drivers/STM32H7xx_HAL_Driver/Src/stm32h7xx_hal_uart_ex.c.obj
                0x08006c9c                HAL_UARTEx_WakeupCallback
 .text.HAL_UARTEx_RxFifoFullCallback
                0x08006c9e        0x2 CMakeFiles/H750_CJSON.elf.dir/Drivers/STM32H7xx_HAL_Driver/Src/stm32h7xx_hal_uart_ex.c.obj
                0x08006c9e                HAL_UARTEx_RxFifoFullCallback
 .text.HAL_UARTEx_TxFifoEmptyCallback
                0x08006ca0        0x2 CMakeFiles/H750_CJSON.elf.dir/Drivers/STM32H7xx_HAL_Driver/Src/stm32h7xx_hal_uart_ex.c.obj
                0x08006ca0                HAL_UARTEx_TxFifoEmptyCallback
 .text.HAL_UARTEx_DisableFifoMode
                0x08006ca2       0x3e CMakeFiles/H750_CJSON.elf.dir/Drivers/STM32H7xx_HAL_Driver/Src/stm32h7xx_hal_uart_ex.c.obj
                0x08006ca2                HAL_UARTEx_DisableFifoMode
 .text.HAL_UARTEx_SetTxFifoThreshold
                0x08006ce0       0x4a CMakeFiles/H750_CJSON.elf.dir/Drivers/STM32H7xx_HAL_Driver/Src/stm32h7xx_hal_uart_ex.c.obj
                0x08006ce0                HAL_UARTEx_SetTxFifoThreshold
 .text.HAL_UARTEx_SetRxFifoThreshold
                0x08006d2a       0x4a CMakeFiles/H750_CJSON.elf.dir/Drivers/STM32H7xx_HAL_Driver/Src/stm32h7xx_hal_uart_ex.c.obj
                0x08006d2a                HAL_UARTEx_SetRxFifoThreshold
 .text.__errno  0x08006d74        0xc f:/work/arm-none-eabi-gcc/gcc-arm-none-eabi-10.3-2021.10-win32/gcc-arm-none-eabi-10.3-2021.10/bin/../lib/gcc/arm-none-eabi/10.3.1/../../../../arm-none-eabi/lib/thumb/v7e-m/nofp\libg.a(lib_a-errno.o)
                0x08006d74                __errno
 .text.__libc_init_array
                0x08006d80       0x48 f:/work/arm-none-eabi-gcc/gcc-arm-none-eabi-10.3-2021.10-win32/gcc-arm-none-eabi-10.3-2021.10/bin/../lib/gcc/arm-none-eabi/10.3.1/../../../../arm-none-eabi/lib/thumb/v7e-m/nofp\libg.a(lib_a-init.o)
                0x08006d80                __libc_init_array
 .text.malloc   0x08006dc8       0x10 f:/work/arm-none-eabi-gcc/gcc-arm-none-eabi-10.3-2021.10-win32/gcc-arm-none-eabi-10.3-2021.10/bin/../lib/gcc/arm-none-eabi/10.3.1/../../../../arm-none-eabi/lib/thumb/v7e-m/nofp\libg.a(lib_a-malloc.o)
                0x08006dc8                malloc
 .text.free     0x08006dd8       0x10 f:/work/arm-none-eabi-gcc/gcc-arm-none-eabi-10.3-2021.10-win32/gcc-arm-none-eabi-10.3-2021.10/bin/../lib/gcc/arm-none-eabi/10.3.1/../../../../arm-none-eabi/lib/thumb/v7e-m/nofp\libg.a(lib_a-malloc.o)
                0x08006dd8                free
 .text._malloc_r
                0x08006de8      0x560 f:/work/arm-none-eabi-gcc/gcc-arm-none-eabi-10.3-2021.10-win32/gcc-arm-none-eabi-10.3-2021.10/bin/../lib/gcc/arm-none-eabi/10.3.1/../../../../arm-none-eabi/lib/thumb/v7e-m/nofp\libg.a(lib_a-mallocr.o)
                0x08006de8                _malloc_r
 .text.memset   0x08007348       0xa4 f:/work/arm-none-eabi-gcc/gcc-arm-none-eabi-10.3-2021.10-win32/gcc-arm-none-eabi-10.3-2021.10/bin/../lib/gcc/arm-none-eabi/10.3.1/../../../../arm-none-eabi/lib/thumb/v7e-m/nofp\libg.a(lib_a-memset.o)
                0x08007348                memset
 .text.__malloc_lock
                0x080073ec        0xc f:/work/arm-none-eabi-gcc/gcc-arm-none-eabi-10.3-2021.10-win32/gcc-arm-none-eabi-10.3-2021.10/bin/../lib/gcc/arm-none-eabi/10.3.1/../../../../arm-none-eabi/lib/thumb/v7e-m/nofp\libg.a(lib_a-mlock.o)
                0x080073ec                __malloc_lock
 .text.__malloc_unlock
                0x080073f8        0xc f:/work/arm-none-eabi-gcc/gcc-arm-none-eabi-10.3-2021.10-win32/gcc-arm-none-eabi-10.3-2021.10/bin/../lib/gcc/arm-none-eabi/10.3.1/../../../../arm-none-eabi/lib/thumb/v7e-m/nofp\libg.a(lib_a-mlock.o)
                0x080073f8                __malloc_unlock
 .text.printf   0x08007404       0x28 f:/work/arm-none-eabi-gcc/gcc-arm-none-eabi-10.3-2021.10-win32/gcc-arm-none-eabi-10.3-2021.10/bin/../lib/gcc/arm-none-eabi/10.3.1/../../../../arm-none-eabi/lib/thumb/v7e-m/nofp\libg.a(lib_a-printf.o)
                0x08007404                printf
 .text._puts_r  0x0800742c       0x9c f:/work/arm-none-eabi-gcc/gcc-arm-none-eabi-10.3-2021.10-win32/gcc-arm-none-eabi-10.3-2021.10/bin/../lib/gcc/arm-none-eabi/10.3.1/../../../../arm-none-eabi/lib/thumb/v7e-m/nofp\libg.a(lib_a-puts.o)
                0x0800742c                _puts_r
 .text.puts     0x080074c8       0x10 f:/work/arm-none-eabi-gcc/gcc-arm-none-eabi-10.3-2021.10-win32/gcc-arm-none-eabi-10.3-2021.10/bin/../lib/gcc/arm-none-eabi/10.3.1/../../../../arm-none-eabi/lib/thumb/v7e-m/nofp\libg.a(lib_a-puts.o)
                0x080074c8                puts
 .text.realloc  0x080074d8       0x18 f:/work/arm-none-eabi-gcc/gcc-arm-none-eabi-10.3-2021.10-win32/gcc-arm-none-eabi-10.3-2021.10/bin/../lib/gcc/arm-none-eabi/10.3.1/../../../../arm-none-eabi/lib/thumb/v7e-m/nofp\libg.a(lib_a-realloc.o)
                0x080074d8                realloc
 .text._realloc_r
                0x080074f0      0x3d8 f:/work/arm-none-eabi-gcc/gcc-arm-none-eabi-10.3-2021.10-win32/gcc-arm-none-eabi-10.3-2021.10/bin/../lib/gcc/arm-none-eabi/10.3.1/../../../../arm-none-eabi/lib/thumb/v7e-m/nofp\libg.a(lib_a-reallocr.o)
                0x080074f0                _realloc_r
 .text._sbrk_r  0x080078c8       0x24 f:/work/arm-none-eabi-gcc/gcc-arm-none-eabi-10.3-2021.10-win32/gcc-arm-none-eabi-10.3-2021.10/bin/../lib/gcc/arm-none-eabi/10.3.1/../../../../arm-none-eabi/lib/thumb/v7e-m/nofp\libg.a(lib_a-sbrkr.o)
                0x080078c8                _sbrk_r
 .text.setvbuf  0x080078ec      0x1b0 f:/work/arm-none-eabi-gcc/gcc-arm-none-eabi-10.3-2021.10-win32/gcc-arm-none-eabi-10.3-2021.10/bin/../lib/gcc/arm-none-eabi/10.3.1/../../../../arm-none-eabi/lib/thumb/v7e-m/nofp\libg.a(lib_a-setvbuf.o)
                0x080078ec                setvbuf
 .text.__sread  0x08007a9c       0x24 f:/work/arm-none-eabi-gcc/gcc-arm-none-eabi-10.3-2021.10-win32/gcc-arm-none-eabi-10.3-2021.10/bin/../lib/gcc/arm-none-eabi/10.3.1/../../../../arm-none-eabi/lib/thumb/v7e-m/nofp\libg.a(lib_a-stdio.o)
                0x08007a9c                __sread
 .text.__swrite
                0x08007ac0       0x40 f:/work/arm-none-eabi-gcc/gcc-arm-none-eabi-10.3-2021.10-win32/gcc-arm-none-eabi-10.3-2021.10/bin/../lib/gcc/arm-none-eabi/10.3.1/../../../../arm-none-eabi/lib/thumb/v7e-m/nofp\libg.a(lib_a-stdio.o)
                0x08007ac0                __swrite
 .text.__sseek  0x08007b00       0x20 f:/work/arm-none-eabi-gcc/gcc-arm-none-eabi-10.3-2021.10-win32/gcc-arm-none-eabi-10.3-2021.10/bin/../lib/gcc/arm-none-eabi/10.3.1/../../../../arm-none-eabi/lib/thumb/v7e-m/nofp\libg.a(lib_a-stdio.o)
                0x08007b00                __sseek
 .text.__sclose
                0x08007b20        0x8 f:/work/arm-none-eabi-gcc/gcc-arm-none-eabi-10.3-2021.10-win32/gcc-arm-none-eabi-10.3-2021.10/bin/../lib/gcc/arm-none-eabi/10.3.1/../../../../arm-none-eabi/lib/thumb/v7e-m/nofp\libg.a(lib_a-stdio.o)
                0x08007b20                __sclose
 .text.strncmp  0x08007b28       0x80 f:/work/arm-none-eabi-gcc/gcc-arm-none-eabi-10.3-2021.10-win32/gcc-arm-none-eabi-10.3-2021.10/bin/../lib/gcc/arm-none-eabi/10.3.1/../../../../arm-none-eabi/lib/thumb/v7e-m/nofp\libg.a(lib_a-strncmp.o)
                0x08007b28                strncmp
 .text._strtod_l
                0x08007ba8      0xf30 f:/work/arm-none-eabi-gcc/gcc-arm-none-eabi-10.3-2021.10-win32/gcc-arm-none-eabi-10.3-2021.10/bin/../lib/gcc/arm-none-eabi/10.3.1/../../../../arm-none-eabi/lib/thumb/v7e-m/nofp\libg.a(lib_a-strtod.o)
                0x08007ba8                _strtod_l
 .text.strtod   0x08008ad8       0x1c f:/work/arm-none-eabi-gcc/gcc-arm-none-eabi-10.3-2021.10-win32/gcc-arm-none-eabi-10.3-2021.10/bin/../lib/gcc/arm-none-eabi/10.3.1/../../../../arm-none-eabi/lib/thumb/v7e-m/nofp\libg.a(lib_a-strtod.o)
                0x08008ad8                strtod
 .text._vfprintf_r
                0x08008af4     0x1ad4 f:/work/arm-none-eabi-gcc/gcc-arm-none-eabi-10.3-2021.10-win32/gcc-arm-none-eabi-10.3-2021.10/bin/../lib/gcc/arm-none-eabi/10.3.1/../../../../arm-none-eabi/lib/thumb/v7e-m/nofp\libg.a(lib_a-vfprintf.o)
                0x08008af4                _vfprintf_r
 .text.__sbprintf
                0x0800a5c8       0x80 f:/work/arm-none-eabi-gcc/gcc-arm-none-eabi-10.3-2021.10-win32/gcc-arm-none-eabi-10.3-2021.10/bin/../lib/gcc/arm-none-eabi/10.3.1/../../../../arm-none-eabi/lib/thumb/v7e-m/nofp\libg.a(lib_a-vfprintf.o)
 .text._write_r
                0x0800a648       0x2c f:/work/arm-none-eabi-gcc/gcc-arm-none-eabi-10.3-2021.10-win32/gcc-arm-none-eabi-10.3-2021.10/bin/../lib/gcc/arm-none-eabi/10.3.1/../../../../arm-none-eabi/lib/thumb/v7e-m/nofp\libg.a(lib_a-writer.o)
                0x0800a648                _write_r
 .text.__swsetup_r
                0x0800a674       0xd4 f:/work/arm-none-eabi-gcc/gcc-arm-none-eabi-10.3-2021.10-win32/gcc-arm-none-eabi-10.3-2021.10/bin/../lib/gcc/arm-none-eabi/10.3.1/../../../../arm-none-eabi/lib/thumb/v7e-m/nofp\libg.a(lib_a-wsetup.o)
                0x0800a674                __swsetup_r
 .text.startup.register_fini
                0x0800a748       0x14 f:/work/arm-none-eabi-gcc/gcc-arm-none-eabi-10.3-2021.10-win32/gcc-arm-none-eabi-10.3-2021.10/bin/../lib/gcc/arm-none-eabi/10.3.1/../../../../arm-none-eabi/lib/thumb/v7e-m/nofp\libg.a(lib_a-__call_atexit.o)
 .text.atexit   0x0800a75c        0xc f:/work/arm-none-eabi-gcc/gcc-arm-none-eabi-10.3-2021.10-win32/gcc-arm-none-eabi-10.3-2021.10/bin/../lib/gcc/arm-none-eabi/10.3.1/../../../../arm-none-eabi/lib/thumb/v7e-m/nofp\libg.a(lib_a-atexit.o)
                0x0800a75c                atexit
 .text._close_r
                0x0800a768       0x24 f:/work/arm-none-eabi-gcc/gcc-arm-none-eabi-10.3-2021.10-win32/gcc-arm-none-eabi-10.3-2021.10/bin/../lib/gcc/arm-none-eabi/10.3.1/../../../../arm-none-eabi/lib/thumb/v7e-m/nofp\libg.a(lib_a-closer.o)
                0x0800a768                _close_r
 .text.quorem   0x0800a78c      0x124 f:/work/arm-none-eabi-gcc/gcc-arm-none-eabi-10.3-2021.10-win32/gcc-arm-none-eabi-10.3-2021.10/bin/../lib/gcc/arm-none-eabi/10.3.1/../../../../arm-none-eabi/lib/thumb/v7e-m/nofp\libg.a(lib_a-dtoa.o)
 .text._dtoa_r  0x0800a8b0      0xec4 f:/work/arm-none-eabi-gcc/gcc-arm-none-eabi-10.3-2021.10-win32/gcc-arm-none-eabi-10.3-2021.10/bin/../lib/gcc/arm-none-eabi/10.3.1/../../../../arm-none-eabi/lib/thumb/v7e-m/nofp\libg.a(lib_a-dtoa.o)
                0x0800a8b0                _dtoa_r
 .text.__sflush_r
                0x0800b774      0x120 f:/work/arm-none-eabi-gcc/gcc-arm-none-eabi-10.3-2021.10-win32/gcc-arm-none-eabi-10.3-2021.10/bin/../lib/gcc/arm-none-eabi/10.3.1/../../../../arm-none-eabi/lib/thumb/v7e-m/nofp\libg.a(lib_a-fflush.o)
                0x0800b774                __sflush_r
 .text._fflush_r
                0x0800b894       0x5c f:/work/arm-none-eabi-gcc/gcc-arm-none-eabi-10.3-2021.10-win32/gcc-arm-none-eabi-10.3-2021.10/bin/../lib/gcc/arm-none-eabi/10.3.1/../../../../arm-none-eabi/lib/thumb/v7e-m/nofp\libg.a(lib_a-fflush.o)
                0x0800b894                _fflush_r
 .text._cleanup_r
                0x0800b8f0        0xc f:/work/arm-none-eabi-gcc/gcc-arm-none-eabi-10.3-2021.10-win32/gcc-arm-none-eabi-10.3-2021.10/bin/../lib/gcc/arm-none-eabi/10.3.1/../../../../arm-none-eabi/lib/thumb/v7e-m/nofp\libg.a(lib_a-findfp.o)
                0x0800b8f0                _cleanup_r
 .text.__sinit  0x0800b8fc      0x10c f:/work/arm-none-eabi-gcc/gcc-arm-none-eabi-10.3-2021.10-win32/gcc-arm-none-eabi-10.3-2021.10/bin/../lib/gcc/arm-none-eabi/10.3.1/../../../../arm-none-eabi/lib/thumb/v7e-m/nofp\libg.a(lib_a-findfp.o)
                0x0800b8fc                __sinit
 .text.__sfp_lock_acquire
                0x0800ba08        0xc f:/work/arm-none-eabi-gcc/gcc-arm-none-eabi-10.3-2021.10-win32/gcc-arm-none-eabi-10.3-2021.10/bin/../lib/gcc/arm-none-eabi/10.3.1/../../../../arm-none-eabi/lib/thumb/v7e-m/nofp\libg.a(lib_a-findfp.o)
                0x0800ba08                __sfp_lock_acquire
 .text.__sfp_lock_release
                0x0800ba14        0xc f:/work/arm-none-eabi-gcc/gcc-arm-none-eabi-10.3-2021.10-win32/gcc-arm-none-eabi-10.3-2021.10/bin/../lib/gcc/arm-none-eabi/10.3.1/../../../../arm-none-eabi/lib/thumb/v7e-m/nofp\libg.a(lib_a-findfp.o)
                0x0800ba14                __sfp_lock_release
 .text.__libc_fini_array
                0x0800ba20       0x2c f:/work/arm-none-eabi-gcc/gcc-arm-none-eabi-10.3-2021.10-win32/gcc-arm-none-eabi-10.3-2021.10/bin/../lib/gcc/arm-none-eabi/10.3.1/../../../../arm-none-eabi/lib/thumb/v7e-m/nofp\libg.a(lib_a-fini.o)
                0x0800ba20                __libc_fini_array
 .text._malloc_trim_r
                0x0800ba4c       0xa0 f:/work/arm-none-eabi-gcc/gcc-arm-none-eabi-10.3-2021.10-win32/gcc-arm-none-eabi-10.3-2021.10/bin/../lib/gcc/arm-none-eabi/10.3.1/../../../../arm-none-eabi/lib/thumb/v7e-m/nofp\libg.a(lib_a-freer.o)
                0x0800ba4c                _malloc_trim_r
 .text._free_r  0x0800baec      0x20c f:/work/arm-none-eabi-gcc/gcc-arm-none-eabi-10.3-2021.10-win32/gcc-arm-none-eabi-10.3-2021.10/bin/../lib/gcc/arm-none-eabi/10.3.1/../../../../arm-none-eabi/lib/thumb/v7e-m/nofp\libg.a(lib_a-freer.o)
                0x0800baec                _free_r
 .text.__sfvwrite_r
                0x0800bcf8      0x2e8 f:/work/arm-none-eabi-gcc/gcc-arm-none-eabi-10.3-2021.10-win32/gcc-arm-none-eabi-10.3-2021.10/bin/../lib/gcc/arm-none-eabi/10.3.1/../../../../arm-none-eabi/lib/thumb/v7e-m/nofp\libg.a(lib_a-fvwrite.o)
                0x0800bcf8                __sfvwrite_r
 .text._fwalk_reent
                0x0800bfe0       0x48 f:/work/arm-none-eabi-gcc/gcc-arm-none-eabi-10.3-2021.10-win32/gcc-arm-none-eabi-10.3-2021.10/bin/../lib/gcc/arm-none-eabi/10.3.1/../../../../arm-none-eabi/lib/thumb/v7e-m/nofp\libg.a(lib_a-fwalk.o)
                0x0800bfe0                _fwalk_reent
 .text.rshift   0x0800c028       0xa4 f:/work/arm-none-eabi-gcc/gcc-arm-none-eabi-10.3-2021.10-win32/gcc-arm-none-eabi-10.3-2021.10/bin/../lib/gcc/arm-none-eabi/10.3.1/../../../../arm-none-eabi/lib/thumb/v7e-m/nofp\libg.a(lib_a-gdtoa-gethex.o)
 .text.__gethex
                0x0800c0cc      0x5bc f:/work/arm-none-eabi-gcc/gcc-arm-none-eabi-10.3-2021.10-win32/gcc-arm-none-eabi-10.3-2021.10/bin/../lib/gcc/arm-none-eabi/10.3.1/../../../../arm-none-eabi/lib/thumb/v7e-m/nofp\libg.a(lib_a-gdtoa-gethex.o)
                0x0800c0cc                __gethex
 .text.__match  0x0800c688       0x34 f:/work/arm-none-eabi-gcc/gcc-arm-none-eabi-10.3-2021.10-win32/gcc-arm-none-eabi-10.3-2021.10/bin/../lib/gcc/arm-none-eabi/10.3.1/../../../../arm-none-eabi/lib/thumb/v7e-m/nofp\libg.a(lib_a-gdtoa-hexnan.o)
                0x0800c688                __match
 .text.__hexnan
                0x0800c6bc      0x1ac f:/work/arm-none-eabi-gcc/gcc-arm-none-eabi-10.3-2021.10-win32/gcc-arm-none-eabi-10.3-2021.10/bin/../lib/gcc/arm-none-eabi/10.3.1/../../../../arm-none-eabi/lib/thumb/v7e-m/nofp\libg.a(lib_a-gdtoa-hexnan.o)
                0x0800c6bc                __hexnan
 .text.__locale_mb_cur_max
                0x0800c868        0xc f:/work/arm-none-eabi-gcc/gcc-arm-none-eabi-10.3-2021.10-win32/gcc-arm-none-eabi-10.3-2021.10/bin/../lib/gcc/arm-none-eabi/10.3.1/../../../../arm-none-eabi/lib/thumb/v7e-m/nofp\libg.a(lib_a-locale.o)
                0x0800c868                __locale_mb_cur_max
 .text._localeconv_r
                0x0800c874        0x8 f:/work/arm-none-eabi-gcc/gcc-arm-none-eabi-10.3-2021.10-win32/gcc-arm-none-eabi-10.3-2021.10/bin/../lib/gcc/arm-none-eabi/10.3.1/../../../../arm-none-eabi/lib/thumb/v7e-m/nofp\libg.a(lib_a-localeconv.o)
                0x0800c874                _localeconv_r
 .text.__retarget_lock_init_recursive
                0x0800c87c        0x4 f:/work/arm-none-eabi-gcc/gcc-arm-none-eabi-10.3-2021.10-win32/gcc-arm-none-eabi-10.3-2021.10/bin/../lib/gcc/arm-none-eabi/10.3.1/../../../../arm-none-eabi/lib/thumb/v7e-m/nofp\libg.a(lib_a-lock.o)
                0x0800c87c                __retarget_lock_init_recursive
 .text.__retarget_lock_close_recursive
                0x0800c880        0x4 f:/work/arm-none-eabi-gcc/gcc-arm-none-eabi-10.3-2021.10-win32/gcc-arm-none-eabi-10.3-2021.10/bin/../lib/gcc/arm-none-eabi/10.3.1/../../../../arm-none-eabi/lib/thumb/v7e-m/nofp\libg.a(lib_a-lock.o)
                0x0800c880                __retarget_lock_close_recursive
 .text.__retarget_lock_acquire_recursive
                0x0800c884        0x4 f:/work/arm-none-eabi-gcc/gcc-arm-none-eabi-10.3-2021.10-win32/gcc-arm-none-eabi-10.3-2021.10/bin/../lib/gcc/arm-none-eabi/10.3.1/../../../../arm-none-eabi/lib/thumb/v7e-m/nofp\libg.a(lib_a-lock.o)
                0x0800c884                __retarget_lock_acquire_recursive
 .text.__retarget_lock_release_recursive
                0x0800c888        0x4 f:/work/arm-none-eabi-gcc/gcc-arm-none-eabi-10.3-2021.10-win32/gcc-arm-none-eabi-10.3-2021.10/bin/../lib/gcc/arm-none-eabi/10.3.1/../../../../arm-none-eabi/lib/thumb/v7e-m/nofp\libg.a(lib_a-lock.o)
                0x0800c888                __retarget_lock_release_recursive
 .text._lseek_r
                0x0800c88c       0x2c f:/work/arm-none-eabi-gcc/gcc-arm-none-eabi-10.3-2021.10-win32/gcc-arm-none-eabi-10.3-2021.10/bin/../lib/gcc/arm-none-eabi/10.3.1/../../../../arm-none-eabi/lib/thumb/v7e-m/nofp\libg.a(lib_a-lseekr.o)
                0x0800c88c                _lseek_r
 .text.__smakebuf_r
                0x0800c8b8       0xe0 f:/work/arm-none-eabi-gcc/gcc-arm-none-eabi-10.3-2021.10-win32/gcc-arm-none-eabi-10.3-2021.10/bin/../lib/gcc/arm-none-eabi/10.3.1/../../../../arm-none-eabi/lib/thumb/v7e-m/nofp\libg.a(lib_a-makebuf.o)
                0x0800c8b8                __smakebuf_r
 .text.__swhatbuf_r
                0x0800c998       0x60 f:/work/arm-none-eabi-gcc/gcc-arm-none-eabi-10.3-2021.10-win32/gcc-arm-none-eabi-10.3-2021.10/bin/../lib/gcc/arm-none-eabi/10.3.1/../../../../arm-none-eabi/lib/thumb/v7e-m/nofp\libg.a(lib_a-makebuf.o)
                0x0800c998                __swhatbuf_r
 .text.__ascii_mbtowc
                0x0800c9f8       0x2c f:/work/arm-none-eabi-gcc/gcc-arm-none-eabi-10.3-2021.10-win32/gcc-arm-none-eabi-10.3-2021.10/bin/../lib/gcc/arm-none-eabi/10.3.1/../../../../arm-none-eabi/lib/thumb/v7e-m/nofp\libg.a(lib_a-mbtowc_r.o)
                0x0800c9f8                __ascii_mbtowc
 .text.memmove  0x0800ca24       0xf8 f:/work/arm-none-eabi-gcc/gcc-arm-none-eabi-10.3-2021.10-win32/gcc-arm-none-eabi-10.3-2021.10/bin/../lib/gcc/arm-none-eabi/10.3.1/../../../../arm-none-eabi/lib/thumb/v7e-m/nofp\libg.a(lib_a-memmove.o)
                0x0800ca24                memmove
 .text._Balloc  0x0800cb1c       0x4c f:/work/arm-none-eabi-gcc/gcc-arm-none-eabi-10.3-2021.10-win32/gcc-arm-none-eabi-10.3-2021.10/bin/../lib/gcc/arm-none-eabi/10.3.1/../../../../arm-none-eabi/lib/thumb/v7e-m/nofp\libg.a(lib_a-mprec.o)
                0x0800cb1c                _Balloc
 .text._Bfree   0x0800cb68       0x14 f:/work/arm-none-eabi-gcc/gcc-arm-none-eabi-10.3-2021.10-win32/gcc-arm-none-eabi-10.3-2021.10/bin/../lib/gcc/arm-none-eabi/10.3.1/../../../../arm-none-eabi/lib/thumb/v7e-m/nofp\libg.a(lib_a-mprec.o)
                0x0800cb68                _Bfree
 .text.__multadd
                0x0800cb7c       0xa0 f:/work/arm-none-eabi-gcc/gcc-arm-none-eabi-10.3-2021.10-win32/gcc-arm-none-eabi-10.3-2021.10/bin/../lib/gcc/arm-none-eabi/10.3.1/../../../../arm-none-eabi/lib/thumb/v7e-m/nofp\libg.a(lib_a-mprec.o)
                0x0800cb7c                __multadd
 .text.__s2b    0x0800cc1c       0xb4 f:/work/arm-none-eabi-gcc/gcc-arm-none-eabi-10.3-2021.10-win32/gcc-arm-none-eabi-10.3-2021.10/bin/../lib/gcc/arm-none-eabi/10.3.1/../../../../arm-none-eabi/lib/thumb/v7e-m/nofp\libg.a(lib_a-mprec.o)
                0x0800cc1c                __s2b
 .text.__hi0bits
                0x0800ccd0       0x40 f:/work/arm-none-eabi-gcc/gcc-arm-none-eabi-10.3-2021.10-win32/gcc-arm-none-eabi-10.3-2021.10/bin/../lib/gcc/arm-none-eabi/10.3.1/../../../../arm-none-eabi/lib/thumb/v7e-m/nofp\libg.a(lib_a-mprec.o)
                0x0800ccd0                __hi0bits
 .text.__lo0bits
                0x0800cd10       0x5c f:/work/arm-none-eabi-gcc/gcc-arm-none-eabi-10.3-2021.10-win32/gcc-arm-none-eabi-10.3-2021.10/bin/../lib/gcc/arm-none-eabi/10.3.1/../../../../arm-none-eabi/lib/thumb/v7e-m/nofp\libg.a(lib_a-mprec.o)
                0x0800cd10                __lo0bits
 .text.__i2b    0x0800cd6c       0x5c f:/work/arm-none-eabi-gcc/gcc-arm-none-eabi-10.3-2021.10-win32/gcc-arm-none-eabi-10.3-2021.10/bin/../lib/gcc/arm-none-eabi/10.3.1/../../../../arm-none-eabi/lib/thumb/v7e-m/nofp\libg.a(lib_a-mprec.o)
                0x0800cd6c                __i2b
 .text.__multiply
                0x0800cdc8      0x15c f:/work/arm-none-eabi-gcc/gcc-arm-none-eabi-10.3-2021.10-win32/gcc-arm-none-eabi-10.3-2021.10/bin/../lib/gcc/arm-none-eabi/10.3.1/../../../../arm-none-eabi/lib/thumb/v7e-m/nofp\libg.a(lib_a-mprec.o)
                0x0800cdc8                __multiply
 .text.__pow5mult
                0x0800cf24       0xc0 f:/work/arm-none-eabi-gcc/gcc-arm-none-eabi-10.3-2021.10-win32/gcc-arm-none-eabi-10.3-2021.10/bin/../lib/gcc/arm-none-eabi/10.3.1/../../../../arm-none-eabi/lib/thumb/v7e-m/nofp\libg.a(lib_a-mprec.o)
                0x0800cf24                __pow5mult
 .text.__lshift
                0x0800cfe4       0xf0 f:/work/arm-none-eabi-gcc/gcc-arm-none-eabi-10.3-2021.10-win32/gcc-arm-none-eabi-10.3-2021.10/bin/../lib/gcc/arm-none-eabi/10.3.1/../../../../arm-none-eabi/lib/thumb/v7e-m/nofp\libg.a(lib_a-mprec.o)
                0x0800cfe4                __lshift
 .text.__mcmp   0x0800d0d4       0x40 f:/work/arm-none-eabi-gcc/gcc-arm-none-eabi-10.3-2021.10-win32/gcc-arm-none-eabi-10.3-2021.10/bin/../lib/gcc/arm-none-eabi/10.3.1/../../../../arm-none-eabi/lib/thumb/v7e-m/nofp\libg.a(lib_a-mprec.o)
                0x0800d0d4                __mcmp
 .text.__mdiff  0x0800d114      0x14c f:/work/arm-none-eabi-gcc/gcc-arm-none-eabi-10.3-2021.10-win32/gcc-arm-none-eabi-10.3-2021.10/bin/../lib/gcc/arm-none-eabi/10.3.1/../../../../arm-none-eabi/lib/thumb/v7e-m/nofp\libg.a(lib_a-mprec.o)
                0x0800d114                __mdiff
 .text.__ulp    0x0800d260       0x44 f:/work/arm-none-eabi-gcc/gcc-arm-none-eabi-10.3-2021.10-win32/gcc-arm-none-eabi-10.3-2021.10/bin/../lib/gcc/arm-none-eabi/10.3.1/../../../../arm-none-eabi/lib/thumb/v7e-m/nofp\libg.a(lib_a-mprec.o)
                0x0800d260                __ulp
 .text.__b2d    0x0800d2a4       0xd0 f:/work/arm-none-eabi-gcc/gcc-arm-none-eabi-10.3-2021.10-win32/gcc-arm-none-eabi-10.3-2021.10/bin/../lib/gcc/arm-none-eabi/10.3.1/../../../../arm-none-eabi/lib/thumb/v7e-m/nofp\libg.a(lib_a-mprec.o)
                0x0800d2a4                __b2d
 .text.__d2b    0x0800d374       0xc4 f:/work/arm-none-eabi-gcc/gcc-arm-none-eabi-10.3-2021.10-win32/gcc-arm-none-eabi-10.3-2021.10/bin/../lib/gcc/arm-none-eabi/10.3.1/../../../../arm-none-eabi/lib/thumb/v7e-m/nofp\libg.a(lib_a-mprec.o)
                0x0800d374                __d2b
 .text.__ratio  0x0800d438       0x5c f:/work/arm-none-eabi-gcc/gcc-arm-none-eabi-10.3-2021.10-win32/gcc-arm-none-eabi-10.3-2021.10/bin/../lib/gcc/arm-none-eabi/10.3.1/../../../../arm-none-eabi/lib/thumb/v7e-m/nofp\libg.a(lib_a-mprec.o)
                0x0800d438                __ratio
 .text.__copybits
                0x0800d494       0x5c f:/work/arm-none-eabi-gcc/gcc-arm-none-eabi-10.3-2021.10-win32/gcc-arm-none-eabi-10.3-2021.10/bin/../lib/gcc/arm-none-eabi/10.3.1/../../../../arm-none-eabi/lib/thumb/v7e-m/nofp\libg.a(lib_a-mprec.o)
                0x0800d494                __copybits
 .text.__any_on
                0x0800d4f0       0x60 f:/work/arm-none-eabi-gcc/gcc-arm-none-eabi-10.3-2021.10-win32/gcc-arm-none-eabi-10.3-2021.10/bin/../lib/gcc/arm-none-eabi/10.3.1/../../../../arm-none-eabi/lib/thumb/v7e-m/nofp\libg.a(lib_a-mprec.o)
                0x0800d4f0                __any_on
 .text._read_r  0x0800d550       0x2c f:/work/arm-none-eabi-gcc/gcc-arm-none-eabi-10.3-2021.10-win32/gcc-arm-none-eabi-10.3-2021.10/bin/../lib/gcc/arm-none-eabi/10.3.1/../../../../arm-none-eabi/lib/thumb/v7e-m/nofp\libg.a(lib_a-readr.o)
                0x0800d550                _read_r
 .text.frexp    0x0800d57c       0x70 f:/work/arm-none-eabi-gcc/gcc-arm-none-eabi-10.3-2021.10-win32/gcc-arm-none-eabi-10.3-2021.10/bin/../lib/gcc/arm-none-eabi/10.3.1/../../../../arm-none-eabi/lib/thumb/v7e-m/nofp\libg.a(lib_a-s_frexp.o)
                0x0800d57c                frexp
 .text.nan      0x0800d5ec        0xc f:/work/arm-none-eabi-gcc/gcc-arm-none-eabi-10.3-2021.10-win32/gcc-arm-none-eabi-10.3-2021.10/bin/../lib/gcc/arm-none-eabi/10.3.1/../../../../arm-none-eabi/lib/thumb/v7e-m/nofp\libg.a(lib_a-s_nan.o)
                0x0800d5ec                nan
 .text.strncpy  0x0800d5f8       0x64 f:/work/arm-none-eabi-gcc/gcc-arm-none-eabi-10.3-2021.10-win32/gcc-arm-none-eabi-10.3-2021.10/bin/../lib/gcc/arm-none-eabi/10.3.1/../../../../arm-none-eabi/lib/thumb/v7e-m/nofp\libg.a(lib_a-strncpy.o)
                0x0800d5f8                strncpy
 .text.__sprint_r.part.0
                0x0800d65c       0x78 f:/work/arm-none-eabi-gcc/gcc-arm-none-eabi-10.3-2021.10-win32/gcc-arm-none-eabi-10.3-2021.10/bin/../lib/gcc/arm-none-eabi/10.3.1/../../../../arm-none-eabi/lib/thumb/v7e-m/nofp\libg.a(lib_a-vfiprintf.o)
 .text.__sprint_r
                0x0800d6d4       0x14 f:/work/arm-none-eabi-gcc/gcc-arm-none-eabi-10.3-2021.10-win32/gcc-arm-none-eabi-10.3-2021.10/bin/../lib/gcc/arm-none-eabi/10.3.1/../../../../arm-none-eabi/lib/thumb/v7e-m/nofp\libg.a(lib_a-vfiprintf.o)
                0x0800d6d4                __sprint_r
 .text._vfiprintf_r
                0x0800d6e8      0xda0 f:/work/arm-none-eabi-gcc/gcc-arm-none-eabi-10.3-2021.10-win32/gcc-arm-none-eabi-10.3-2021.10/bin/../lib/gcc/arm-none-eabi/10.3.1/../../../../arm-none-eabi/lib/thumb/v7e-m/nofp\libg.a(lib_a-vfiprintf.o)
                0x0800d6e8                _vfiprintf_r
 .text.__sbprintf
                0x0800e488       0x80 f:/work/arm-none-eabi-gcc/gcc-arm-none-eabi-10.3-2021.10-win32/gcc-arm-none-eabi-10.3-2021.10/bin/../lib/gcc/arm-none-eabi/10.3.1/../../../../arm-none-eabi/lib/thumb/v7e-m/nofp\libg.a(lib_a-vfiprintf.o)
 .text.__ascii_wctomb
                0x0800e508       0x1c f:/work/arm-none-eabi-gcc/gcc-arm-none-eabi-10.3-2021.10-win32/gcc-arm-none-eabi-10.3-2021.10/bin/../lib/gcc/arm-none-eabi/10.3.1/../../../../arm-none-eabi/lib/thumb/v7e-m/nofp\libg.a(lib_a-wctomb_r.o)
                0x0800e508                __ascii_wctomb
 .text.__register_exitproc
                0x0800e524       0x8c f:/work/arm-none-eabi-gcc/gcc-arm-none-eabi-10.3-2021.10-win32/gcc-arm-none-eabi-10.3-2021.10/bin/../lib/gcc/arm-none-eabi/10.3.1/../../../../arm-none-eabi/lib/thumb/v7e-m/nofp\libg.a(lib_a-__atexit.o)
                0x0800e524                __register_exitproc
 .text.__assert_func
                0x0800e5b0       0x40 f:/work/arm-none-eabi-gcc/gcc-arm-none-eabi-10.3-2021.10-win32/gcc-arm-none-eabi-10.3-2021.10/bin/../lib/gcc/arm-none-eabi/10.3.1/../../../../arm-none-eabi/lib/thumb/v7e-m/nofp\libg.a(lib_a-assert.o)
                0x0800e5b0                __assert_func
 .text._calloc_r
                0x0800e5f0       0x78 f:/work/arm-none-eabi-gcc/gcc-arm-none-eabi-10.3-2021.10-win32/gcc-arm-none-eabi-10.3-2021.10/bin/../lib/gcc/arm-none-eabi/10.3.1/../../../../arm-none-eabi/lib/thumb/v7e-m/nofp\libg.a(lib_a-callocr.o)
                0x0800e5f0                _calloc_r
 .text._fclose_r
                0x0800e668       0xcc f:/work/arm-none-eabi-gcc/gcc-arm-none-eabi-10.3-2021.10-win32/gcc-arm-none-eabi-10.3-2021.10/bin/../lib/gcc/arm-none-eabi/10.3.1/../../../../arm-none-eabi/lib/thumb/v7e-m/nofp\libg.a(lib_a-fclose.o)
                0x0800e668                _fclose_r
 .text.fiprintf
                0x0800e734       0x28 f:/work/arm-none-eabi-gcc/gcc-arm-none-eabi-10.3-2021.10-win32/gcc-arm-none-eabi-10.3-2021.10/bin/../lib/gcc/arm-none-eabi/10.3.1/../../../../arm-none-eabi/lib/thumb/v7e-m/nofp\libg.a(lib_a-fiprintf.o)
                0x0800e734                fiprintf
 .text.__fputwc
                0x0800e75c       0xa8 f:/work/arm-none-eabi-gcc/gcc-arm-none-eabi-10.3-2021.10-win32/gcc-arm-none-eabi-10.3-2021.10/bin/../lib/gcc/arm-none-eabi/10.3.1/../../../../arm-none-eabi/lib/thumb/v7e-m/nofp\libg.a(lib_a-fputwc.o)
                0x0800e75c                __fputwc
 .text._fputwc_r
                0x0800e804       0x68 f:/work/arm-none-eabi-gcc/gcc-arm-none-eabi-10.3-2021.10-win32/gcc-arm-none-eabi-10.3-2021.10/bin/../lib/gcc/arm-none-eabi/10.3.1/../../../../arm-none-eabi/lib/thumb/v7e-m/nofp\libg.a(lib_a-fputwc.o)
                0x0800e804                _fputwc_r
 .text._fstat_r
                0x0800e86c       0x2c f:/work/arm-none-eabi-gcc/gcc-arm-none-eabi-10.3-2021.10-win32/gcc-arm-none-eabi-10.3-2021.10/bin/../lib/gcc/arm-none-eabi/10.3.1/../../../../arm-none-eabi/lib/thumb/v7e-m/nofp\libg.a(lib_a-fstatr.o)
                0x0800e86c                _fstat_r
 .text._isatty_r
                0x0800e898       0x24 f:/work/arm-none-eabi-gcc/gcc-arm-none-eabi-10.3-2021.10-win32/gcc-arm-none-eabi-10.3-2021.10/bin/../lib/gcc/arm-none-eabi/10.3.1/../../../../arm-none-eabi/lib/thumb/v7e-m/nofp\libg.a(lib_a-isattyr.o)
                0x0800e898                _isatty_r
 .text.__swbuf_r
                0x0800e8bc       0xb0 f:/work/arm-none-eabi-gcc/gcc-arm-none-eabi-10.3-2021.10-win32/gcc-arm-none-eabi-10.3-2021.10/bin/../lib/gcc/arm-none-eabi/10.3.1/../../../../arm-none-eabi/lib/thumb/v7e-m/nofp\libg.a(lib_a-wbuf.o)
                0x0800e8bc                __swbuf_r
 .text._wcrtomb_r
                0x0800e96c       0x3c f:/work/arm-none-eabi-gcc/gcc-arm-none-eabi-10.3-2021.10-win32/gcc-arm-none-eabi-10.3-2021.10/bin/../lib/gcc/arm-none-eabi/10.3.1/../../../../arm-none-eabi/lib/thumb/v7e-m/nofp\libg.a(lib_a-wcrtomb.o)
                0x0800e96c                _wcrtomb_r
 .text.abort    0x0800e9a8       0x10 f:/work/arm-none-eabi-gcc/gcc-arm-none-eabi-10.3-2021.10-win32/gcc-arm-none-eabi-10.3-2021.10/bin/../lib/gcc/arm-none-eabi/10.3.1/../../../../arm-none-eabi/lib/thumb/v7e-m/nofp\libg.a(lib_a-abort.o)
                0x0800e9a8                abort
 .text.raise    0x0800e9b8       0x5c f:/work/arm-none-eabi-gcc/gcc-arm-none-eabi-10.3-2021.10-win32/gcc-arm-none-eabi-10.3-2021.10/bin/../lib/gcc/arm-none-eabi/10.3.1/../../../../arm-none-eabi/lib/thumb/v7e-m/nofp\libg.a(lib_a-signal.o)
                0x0800e9b8                raise
 .text._kill_r  0x0800ea14       0x2c f:/work/arm-none-eabi-gcc/gcc-arm-none-eabi-10.3-2021.10-win32/gcc-arm-none-eabi-10.3-2021.10/bin/../lib/gcc/arm-none-eabi/10.3.1/../../../../arm-none-eabi/lib/thumb/v7e-m/nofp\libg.a(lib_a-signalr.o)
                0x0800ea14                _kill_r
 .text._getpid_r
                0x0800ea40        0x4 f:/work/arm-none-eabi-gcc/gcc-arm-none-eabi-10.3-2021.10-win32/gcc-arm-none-eabi-10.3-2021.10/bin/../lib/gcc/arm-none-eabi/10.3.1/../../../../arm-none-eabi/lib/thumb/v7e-m/nofp\libg.a(lib_a-signalr.o)
                0x0800ea40                _getpid_r
 *(.glue_7)
 .glue_7        0x0800ea44        0x0 linker stubs
 *(.glue_7t)
 .glue_7t       0x0800ea44        0x0 linker stubs
 *(.eh_frame)
 .eh_frame      0x0800ea44        0x0 f:/work/arm-none-eabi-gcc/gcc-arm-none-eabi-10.3-2021.10-win32/gcc-arm-none-eabi-10.3-2021.10/bin/../lib/gcc/arm-none-eabi/10.3.1/thumb/v7e-m/nofp/crtbegin.o
 *(.init)
 .init          0x0800ea44        0x4 f:/work/arm-none-eabi-gcc/gcc-arm-none-eabi-10.3-2021.10-win32/gcc-arm-none-eabi-10.3-2021.10/bin/../lib/gcc/arm-none-eabi/10.3.1/thumb/v7e-m/nofp/crti.o
                0x0800ea44                _init
 .init          0x0800ea48        0x8 f:/work/arm-none-eabi-gcc/gcc-arm-none-eabi-10.3-2021.10-win32/gcc-arm-none-eabi-10.3-2021.10/bin/../lib/gcc/arm-none-eabi/10.3.1/thumb/v7e-m/nofp/crtn.o
 *(.fini)
 .fini          0x0800ea50        0x4 f:/work/arm-none-eabi-gcc/gcc-arm-none-eabi-10.3-2021.10-win32/gcc-arm-none-eabi-10.3-2021.10/bin/../lib/gcc/arm-none-eabi/10.3.1/thumb/v7e-m/nofp/crti.o
                0x0800ea50                _fini
 .fini          0x0800ea54        0x8 f:/work/arm-none-eabi-gcc/gcc-arm-none-eabi-10.3-2021.10-win32/gcc-arm-none-eabi-10.3-2021.10/bin/../lib/gcc/arm-none-eabi/10.3.1/thumb/v7e-m/nofp/crtn.o
                0x0800ea5c                . = ALIGN (0x4)
                0x0800ea5c                _etext = .

.vfp11_veneer   0x0800ea5c        0x0
 .vfp11_veneer  0x0800ea5c        0x0 linker stubs

.v4_bx          0x0800ea5c        0x0
 .v4_bx         0x0800ea5c        0x0 linker stubs

.iplt           0x0800ea5c        0x0
 .iplt          0x0800ea5c        0x0 f:/work/arm-none-eabi-gcc/gcc-arm-none-eabi-10.3-2021.10-win32/gcc-arm-none-eabi-10.3-2021.10/bin/../lib/gcc/arm-none-eabi/10.3.1/thumb/v7e-m/nofp/crtbegin.o

.rodata         0x0800ea60      0x814
                0x0800ea60                . = ALIGN (0x4)
 *(.rodata)
 *(.rodata*)
 .rodata.Control_St.str1.4
                0x0800ea60        0x9 CMakeFiles/H750_CJSON.elf.dir/Core/Src/Control_Adjustment.c.obj
 *fill*         0x0800ea69        0x3 
 .rodata.Judge.str1.4
                0x0800ea6c       0x13 CMakeFiles/H750_CJSON.elf.dir/Core/Src/Judge.c.obj
 *fill*         0x0800ea7f        0x1 
 .rodata.SerialDataProcess.str1.4
                0x0800ea80       0x24 CMakeFiles/H750_CJSON.elf.dir/Core/Src/SerialDataProcess.c.obj
                                 0x2c (size before relaxing)
 .rodata.Printf_Pn_Number.str1.4
                0x0800eaa4        0xc CMakeFiles/H750_CJSON.elf.dir/Core/Src/Store_Information.c.obj
 .rodata.Printf_Sn_Number.str1.4
                0x0800eab0        0x9 CMakeFiles/H750_CJSON.elf.dir/Core/Src/Store_Information.c.obj
 *fill*         0x0800eab9        0x3 
 .rodata.Printf_Product_Time.str1.4
                0x0800eabc        0x9 CMakeFiles/H750_CJSON.elf.dir/Core/Src/Store_Information.c.obj
 *fill*         0x0800eac5        0x3 
 .rodata.Printf_Manufacturer.str1.4
                0x0800eac8        0x5 CMakeFiles/H750_CJSON.elf.dir/Core/Src/Store_Information.c.obj
 *fill*         0x0800eacd        0x3 
 .rodata.skip_utf8_bom.str1.4
                0x0800ead0        0x4 CMakeFiles/H750_CJSON.elf.dir/Core/Src/cJSON.c.obj
 .rodata.print_number.str1.4
                0x0800ead4       0x1f CMakeFiles/H750_CJSON.elf.dir/Core/Src/cJSON.c.obj
 *fill*         0x0800eaf3        0x1 
 .rodata.print_value.str1.4
                0x0800eaf4        0xd CMakeFiles/H750_CJSON.elf.dir/Core/Src/cJSON.c.obj
 *fill*         0x0800eb01        0x3 
 .rodata.cjson.str1.4
                0x0800eb04      0x141 CMakeFiles/H750_CJSON.elf.dir/Core/Src/cJSON_Test.c.obj
 *fill*         0x0800ec45        0x3 
 .rodata.D1CorePrescTable
                0x0800ec48       0x10 CMakeFiles/H750_CJSON.elf.dir/Core/Src/system_stm32h7xx.c.obj
                0x0800ec48                D1CorePrescTable
 .rodata.UARTPrescTable
                0x0800ec58       0x18 CMakeFiles/H750_CJSON.elf.dir/Drivers/STM32H7xx_HAL_Driver/Src/stm32h7xx_hal_uart.c.obj
                0x0800ec58                UARTPrescTable
 .rodata.denominator.0
                0x0800ec70        0x8 CMakeFiles/H750_CJSON.elf.dir/Drivers/STM32H7xx_HAL_Driver/Src/stm32h7xx_hal_uart_ex.c.obj
 .rodata.numerator.1
                0x0800ec78        0x8 CMakeFiles/H750_CJSON.elf.dir/Drivers/STM32H7xx_HAL_Driver/Src/stm32h7xx_hal_uart_ex.c.obj
 .rodata._ctype_
                0x0800ec80      0x101 f:/work/arm-none-eabi-gcc/gcc-arm-none-eabi-10.3-2021.10-win32/gcc-arm-none-eabi-10.3-2021.10/bin/../lib/gcc/arm-none-eabi/10.3.1/../../../../arm-none-eabi/lib/thumb/v7e-m/nofp\libg.a(lib_a-ctype_.o)
                0x0800ec80                _ctype_
 *fill*         0x0800ed81        0x3 
 .rodata._global_impure_ptr
                0x0800ed84        0x4 f:/work/arm-none-eabi-gcc/gcc-arm-none-eabi-10.3-2021.10-win32/gcc-arm-none-eabi-10.3-2021.10/bin/../lib/gcc/arm-none-eabi/10.3.1/../../../../arm-none-eabi/lib/thumb/v7e-m/nofp\libg.a(lib_a-impure.o)
                0x0800ed84                _global_impure_ptr
 .rodata._puts_r.str1.4
                0x0800ed88      0x141 f:/work/arm-none-eabi-gcc/gcc-arm-none-eabi-10.3-2021.10-win32/gcc-arm-none-eabi-10.3-2021.10/bin/../lib/gcc/arm-none-eabi/10.3.1/../../../../arm-none-eabi/lib/thumb/v7e-m/nofp\libg.a(lib_a-puts.o)
                                  0x2 (size before relaxing)
 .rodata._strtod_l.str1.4
                0x0800ed88        0xf f:/work/arm-none-eabi-gcc/gcc-arm-none-eabi-10.3-2021.10-win32/gcc-arm-none-eabi-10.3-2021.10/bin/../lib/gcc/arm-none-eabi/10.3.1/../../../../arm-none-eabi/lib/thumb/v7e-m/nofp\libg.a(lib_a-strtod.o)
                                 0x11 (size before relaxing)
 *fill*         0x0800ed97        0x1 
 .rodata.fpi.1  0x0800ed98       0x14 f:/work/arm-none-eabi-gcc/gcc-arm-none-eabi-10.3-2021.10-win32/gcc-arm-none-eabi-10.3-2021.10/bin/../lib/gcc/arm-none-eabi/10.3.1/../../../../arm-none-eabi/lib/thumb/v7e-m/nofp\libg.a(lib_a-strtod.o)
 .rodata.fpinan.0
                0x0800edac       0x14 f:/work/arm-none-eabi-gcc/gcc-arm-none-eabi-10.3-2021.10-win32/gcc-arm-none-eabi-10.3-2021.10/bin/../lib/gcc/arm-none-eabi/10.3.1/../../../../arm-none-eabi/lib/thumb/v7e-m/nofp\libg.a(lib_a-strtod.o)
 .rodata.tinytens
                0x0800edc0       0x28 f:/work/arm-none-eabi-gcc/gcc-arm-none-eabi-10.3-2021.10-win32/gcc-arm-none-eabi-10.3-2021.10/bin/../lib/gcc/arm-none-eabi/10.3.1/../../../../arm-none-eabi/lib/thumb/v7e-m/nofp\libg.a(lib_a-strtod.o)
 .rodata._vfprintf_r.str1.4
                0x0800ede8       0x42 f:/work/arm-none-eabi-gcc/gcc-arm-none-eabi-10.3-2021.10-win32/gcc-arm-none-eabi-10.3-2021.10/bin/../lib/gcc/arm-none-eabi/10.3.1/../../../../arm-none-eabi/lib/thumb/v7e-m/nofp\libg.a(lib_a-vfprintf.o)
 *fill*         0x0800ee2a        0x2 
 .rodata.blanks.1
                0x0800ee2c       0x10 f:/work/arm-none-eabi-gcc/gcc-arm-none-eabi-10.3-2021.10-win32/gcc-arm-none-eabi-10.3-2021.10/bin/../lib/gcc/arm-none-eabi/10.3.1/../../../../arm-none-eabi/lib/thumb/v7e-m/nofp\libg.a(lib_a-vfprintf.o)
 .rodata.zeroes.0
                0x0800ee3c       0x10 f:/work/arm-none-eabi-gcc/gcc-arm-none-eabi-10.3-2021.10-win32/gcc-arm-none-eabi-10.3-2021.10/bin/../lib/gcc/arm-none-eabi/10.3.1/../../../../arm-none-eabi/lib/thumb/v7e-m/nofp\libg.a(lib_a-vfprintf.o)
 .rodata._dtoa_r.str1.4
                0x0800ee4c       0xa2 f:/work/arm-none-eabi-gcc/gcc-arm-none-eabi-10.3-2021.10-win32/gcc-arm-none-eabi-10.3-2021.10/bin/../lib/gcc/arm-none-eabi/10.3.1/../../../../arm-none-eabi/lib/thumb/v7e-m/nofp\libg.a(lib_a-dtoa.o)
                                 0xa6 (size before relaxing)
 *fill*         0x0800eeee        0x2 
 .rodata.__gethex.str1.4
                0x0800eef0       0x86 f:/work/arm-none-eabi-gcc/gcc-arm-none-eabi-10.3-2021.10-win32/gcc-arm-none-eabi-10.3-2021.10/bin/../lib/gcc/arm-none-eabi/10.3.1/../../../../arm-none-eabi/lib/thumb/v7e-m/nofp\libg.a(lib_a-gdtoa-gethex.o)
                                 0x9a (size before relaxing)
 *fill*         0x0800ef76        0x2 
 .rodata.__hexdig
                0x0800ef78      0x100 f:/work/arm-none-eabi-gcc/gcc-arm-none-eabi-10.3-2021.10-win32/gcc-arm-none-eabi-10.3-2021.10/bin/../lib/gcc/arm-none-eabi/10.3.1/../../../../arm-none-eabi/lib/thumb/v7e-m/nofp\libg.a(lib_a-gdtoa-gethex.o)
                0x0800ef78                __hexdig
 .rodata.str1.4
                0x0800f078        0x2 f:/work/arm-none-eabi-gcc/gcc-arm-none-eabi-10.3-2021.10-win32/gcc-arm-none-eabi-10.3-2021.10/bin/../lib/gcc/arm-none-eabi/10.3.1/../../../../arm-none-eabi/lib/thumb/v7e-m/nofp\libg.a(lib_a-lnumeric.o)
                                  0x5 (size before relaxing)
 *fill*         0x0800f07a        0x2 
 .rodata._C_numeric_locale
                0x0800f07c        0xc f:/work/arm-none-eabi-gcc/gcc-arm-none-eabi-10.3-2021.10-win32/gcc-arm-none-eabi-10.3-2021.10/bin/../lib/gcc/arm-none-eabi/10.3.1/../../../../arm-none-eabi/lib/thumb/v7e-m/nofp\libg.a(lib_a-lnumeric.o)
                0x0800f07c                _C_numeric_locale
 .rodata._setlocale_r.str1.4
                0x0800f088        0xa f:/work/arm-none-eabi-gcc/gcc-arm-none-eabi-10.3-2021.10-win32/gcc-arm-none-eabi-10.3-2021.10/bin/../lib/gcc/arm-none-eabi/10.3.1/../../../../arm-none-eabi/lib/thumb/v7e-m/nofp\libg.a(lib_a-locale.o)
                                  0xd (size before relaxing)
 .rodata.str1.4
                0x0800f092        0x2 f:/work/arm-none-eabi-gcc/gcc-arm-none-eabi-10.3-2021.10-win32/gcc-arm-none-eabi-10.3-2021.10/bin/../lib/gcc/arm-none-eabi/10.3.1/../../../../arm-none-eabi/lib/thumb/v7e-m/nofp\libg.a(lib_a-locale.o)
 *fill*         0x0800f092        0x2 
 .rodata.__multadd.str1.4
                0x0800f094       0x7f f:/work/arm-none-eabi-gcc/gcc-arm-none-eabi-10.3-2021.10-win32/gcc-arm-none-eabi-10.3-2021.10/bin/../lib/gcc/arm-none-eabi/10.3.1/../../../../arm-none-eabi/lib/thumb/v7e-m/nofp\libg.a(lib_a-mprec.o)
                                 0x93 (size before relaxing)
 *fill*         0x0800f113        0x5 
 .rodata.__mprec_bigtens
                0x0800f118       0x28 f:/work/arm-none-eabi-gcc/gcc-arm-none-eabi-10.3-2021.10-win32/gcc-arm-none-eabi-10.3-2021.10/bin/../lib/gcc/arm-none-eabi/10.3.1/../../../../arm-none-eabi/lib/thumb/v7e-m/nofp\libg.a(lib_a-mprec.o)
                0x0800f118                __mprec_bigtens
 .rodata.__mprec_tens
                0x0800f140       0xc8 f:/work/arm-none-eabi-gcc/gcc-arm-none-eabi-10.3-2021.10-win32/gcc-arm-none-eabi-10.3-2021.10/bin/../lib/gcc/arm-none-eabi/10.3.1/../../../../arm-none-eabi/lib/thumb/v7e-m/nofp\libg.a(lib_a-mprec.o)
                0x0800f140                __mprec_tens
 .rodata.p05.0  0x0800f208        0xc f:/work/arm-none-eabi-gcc/gcc-arm-none-eabi-10.3-2021.10-win32/gcc-arm-none-eabi-10.3-2021.10/bin/../lib/gcc/arm-none-eabi/10.3.1/../../../../arm-none-eabi/lib/thumb/v7e-m/nofp\libg.a(lib_a-mprec.o)
 .rodata._vfiprintf_r.str1.4
                0x0800f214       0x2f f:/work/arm-none-eabi-gcc/gcc-arm-none-eabi-10.3-2021.10-win32/gcc-arm-none-eabi-10.3-2021.10/bin/../lib/gcc/arm-none-eabi/10.3.1/../../../../arm-none-eabi/lib/thumb/v7e-m/nofp\libg.a(lib_a-vfiprintf.o)
 .rodata.blanks.1
                0x0800f214       0x10 f:/work/arm-none-eabi-gcc/gcc-arm-none-eabi-10.3-2021.10-win32/gcc-arm-none-eabi-10.3-2021.10/bin/../lib/gcc/arm-none-eabi/10.3.1/../../../../arm-none-eabi/lib/thumb/v7e-m/nofp\libg.a(lib_a-vfiprintf.o)
 .rodata.zeroes.0
                0x0800f224       0x10 f:/work/arm-none-eabi-gcc/gcc-arm-none-eabi-10.3-2021.10-win32/gcc-arm-none-eabi-10.3-2021.10/bin/../lib/gcc/arm-none-eabi/10.3.1/../../../../arm-none-eabi/lib/thumb/v7e-m/nofp\libg.a(lib_a-vfiprintf.o)
 .rodata.__assert_func.str1.4
                0x0800f234       0x3f f:/work/arm-none-eabi-gcc/gcc-arm-none-eabi-10.3-2021.10-win32/gcc-arm-none-eabi-10.3-2021.10/bin/../lib/gcc/arm-none-eabi/10.3.1/../../../../arm-none-eabi/lib/thumb/v7e-m/nofp\libg.a(lib_a-assert.o)
                                 0x43 (size before relaxing)
                0x0800f274                . = ALIGN (0x4)
 *fill*         0x0800f273        0x1 

.ARM.extab
 *(.ARM.extab* .gnu.linkonce.armextab.*)

.ARM            0x0800f274        0x8
                0x0800f274                __exidx_start = .
 *(.ARM.exidx*)
 .ARM.exidx     0x0800f274        0x8 f:/work/arm-none-eabi-gcc/gcc-arm-none-eabi-10.3-2021.10-win32/gcc-arm-none-eabi-10.3-2021.10/bin/../lib/gcc/arm-none-eabi/10.3.1/thumb/v7e-m/nofp\libgcc.a(_udivmoddi4.o)
                0x0800f27c                __exidx_end = .

.rel.dyn        0x0800f27c        0x0
 .rel.iplt      0x0800f27c        0x0 f:/work/arm-none-eabi-gcc/gcc-arm-none-eabi-10.3-2021.10-win32/gcc-arm-none-eabi-10.3-2021.10/bin/../lib/gcc/arm-none-eabi/10.3.1/thumb/v7e-m/nofp/crtbegin.o

.preinit_array  0x0800f27c        0x0
                0x0800f27c                PROVIDE (__preinit_array_start = .)
 *(.preinit_array*)
                0x0800f27c                PROVIDE (__preinit_array_end = .)

.init_array     0x0800f27c        0x8
                0x0800f27c                PROVIDE (__init_array_start = .)
 *(SORT_BY_NAME(.init_array.*))
 .init_array.00000
                0x0800f27c        0x4 f:/work/arm-none-eabi-gcc/gcc-arm-none-eabi-10.3-2021.10-win32/gcc-arm-none-eabi-10.3-2021.10/bin/../lib/gcc/arm-none-eabi/10.3.1/../../../../arm-none-eabi/lib/thumb/v7e-m/nofp\libg.a(lib_a-__call_atexit.o)
 *(.init_array*)
 .init_array    0x0800f280        0x4 f:/work/arm-none-eabi-gcc/gcc-arm-none-eabi-10.3-2021.10-win32/gcc-arm-none-eabi-10.3-2021.10/bin/../lib/gcc/arm-none-eabi/10.3.1/thumb/v7e-m/nofp/crtbegin.o
                0x0800f284                PROVIDE (__init_array_end = .)

.fini_array     0x0800f284        0x4
                0x0800f284                PROVIDE (__fini_array_start = .)
 *(SORT_BY_NAME(.fini_array.*))
 *(.fini_array*)
 .fini_array    0x0800f284        0x4 f:/work/arm-none-eabi-gcc/gcc-arm-none-eabi-10.3-2021.10-win32/gcc-arm-none-eabi-10.3-2021.10/bin/../lib/gcc/arm-none-eabi/10.3.1/thumb/v7e-m/nofp/crtbegin.o
                0x0800f288                PROVIDE (__fini_array_end = .)
                0x0800f288                _sidata = LOADADDR (.data)

.data           0x24000000      0x9d4 load address 0x0800f288
                0x24000000                . = ALIGN (0x4)
                0x24000000                _sdata = .
 *(.data)
 *(.data*)
 .data.global_hooks
                0x24000000        0xc CMakeFiles/H750_CJSON.elf.dir/Core/Src/cJSON.c.obj
 .data.Printf_Flag
                0x2400000c        0x1 CMakeFiles/H750_CJSON.elf.dir/Core/Src/main.c.obj
                0x2400000c                Printf_Flag
 *fill*         0x2400000d        0x3 
 .data.SystemCoreClock
                0x24000010        0x4 CMakeFiles/H750_CJSON.elf.dir/Core/Src/system_stm32h7xx.c.obj
                0x24000010                SystemCoreClock
 .data.SystemD2Clock
                0x24000014        0x4 CMakeFiles/H750_CJSON.elf.dir/Core/Src/system_stm32h7xx.c.obj
                0x24000014                SystemD2Clock
 .data.uwTickFreq
                0x24000018        0x1 CMakeFiles/H750_CJSON.elf.dir/Drivers/STM32H7xx_HAL_Driver/Src/stm32h7xx_hal.c.obj
                0x24000018                uwTickFreq
 *fill*         0x24000019        0x3 
 .data.uwTickPrio
                0x2400001c        0x4 CMakeFiles/H750_CJSON.elf.dir/Drivers/STM32H7xx_HAL_Driver/Src/stm32h7xx_hal.c.obj
                0x2400001c                uwTickPrio
 .data._impure_ptr
                0x24000020        0x4 f:/work/arm-none-eabi-gcc/gcc-arm-none-eabi-10.3-2021.10-win32/gcc-arm-none-eabi-10.3-2021.10/bin/../lib/gcc/arm-none-eabi/10.3.1/../../../../arm-none-eabi/lib/thumb/v7e-m/nofp\libg.a(lib_a-impure.o)
                0x24000020                _impure_ptr
 *fill*         0x24000024        0x4 
 .data.impure_data
                0x24000028      0x428 f:/work/arm-none-eabi-gcc/gcc-arm-none-eabi-10.3-2021.10-win32/gcc-arm-none-eabi-10.3-2021.10/bin/../lib/gcc/arm-none-eabi/10.3.1/../../../../arm-none-eabi/lib/thumb/v7e-m/nofp\libg.a(lib_a-impure.o)
 .data.__malloc_av_
                0x24000450      0x408 f:/work/arm-none-eabi-gcc/gcc-arm-none-eabi-10.3-2021.10-win32/gcc-arm-none-eabi-10.3-2021.10/bin/../lib/gcc/arm-none-eabi/10.3.1/../../../../arm-none-eabi/lib/thumb/v7e-m/nofp\libg.a(lib_a-mallocr.o)
                0x24000450                __malloc_av_
 .data.__malloc_sbrk_base
                0x24000858        0x4 f:/work/arm-none-eabi-gcc/gcc-arm-none-eabi-10.3-2021.10-win32/gcc-arm-none-eabi-10.3-2021.10/bin/../lib/gcc/arm-none-eabi/10.3.1/../../../../arm-none-eabi/lib/thumb/v7e-m/nofp\libg.a(lib_a-mallocr.o)
                0x24000858                __malloc_sbrk_base
 .data.__malloc_trim_threshold
                0x2400085c        0x4 f:/work/arm-none-eabi-gcc/gcc-arm-none-eabi-10.3-2021.10-win32/gcc-arm-none-eabi-10.3-2021.10/bin/../lib/gcc/arm-none-eabi/10.3.1/../../../../arm-none-eabi/lib/thumb/v7e-m/nofp\libg.a(lib_a-mallocr.o)
                0x2400085c                __malloc_trim_threshold
 .data.__atexit_recursive_mutex
                0x24000860        0x4 f:/work/arm-none-eabi-gcc/gcc-arm-none-eabi-10.3-2021.10-win32/gcc-arm-none-eabi-10.3-2021.10/bin/../lib/gcc/arm-none-eabi/10.3.1/../../../../arm-none-eabi/lib/thumb/v7e-m/nofp\libg.a(lib_a-__call_atexit.o)
                0x24000860                __atexit_recursive_mutex
 .data.numempty
                0x24000864        0x2 f:/work/arm-none-eabi-gcc/gcc-arm-none-eabi-10.3-2021.10-win32/gcc-arm-none-eabi-10.3-2021.10/bin/../lib/gcc/arm-none-eabi/10.3.1/../../../../arm-none-eabi/lib/thumb/v7e-m/nofp\libg.a(lib_a-lnumeric.o)
 *fill*         0x24000866        0x2 
 .data.__global_locale
                0x24000868      0x16c f:/work/arm-none-eabi-gcc/gcc-arm-none-eabi-10.3-2021.10-win32/gcc-arm-none-eabi-10.3-2021.10/bin/../lib/gcc/arm-none-eabi/10.3.1/../../../../arm-none-eabi/lib/thumb/v7e-m/nofp\libg.a(lib_a-locale.o)
                0x24000868                __global_locale
 *(.RamFunc)
 *(.RamFunc*)
                0x240009d4                . = ALIGN (0x4)
                0x240009d4                _edata = .

.igot.plt       0x240009d4        0x0 load address 0x0800fc5c
 .igot.plt      0x240009d4        0x0 f:/work/arm-none-eabi-gcc/gcc-arm-none-eabi-10.3-2021.10-win32/gcc-arm-none-eabi-10.3-2021.10/bin/../lib/gcc/arm-none-eabi/10.3.1/thumb/v7e-m/nofp/crtbegin.o
                0x240009d4                . = ALIGN (0x4)

.bss            0x240009d4      0x384 load address 0x0800fc5c
                0x240009d4                _sbss = .
                0x240009d4                __bss_start__ = _sbss
 *(.bss)
 .bss           0x240009d4       0x1c f:/work/arm-none-eabi-gcc/gcc-arm-none-eabi-10.3-2021.10-win32/gcc-arm-none-eabi-10.3-2021.10/bin/../lib/gcc/arm-none-eabi/10.3.1/thumb/v7e-m/nofp/crtbegin.o
 *(.bss*)
 .bss.cjson_buf
                0x240009f0       0xc8 CMakeFiles/H750_CJSON.elf.dir/Core/Src/SerialDataProcess.c.obj
                0x240009f0                cjson_buf
 .bss.Device_Pixel_Length
                0x24000ab8        0x4 CMakeFiles/H750_CJSON.elf.dir/Core/Src/Store_Information.c.obj
                0x24000ab8                Device_Pixel_Length
 .bss.Manufacturer
                0x24000abc        0x7 CMakeFiles/H750_CJSON.elf.dir/Core/Src/Store_Information.c.obj
                0x24000abc                Manufacturer
 *fill*         0x24000ac3        0x1 
 .bss.Product_Time
                0x24000ac4        0x9 CMakeFiles/H750_CJSON.elf.dir/Core/Src/Store_Information.c.obj
                0x24000ac4                Product_Time
 *fill*         0x24000acd        0x3 
 .bss.pn_number
                0x24000ad0        0xc CMakeFiles/H750_CJSON.elf.dir/Core/Src/Store_Information.c.obj
                0x24000ad0                pn_number
 .bss.sn_number
                0x24000adc        0x9 CMakeFiles/H750_CJSON.elf.dir/Core/Src/Store_Information.c.obj
                0x24000adc                sn_number
 *fill*         0x24000ae5        0x3 
 .bss.global_error
                0x24000ae8        0x8 CMakeFiles/H750_CJSON.elf.dir/Core/Src/cJSON.c.obj
 .bss.Parameters
                0x24000af0       0x1c CMakeFiles/H750_CJSON.elf.dir/Core/Src/cJSON_Test.c.obj
                0x24000af0                Parameters
 .bss.gHuart    0x24000b0c        0x4 CMakeFiles/H750_CJSON.elf.dir/Core/Src/retarget.c.obj
                0x24000b0c                gHuart
 .bss.__sbrk_heap_end
                0x24000b10        0x4 CMakeFiles/H750_CJSON.elf.dir/Core/Src/sysmem.c.obj
 .bss.g_rx_buffer
                0x24000b14        0x1 CMakeFiles/H750_CJSON.elf.dir/Core/Src/usart.c.obj
                0x24000b14                g_rx_buffer
 *fill*         0x24000b15        0x3 
 .bss.g_usart_rx_buf
                0x24000b18       0xc8 CMakeFiles/H750_CJSON.elf.dir/Core/Src/usart.c.obj
                0x24000b18                g_usart_rx_buf
 .bss.g_usart_rx_sta
                0x24000be0        0x2 CMakeFiles/H750_CJSON.elf.dir/Core/Src/usart.c.obj
                0x24000be0                g_usart_rx_sta
 *fill*         0x24000be2        0x2 
 .bss.huart1    0x24000be4       0x94 CMakeFiles/H750_CJSON.elf.dir/Core/Src/usart.c.obj
                0x24000be4                huart1
 .bss.huart3    0x24000c78       0x94 CMakeFiles/H750_CJSON.elf.dir/Core/Src/usart.c.obj
                0x24000c78                huart3
 .bss.uwTick    0x24000d0c        0x4 CMakeFiles/H750_CJSON.elf.dir/Drivers/STM32H7xx_HAL_Driver/Src/stm32h7xx_hal.c.obj
                0x24000d0c                uwTick
 .bss.__malloc_current_mallinfo